<?xml version="1.0" encoding="ISO-8859-1" ?>
<link_info>
   <banner>TI ARM Linker PC v18.1.2.LTS</banner>
   <copyright>Copyright (c) 1996-2017 Texas Instruments Incorporated</copyright>
   <link_time>0x5cc4d6a8</link_time>
   <link_errors>0x0</link_errors>
   <output_file>Final Project.out</output_file>
   <entry_point>
      <name>_c_int00_noargs</name>
      <address>0x62c5</address>
   </entry_point>
   <input_file_list>
      <input_file id="fl-2">
         <path>.\</path>
         <kind>object</kind>
         <file>adc.obj</file>
         <name>adc.obj</name>
      </input_file>
      <input_file id="fl-3">
         <path>.\</path>
         <kind>object</kind>
         <file>button.obj</file>
         <name>button.obj</name>
      </input_file>
      <input_file id="fl-4">
         <path>.\</path>
         <kind>object</kind>
         <file>lcd.obj</file>
         <name>lcd.obj</name>
      </input_file>
      <input_file id="fl-5">
         <path>.\</path>
         <kind>object</kind>
         <file>main.obj</file>
         <name>main.obj</name>
      </input_file>
      <input_file id="fl-6">
         <path>.\</path>
         <kind>object</kind>
         <file>movement.obj</file>
         <name>movement.obj</name>
      </input_file>
      <input_file id="fl-7">
         <path>.\</path>
         <kind>object</kind>
         <file>open_interface.obj</file>
         <name>open_interface.obj</name>
      </input_file>
      <input_file id="fl-8">
         <path>.\</path>
         <kind>object</kind>
         <file>scan.obj</file>
         <name>scan.obj</name>
      </input_file>
      <input_file id="fl-9">
         <path>.\</path>
         <kind>object</kind>
         <file>servo.obj</file>
         <name>servo.obj</name>
      </input_file>
      <input_file id="fl-a">
         <path>.\</path>
         <kind>object</kind>
         <file>timer.obj</file>
         <name>timer.obj</name>
      </input_file>
      <input_file id="fl-b">
         <path>.\</path>
         <kind>object</kind>
         <file>tm4c123gh6pm_startup_ccs.obj</file>
         <name>tm4c123gh6pm_startup_ccs.obj</name>
      </input_file>
      <input_file id="fl-c">
         <path>.\</path>
         <kind>object</kind>
         <file>uart.obj</file>
         <name>uart.obj</name>
      </input_file>
      <input_file id="fl-13">
         <kind>object</kind>
         <file>&lt;internal&gt;</file>
         <name>&lt;internal&gt;</name>
      </input_file>
      <input_file id="fl-14">
         <path>..\</path>
         <kind>archive</kind>
         <file>cyBot_Sonar.lib</file>
         <name>sonar.obj</name>
      </input_file>
      <input_file id="fl-ca">
         <path>C:\ti\ccsv8\tools\compiler\ti-cgt-arm_18.1.2.LTS\lib\</path>
         <kind>archive</kind>
         <file>rtsv7M4_T_le_v4SPD16_eabi.lib</file>
         <name>e_pow.c.obj</name>
      </input_file>
      <input_file id="fl-cb">
         <path>C:\ti\ccsv8\tools\compiler\ti-cgt-arm_18.1.2.LTS\lib\</path>
         <kind>archive</kind>
         <file>rtsv7M4_T_le_v4SPD16_eabi.lib</file>
         <name>e_sqrt.c.obj</name>
      </input_file>
      <input_file id="fl-cc">
         <path>C:\ti\ccsv8\tools\compiler\ti-cgt-arm_18.1.2.LTS\lib\</path>
         <kind>archive</kind>
         <file>rtsv7M4_T_le_v4SPD16_eabi.lib</file>
         <name>s_cos.c.obj</name>
      </input_file>
      <input_file id="fl-cd">
         <path>C:\ti\ccsv8\tools\compiler\ti-cgt-arm_18.1.2.LTS\lib\</path>
         <kind>archive</kind>
         <file>rtsv7M4_T_le_v4SPD16_eabi.lib</file>
         <name>s_scalbn.c.obj</name>
      </input_file>
      <input_file id="fl-ce">
         <path>C:\ti\ccsv8\tools\compiler\ti-cgt-arm_18.1.2.LTS\lib\</path>
         <kind>archive</kind>
         <file>rtsv7M4_T_le_v4SPD16_eabi.lib</file>
         <name>s_copysign.c.obj</name>
      </input_file>
      <input_file id="fl-cf">
         <path>C:\ti\ccsv8\tools\compiler\ti-cgt-arm_18.1.2.LTS\lib\</path>
         <kind>archive</kind>
         <file>rtsv7M4_T_le_v4SPD16_eabi.lib</file>
         <name>memset_t2.asm.obj</name>
      </input_file>
      <input_file id="fl-d0">
         <path>C:\ti\ccsv8\tools\compiler\ti-cgt-arm_18.1.2.LTS\lib\</path>
         <kind>archive</kind>
         <file>rtsv7M4_T_le_v4SPD16_eabi.lib</file>
         <name>fd_add_t2.asm.obj</name>
      </input_file>
      <input_file id="fl-d1">
         <path>C:\ti\ccsv8\tools\compiler\ti-cgt-arm_18.1.2.LTS\lib\</path>
         <kind>archive</kind>
         <file>rtsv7M4_T_le_v4SPD16_eabi.lib</file>
         <name>fd_cmp_t2.asm.obj</name>
      </input_file>
      <input_file id="fl-d2">
         <path>C:\ti\ccsv8\tools\compiler\ti-cgt-arm_18.1.2.LTS\lib\</path>
         <kind>archive</kind>
         <file>rtsv7M4_T_le_v4SPD16_eabi.lib</file>
         <name>fd_div_t2.asm.obj</name>
      </input_file>
      <input_file id="fl-d3">
         <path>C:\ti\ccsv8\tools\compiler\ti-cgt-arm_18.1.2.LTS\lib\</path>
         <kind>archive</kind>
         <file>rtsv7M4_T_le_v4SPD16_eabi.lib</file>
         <name>fd_mul_t2.asm.obj</name>
      </input_file>
      <input_file id="fl-d4">
         <path>C:\ti\ccsv8\tools\compiler\ti-cgt-arm_18.1.2.LTS\lib\</path>
         <kind>archive</kind>
         <file>rtsv7M4_T_le_v4SPD16_eabi.lib</file>
         <name>fd_toi_t2.asm.obj</name>
      </input_file>
      <input_file id="fl-d5">
         <path>C:\ti\ccsv8\tools\compiler\ti-cgt-arm_18.1.2.LTS\lib\</path>
         <kind>archive</kind>
         <file>rtsv7M4_T_le_v4SPD16_eabi.lib</file>
         <name>fd_tou_t2.asm.obj</name>
      </input_file>
      <input_file id="fl-d6">
         <path>C:\ti\ccsv8\tools\compiler\ti-cgt-arm_18.1.2.LTS\lib\</path>
         <kind>archive</kind>
         <file>rtsv7M4_T_le_v4SPD16_eabi.lib</file>
         <name>i_tofd_t2.asm.obj</name>
      </input_file>
      <input_file id="fl-d7">
         <path>C:\ti\ccsv8\tools\compiler\ti-cgt-arm_18.1.2.LTS\lib\</path>
         <kind>archive</kind>
         <file>rtsv7M4_T_le_v4SPD16_eabi.lib</file>
         <name>memcpy_t2.asm.obj</name>
      </input_file>
      <input_file id="fl-d8">
         <path>C:\ti\ccsv8\tools\compiler\ti-cgt-arm_18.1.2.LTS\lib\</path>
         <kind>archive</kind>
         <file>rtsv7M4_T_le_v4SPD16_eabi.lib</file>
         <name>u_tofd_t2.asm.obj</name>
      </input_file>
      <input_file id="fl-d9">
         <path>C:\ti\ccsv8\tools\compiler\ti-cgt-arm_18.1.2.LTS\lib\</path>
         <kind>archive</kind>
         <file>rtsv7M4_T_le_v4SPD16_eabi.lib</file>
         <name>copy_zero_init.c.obj</name>
      </input_file>
      <input_file id="fl-da">
         <path>C:\ti\ccsv8\tools\compiler\ti-cgt-arm_18.1.2.LTS\lib\</path>
         <kind>archive</kind>
         <file>rtsv7M4_T_le_v4SPD16_eabi.lib</file>
         <name>copy_decompress_none.c.obj</name>
      </input_file>
      <input_file id="fl-db">
         <path>C:\ti\ccsv8\tools\compiler\ti-cgt-arm_18.1.2.LTS\lib\</path>
         <kind>archive</kind>
         <file>rtsv7M4_T_le_v4SPD16_eabi.lib</file>
         <name>copy_decompress_lzss.c.obj</name>
      </input_file>
      <input_file id="fl-dc">
         <path>C:\ti\ccsv8\tools\compiler\ti-cgt-arm_18.1.2.LTS\lib\</path>
         <kind>archive</kind>
         <file>rtsv7M4_T_le_v4SPD16_eabi.lib</file>
         <name>boot_cortex_m.c.obj</name>
      </input_file>
      <input_file id="fl-dd">
         <path>C:\ti\ccsv8\tools\compiler\ti-cgt-arm_18.1.2.LTS\lib\</path>
         <kind>archive</kind>
         <file>rtsv7M4_T_le_v4SPD16_eabi.lib</file>
         <name>errno.c.obj</name>
      </input_file>
      <input_file id="fl-de">
         <path>C:\ti\ccsv8\tools\compiler\ti-cgt-arm_18.1.2.LTS\lib\</path>
         <kind>archive</kind>
         <file>rtsv7M4_T_le_v4SPD16_eabi.lib</file>
         <name>exit.c.obj</name>
      </input_file>
      <input_file id="fl-df">
         <path>C:\ti\ccsv8\tools\compiler\ti-cgt-arm_18.1.2.LTS\lib\</path>
         <kind>archive</kind>
         <file>rtsv7M4_T_le_v4SPD16_eabi.lib</file>
         <name>memory.c.obj</name>
      </input_file>
      <input_file id="fl-e0">
         <path>C:\ti\ccsv8\tools\compiler\ti-cgt-arm_18.1.2.LTS\lib\</path>
         <kind>archive</kind>
         <file>rtsv7M4_T_le_v4SPD16_eabi.lib</file>
         <name>_lock.c.obj</name>
      </input_file>
      <input_file id="fl-e1">
         <path>C:\ti\ccsv8\tools\compiler\ti-cgt-arm_18.1.2.LTS\lib\</path>
         <kind>archive</kind>
         <file>rtsv7M4_T_le_v4SPD16_eabi.lib</file>
         <name>args_main.c.obj</name>
      </input_file>
      <input_file id="fl-e2">
         <path>C:\ti\ccsv8\tools\compiler\ti-cgt-arm_18.1.2.LTS\lib\</path>
         <kind>archive</kind>
         <file>rtsv7M4_T_le_v4SPD16_eabi.lib</file>
         <name>sprintf.c.obj</name>
      </input_file>
      <input_file id="fl-e3">
         <path>C:\ti\ccsv8\tools\compiler\ti-cgt-arm_18.1.2.LTS\lib\</path>
         <kind>archive</kind>
         <file>rtsv7M4_T_le_v4SPD16_eabi.lib</file>
         <name>strcmp.c.obj</name>
      </input_file>
      <input_file id="fl-e4">
         <path>C:\ti\ccsv8\tools\compiler\ti-cgt-arm_18.1.2.LTS\lib\</path>
         <kind>archive</kind>
         <file>rtsv7M4_T_le_v4SPD16_eabi.lib</file>
         <name>strcpy.c.obj</name>
      </input_file>
      <input_file id="fl-e5">
         <path>C:\ti\ccsv8\tools\compiler\ti-cgt-arm_18.1.2.LTS\lib\</path>
         <kind>archive</kind>
         <file>rtsv7M4_T_le_v4SPD16_eabi.lib</file>
         <name>strlen.c.obj</name>
      </input_file>
      <input_file id="fl-e6">
         <path>C:\ti\ccsv8\tools\compiler\ti-cgt-arm_18.1.2.LTS\lib\</path>
         <kind>archive</kind>
         <file>rtsv7M4_T_le_v4SPD16_eabi.lib</file>
         <name>vsnprintf.c.obj</name>
      </input_file>
      <input_file id="fl-e7">
         <path>C:\ti\ccsv8\tools\compiler\ti-cgt-arm_18.1.2.LTS\lib\</path>
         <kind>archive</kind>
         <file>rtsv7M4_T_le_v4SPD16_eabi.lib</file>
         <name>k_rem_pio2.c.obj</name>
      </input_file>
      <input_file id="fl-e8">
         <path>C:\ti\ccsv8\tools\compiler\ti-cgt-arm_18.1.2.LTS\lib\</path>
         <kind>archive</kind>
         <file>rtsv7M4_T_le_v4SPD16_eabi.lib</file>
         <name>k_cos.c.obj</name>
      </input_file>
      <input_file id="fl-e9">
         <path>C:\ti\ccsv8\tools\compiler\ti-cgt-arm_18.1.2.LTS\lib\</path>
         <kind>archive</kind>
         <file>rtsv7M4_T_le_v4SPD16_eabi.lib</file>
         <name>k_sin.c.obj</name>
      </input_file>
      <input_file id="fl-ea">
         <path>C:\ti\ccsv8\tools\compiler\ti-cgt-arm_18.1.2.LTS\lib\</path>
         <kind>archive</kind>
         <file>rtsv7M4_T_le_v4SPD16_eabi.lib</file>
         <name>s_floor.c.obj</name>
      </input_file>
      <input_file id="fl-eb">
         <path>C:\ti\ccsv8\tools\compiler\ti-cgt-arm_18.1.2.LTS\lib\</path>
         <kind>archive</kind>
         <file>rtsv7M4_T_le_v4SPD16_eabi.lib</file>
         <name>autoinit.c.obj</name>
      </input_file>
      <input_file id="fl-ec">
         <path>C:\ti\ccsv8\tools\compiler\ti-cgt-arm_18.1.2.LTS\lib\</path>
         <kind>archive</kind>
         <file>rtsv7M4_T_le_v4SPD16_eabi.lib</file>
         <name>pre_init.c.obj</name>
      </input_file>
      <input_file id="fl-ed">
         <path>C:\ti\ccsv8\tools\compiler\ti-cgt-arm_18.1.2.LTS\lib\</path>
         <kind>archive</kind>
         <file>rtsv7M4_T_le_v4SPD16_eabi.lib</file>
         <name>cpy_tbl.c.obj</name>
      </input_file>
      <input_file id="fl-ee">
         <path>C:\ti\ccsv8\tools\compiler\ti-cgt-arm_18.1.2.LTS\lib\</path>
         <kind>archive</kind>
         <file>rtsv7M4_T_le_v4SPD16_eabi.lib</file>
         <name>_printfi.c.obj</name>
      </input_file>
      <input_file id="fl-ef">
         <path>C:\ti\ccsv8\tools\compiler\ti-cgt-arm_18.1.2.LTS\lib\</path>
         <kind>archive</kind>
         <file>rtsv7M4_T_le_v4SPD16_eabi.lib</file>
         <name>atoi.c.obj</name>
      </input_file>
      <input_file id="fl-f0">
         <path>C:\ti\ccsv8\tools\compiler\ti-cgt-arm_18.1.2.LTS\lib\</path>
         <kind>archive</kind>
         <file>rtsv7M4_T_le_v4SPD16_eabi.lib</file>
         <name>ctype.c.obj</name>
      </input_file>
      <input_file id="fl-f1">
         <path>C:\ti\ccsv8\tools\compiler\ti-cgt-arm_18.1.2.LTS\lib\</path>
         <kind>archive</kind>
         <file>rtsv7M4_T_le_v4SPD16_eabi.lib</file>
         <name>ltoa.c.obj</name>
      </input_file>
      <input_file id="fl-f2">
         <path>C:\ti\ccsv8\tools\compiler\ti-cgt-arm_18.1.2.LTS\lib\</path>
         <kind>archive</kind>
         <file>rtsv7M4_T_le_v4SPD16_eabi.lib</file>
         <name>memccpy.c.obj</name>
      </input_file>
      <input_file id="fl-f3">
         <path>C:\ti\ccsv8\tools\compiler\ti-cgt-arm_18.1.2.LTS\lib\</path>
         <kind>archive</kind>
         <file>rtsv7M4_T_le_v4SPD16_eabi.lib</file>
         <name>strchr.c.obj</name>
      </input_file>
      <input_file id="fl-f4">
         <path>C:\ti\ccsv8\tools\compiler\ti-cgt-arm_18.1.2.LTS\lib\</path>
         <kind>archive</kind>
         <file>rtsv7M4_T_le_v4SPD16_eabi.lib</file>
         <name>s_frexp.c.obj</name>
      </input_file>
      <input_file id="fl-f5">
         <path>C:\ti\ccsv8\tools\compiler\ti-cgt-arm_18.1.2.LTS\lib\</path>
         <kind>archive</kind>
         <file>rtsv7M4_T_le_v4SPD16_eabi.lib</file>
         <name>wcslen.c.obj</name>
      </input_file>
      <input_file id="fl-f6">
         <path>C:\ti\ccsv8\tools\compiler\ti-cgt-arm_18.1.2.LTS\lib\</path>
         <kind>archive</kind>
         <file>rtsv7M4_T_le_v4SPD16_eabi.lib</file>
         <name>ull_div_t2.asm.obj</name>
      </input_file>
      <input_file id="fl-f7">
         <path>C:\ti\ccsv8\tools\compiler\ti-cgt-arm_18.1.2.LTS\lib\</path>
         <kind>archive</kind>
         <file>rtsv7M4_T_le_v4SPD16_eabi.lib</file>
         <name>div0.asm.obj</name>
      </input_file>
      <input_file id="fl-f8">
         <path>C:\ti\TivaWare_C_Series-2.1.4.178\driverlib\ccs\Debug\</path>
         <kind>archive</kind>
         <file>driverlib.lib</file>
         <name>interrupt.obj</name>
      </input_file>
      <input_file id="fl-f9">
         <path>C:\ti\TivaWare_C_Series-2.1.4.178\driverlib\ccs\Debug\</path>
         <kind>archive</kind>
         <file>driverlib.lib</file>
         <name>cpu.obj</name>
      </input_file>
   </input_file_list>
   <object_component_list>
      <object_component id="oc-f">
         <name>.intvecs</name>
         <load_address>0x0</load_address>
         <run_address>0x0</run_address>
         <size>0x26c</size>
         <input_file_ref idref="fl-b"/>
      </object_component>
      <object_component id="oc-f1">
         <name>.text</name>
         <load_address>0x26c</load_address>
         <run_address>0x26c</run_address>
         <size>0xa9c</size>
         <input_file_ref idref="fl-7"/>
      </object_component>
      <object_component id="oc-1e0">
         <name>.text:__TI_printfi</name>
         <load_address>0xd08</load_address>
         <run_address>0xd08</run_address>
         <size>0xa5e</size>
         <input_file_ref idref="fl-ee"/>
      </object_component>
      <object_component id="oc-33b">
         <name>.text:_nop</name>
         <load_address>0x1766</load_address>
         <run_address>0x1766</run_address>
         <size>0x2</size>
         <input_file_ref idref="fl-e0"/>
      </object_component>
      <object_component id="oc-1f6">
         <name>.text:pow</name>
         <load_address>0x1768</load_address>
         <run_address>0x1768</run_address>
         <size>0x9c0</size>
         <input_file_ref idref="fl-ca"/>
      </object_component>
      <object_component id="oc-329">
         <name>.text:__kernel_rem_pio2</name>
         <load_address>0x2128</load_address>
         <run_address>0x2128</run_address>
         <size>0x738</size>
         <input_file_ref idref="fl-e7"/>
      </object_component>
      <object_component id="oc-103">
         <name>.text</name>
         <load_address>0x2860</load_address>
         <run_address>0x2860</run_address>
         <size>0x6d8</size>
         <input_file_ref idref="fl-8"/>
      </object_component>
      <object_component id="oc-214">
         <name>.text:cos</name>
         <load_address>0x2f38</load_address>
         <run_address>0x2f38</run_address>
         <size>0x5dc</size>
         <input_file_ref idref="fl-cc"/>
      </object_component>
      <object_component id="oc-9f">
         <name>.text</name>
         <load_address>0x3514</load_address>
         <run_address>0x3514</run_address>
         <size>0x464</size>
         <input_file_ref idref="fl-5"/>
      </object_component>
      <object_component id="oc-fd">
         <name>.text</name>
         <load_address>0x3978</load_address>
         <run_address>0x3978</run_address>
         <size>0x40a</size>
         <input_file_ref idref="fl-6"/>
      </object_component>
      <object_component id="oc-400">
         <name>.text</name>
         <load_address>0x3d82</load_address>
         <run_address>0x3d82</run_address>
         <size>0x2</size>
         <input_file_ref idref="fl-f7"/>
      </object_component>
      <object_component id="oc-eb">
         <name>.text</name>
         <load_address>0x3d84</load_address>
         <run_address>0x3d84</run_address>
         <size>0x408</size>
         <input_file_ref idref="fl-4"/>
      </object_component>
      <object_component id="oc-2df">
         <name>.text:_pconv_a</name>
         <load_address>0x418c</load_address>
         <run_address>0x418c</run_address>
         <size>0x270</size>
         <input_file_ref idref="fl-ee"/>
      </object_component>
      <object_component id="oc-df">
         <name>.text</name>
         <load_address>0x43fc</load_address>
         <run_address>0x43fc</run_address>
         <size>0x240</size>
         <input_file_ref idref="fl-14"/>
      </object_component>
      <object_component id="oc-2cd">
         <name>.text:_pconv_g</name>
         <load_address>0x463c</load_address>
         <run_address>0x463c</run_address>
         <size>0x1d0</size>
         <input_file_ref idref="fl-ee"/>
      </object_component>
      <object_component id="oc-15c">
         <name>.text</name>
         <load_address>0x480c</load_address>
         <run_address>0x480c</run_address>
         <size>0x1b6</size>
         <input_file_ref idref="fl-d0"/>
      </object_component>
      <object_component id="oc-32f">
         <name>.text:__kernel_sin</name>
         <load_address>0x49c4</load_address>
         <run_address>0x49c4</run_address>
         <size>0x174</size>
         <input_file_ref idref="fl-e9"/>
      </object_component>
      <object_component id="oc-323">
         <name>.text:__kernel_cos</name>
         <load_address>0x4b38</load_address>
         <run_address>0x4b38</run_address>
         <size>0x16c</size>
         <input_file_ref idref="fl-e8"/>
      </object_component>
      <object_component id="oc-e5">
         <name>.text</name>
         <load_address>0x4ca4</load_address>
         <run_address>0x4ca4</run_address>
         <size>0x168</size>
         <input_file_ref idref="fl-c"/>
      </object_component>
      <object_component id="oc-21a">
         <name>.text:sqrt</name>
         <load_address>0x4e0c</load_address>
         <run_address>0x4e0c</run_address>
         <size>0x158</size>
         <input_file_ref idref="fl-cb"/>
      </object_component>
      <object_component id="oc-17e">
         <name>.text</name>
         <load_address>0x4f64</load_address>
         <run_address>0x4f64</run_address>
         <size>0x158</size>
         <input_file_ref idref="fl-a"/>
      </object_component>
      <object_component id="oc-2d9">
         <name>.text:_pconv_e</name>
         <load_address>0x50bc</load_address>
         <run_address>0x50bc</run_address>
         <size>0x13c</size>
         <input_file_ref idref="fl-ee"/>
      </object_component>
      <object_component id="oc-d9">
         <name>.text</name>
         <load_address>0x51f8</load_address>
         <run_address>0x51f8</run_address>
         <size>0x13c</size>
         <input_file_ref idref="fl-2"/>
      </object_component>
      <object_component id="oc-16c">
         <name>.text</name>
         <load_address>0x5334</load_address>
         <run_address>0x5334</run_address>
         <size>0x136</size>
         <input_file_ref idref="fl-d2"/>
      </object_component>
      <object_component id="oc-d3">
         <name>.text</name>
         <load_address>0x546c</load_address>
         <run_address>0x546c</run_address>
         <size>0x128</size>
         <input_file_ref idref="fl-9"/>
      </object_component>
      <object_component id="oc-38d">
         <name>.text:fcvt</name>
         <load_address>0x5594</load_address>
         <run_address>0x5594</run_address>
         <size>0x120</size>
         <input_file_ref idref="fl-ee"/>
      </object_component>
      <object_component id="oc-30c">
         <name>.text:scalbn</name>
         <load_address>0x56b4</load_address>
         <run_address>0x56b4</run_address>
         <size>0x110</size>
         <input_file_ref idref="fl-cd"/>
      </object_component>
      <object_component id="oc-157">
         <name>.text</name>
         <load_address>0x57c4</load_address>
         <run_address>0x57c4</run_address>
         <size>0xfc</size>
         <input_file_ref idref="fl-d3"/>
      </object_component>
      <object_component id="oc-3da">
         <name>.text:floor</name>
         <load_address>0x58c0</load_address>
         <run_address>0x58c0</run_address>
         <size>0xf8</size>
         <input_file_ref idref="fl-ea"/>
      </object_component>
      <object_component id="oc-1c7">
         <name>.text:free</name>
         <load_address>0x59b8</load_address>
         <run_address>0x59b8</run_address>
         <size>0xd8</size>
         <input_file_ref idref="fl-df"/>
      </object_component>
      <object_component id="oc-2c7">
         <name>.text:_ltostr</name>
         <load_address>0x5a90</load_address>
         <run_address>0x5a90</run_address>
         <size>0xb1</size>
         <input_file_ref idref="fl-ee"/>
      </object_component>
      <object_component id="oc-3b">
         <name>.text</name>
         <load_address>0x5b42</load_address>
         <run_address>0x5b42</run_address>
         <size>0x9c</size>
         <input_file_ref idref="fl-d7"/>
      </object_component>
      <object_component id="oc-374">
         <name>.text</name>
         <load_address>0x5bde</load_address>
         <run_address>0x5bde</run_address>
         <size>0x96</size>
         <input_file_ref idref="fl-f6"/>
      </object_component>
      <object_component id="oc-1fc">
         <name>.text:__aeabi_cdcmple</name>
         <load_address>0x5c74</load_address>
         <run_address>0x5c74</run_address>
         <size>0x86</size>
         <input_file_ref idref="fl-d1"/>
      </object_component>
      <object_component id="oc-204">
         <name>.text:__aeabi_cdrcmple</name>
         <load_address>0x5cfa</load_address>
         <run_address>0x5cfa</run_address>
         <size>0x86</size>
         <input_file_ref idref="fl-d1"/>
      </object_component>
      <object_component id="oc-93">
         <name>.text</name>
         <load_address>0x5d80</load_address>
         <run_address>0x5d80</run_address>
         <size>0x7a</size>
         <input_file_ref idref="fl-cf"/>
      </object_component>
      <object_component id="oc-29f">
         <name>.text:malloc</name>
         <load_address>0x5dfc</load_address>
         <run_address>0x5dfc</run_address>
         <size>0x78</size>
         <input_file_ref idref="fl-df"/>
      </object_component>
      <object_component id="oc-386">
         <name>.text:_mcpy</name>
         <load_address>0x5e74</load_address>
         <run_address>0x5e74</run_address>
         <size>0x6e</size>
         <input_file_ref idref="fl-ee"/>
      </object_component>
      <object_component id="oc-12">
         <name>.text:decompress:lzss:__TI_decompress_lzss</name>
         <load_address>0x5ee2</load_address>
         <run_address>0x5ee2</run_address>
         <size>0x68</size>
         <input_file_ref idref="fl-db"/>
      </object_component>
      <object_component id="oc-39b">
         <name>.text:frexp</name>
         <load_address>0x5f4c</load_address>
         <run_address>0x5f4c</run_address>
         <size>0x64</size>
         <input_file_ref idref="fl-f4"/>
      </object_component>
      <object_component id="oc-2d3">
         <name>.text:_pconv_f</name>
         <load_address>0x5fb0</load_address>
         <run_address>0x5fb0</run_address>
         <size>0x56</size>
         <input_file_ref idref="fl-ee"/>
      </object_component>
      <object_component id="oc-37a">
         <name>.text:ltoa</name>
         <load_address>0x6006</load_address>
         <run_address>0x6006</run_address>
         <size>0x54</size>
         <input_file_ref idref="fl-f1"/>
      </object_component>
      <object_component id="oc-380">
         <name>.text:_ecpy</name>
         <load_address>0x605a</load_address>
         <run_address>0x605a</run_address>
         <size>0x52</size>
         <input_file_ref idref="fl-ee"/>
      </object_component>
      <object_component id="oc-2c1">
         <name>.text:atoi</name>
         <load_address>0x60ac</load_address>
         <run_address>0x60ac</run_address>
         <size>0x4c</size>
         <input_file_ref idref="fl-ef"/>
      </object_component>
      <object_component id="oc-1d4">
         <name>.text</name>
         <load_address>0x60f8</load_address>
         <run_address>0x60f8</run_address>
         <size>0x48</size>
         <input_file_ref idref="fl-d4"/>
      </object_component>
      <object_component id="oc-123">
         <name>.text:__TI_auto_init_nobinit_nopinit:__TI_auto_init_nobinit_nopinit</name>
         <load_address>0x6140</load_address>
         <run_address>0x6140</run_address>
         <size>0x44</size>
         <input_file_ref idref="fl-eb"/>
      </object_component>
      <object_component id="oc-161">
         <name>.text</name>
         <load_address>0x6184</load_address>
         <run_address>0x6184</run_address>
         <size>0x44</size>
         <input_file_ref idref="fl-d5"/>
      </object_component>
      <object_component id="oc-f7">
         <name>.text:sprintf</name>
         <load_address>0x61c8</load_address>
         <run_address>0x61c8</run_address>
         <size>0x40</size>
         <input_file_ref idref="fl-e2"/>
      </object_component>
      <object_component id="oc-19f">
         <name>.text:vsnprintf</name>
         <load_address>0x6208</load_address>
         <run_address>0x6208</run_address>
         <size>0x40</size>
         <input_file_ref idref="fl-e6"/>
      </object_component>
      <object_component id="oc-393">
         <name>.text:_fcpy</name>
         <load_address>0x6248</load_address>
         <run_address>0x6248</run_address>
         <size>0x3e</size>
         <input_file_ref idref="fl-ee"/>
      </object_component>
      <object_component id="oc-2b2">
         <name>.text:minsert</name>
         <load_address>0x6288</load_address>
         <run_address>0x6288</run_address>
         <size>0x3c</size>
         <input_file_ref idref="fl-df"/>
      </object_component>
      <object_component id="oc-59">
         <name>.text:_c_int00_noargs:_c_int00_noargs</name>
         <load_address>0x62c4</load_address>
         <run_address>0x62c4</run_address>
         <size>0x38</size>
         <input_file_ref idref="fl-dc"/>
      </object_component>
      <object_component id="oc-2a6">
         <name>.text:minit</name>
         <load_address>0x62fc</load_address>
         <run_address>0x62fc</run_address>
         <size>0x38</size>
         <input_file_ref idref="fl-df"/>
      </object_component>
      <object_component id="oc-172">
         <name>.text:IntRegister</name>
         <load_address>0x6334</load_address>
         <run_address>0x6334</run_address>
         <size>0x34</size>
         <input_file_ref idref="fl-f8"/>
      </object_component>
      <object_component id="oc-27a">
         <name>.text:_outs</name>
         <load_address>0x6368</load_address>
         <run_address>0x6368</run_address>
         <size>0x30</size>
         <input_file_ref idref="fl-e6"/>
      </object_component>
      <object_component id="oc-167">
         <name>.text</name>
         <load_address>0x6398</load_address>
         <run_address>0x6398</run_address>
         <size>0x2e</size>
         <input_file_ref idref="fl-d6"/>
      </object_component>
      <object_component id="oc-1c1">
         <name>.text:calloc</name>
         <load_address>0x63c6</load_address>
         <run_address>0x63c6</run_address>
         <size>0x2a</size>
         <input_file_ref idref="fl-df"/>
      </object_component>
      <object_component id="oc-2ac">
         <name>.text:mremove</name>
         <load_address>0x63f0</load_address>
         <run_address>0x63f0</run_address>
         <size>0x28</size>
         <input_file_ref idref="fl-df"/>
      </object_component>
      <object_component id="oc-184">
         <name>.text</name>
         <load_address>0x6418</load_address>
         <run_address>0x6418</run_address>
         <size>0x20</size>
         <input_file_ref idref="fl-d8"/>
      </object_component>
      <object_component id="oc-2e5">
         <name>.text:memccpy</name>
         <load_address>0x6438</load_address>
         <run_address>0x6438</run_address>
         <size>0x1c</size>
         <input_file_ref idref="fl-f2"/>
      </object_component>
      <object_component id="oc-280">
         <name>.text:_outc</name>
         <load_address>0x6454</load_address>
         <run_address>0x6454</run_address>
         <size>0x18</size>
         <input_file_ref idref="fl-e6"/>
      </object_component>
      <object_component id="oc-1e6">
         <name>.text:_outs</name>
         <load_address>0x646c</load_address>
         <run_address>0x646c</run_address>
         <size>0x18</size>
         <input_file_ref idref="fl-e2"/>
      </object_component>
      <object_component id="oc-1cd">
         <name>.text:oi_parseInt</name>
         <load_address>0x6484</load_address>
         <run_address>0x6484</run_address>
         <size>0x18</size>
         <input_file_ref idref="fl-7"/>
      </object_component>
      <object_component id="oc-1a5">
         <name>.text:strcmp</name>
         <load_address>0x649c</load_address>
         <run_address>0x649c</run_address>
         <size>0x18</size>
         <input_file_ref idref="fl-e3"/>
      </object_component>
      <object_component id="oc-3a1">
         <name>.text:strchr</name>
         <load_address>0x64b4</load_address>
         <run_address>0x64b4</run_address>
         <size>0x16</size>
         <input_file_ref idref="fl-f3"/>
      </object_component>
      <object_component id="oc-3c4">
         <name>.text:copysign</name>
         <load_address>0x64ca</load_address>
         <run_address>0x64ca</run_address>
         <size>0x14</size>
         <input_file_ref idref="fl-ce"/>
      </object_component>
      <object_component id="oc-1ab">
         <name>.text:strcpy</name>
         <load_address>0x64de</load_address>
         <run_address>0x64de</run_address>
         <size>0x14</size>
         <input_file_ref idref="fl-e4"/>
      </object_component>
      <object_component id="oc-1b1">
         <name>.text:strlen</name>
         <load_address>0x64f2</load_address>
         <run_address>0x64f2</run_address>
         <size>0x14</size>
         <input_file_ref idref="fl-e5"/>
      </object_component>
      <object_component id="oc-2eb">
         <name>.text:wcslen</name>
         <load_address>0x6506</load_address>
         <run_address>0x6506</run_address>
         <size>0x12</size>
         <input_file_ref idref="fl-f5"/>
      </object_component>
      <object_component id="oc-178">
         <name>.text:IntMasterEnable</name>
         <load_address>0x6518</load_address>
         <run_address>0x6518</run_address>
         <size>0x10</size>
         <input_file_ref idref="fl-f8"/>
      </object_component>
      <object_component id="oc-198">
         <name>.text:lcd_clear</name>
         <load_address>0x6528</load_address>
         <run_address>0x6528</run_address>
         <size>0x10</size>
         <input_file_ref idref="fl-4"/>
      </object_component>
      <object_component id="oc-18">
         <name>.text:decompress:none:__TI_decompress_none</name>
         <load_address>0x6538</load_address>
         <run_address>0x6538</run_address>
         <size>0xe</size>
         <input_file_ref idref="fl-da"/>
      </object_component>
      <object_component id="oc-262">
         <name>.text:CPUcpsie</name>
         <load_address>0x6546</load_address>
         <run_address>0x6546</run_address>
         <size>0xc</size>
         <input_file_ref idref="fl-f9"/>
      </object_component>
      <object_component id="oc-4d">
         <name>.text:decompress:ZI:__TI_zero_init</name>
         <load_address>0x6552</load_address>
         <run_address>0x6552</run_address>
         <size>0xc</size>
         <input_file_ref idref="fl-d9"/>
      </object_component>
      <object_component id="oc-27">
         <name>.text</name>
         <load_address>0x655e</load_address>
         <run_address>0x655e</run_address>
         <size>0xc</size>
         <input_file_ref idref="fl-b"/>
      </object_component>
      <object_component id="oc-1ec">
         <name>.text:_outc</name>
         <load_address>0x656a</load_address>
         <run_address>0x656a</run_address>
         <size>0xa</size>
         <input_file_ref idref="fl-e2"/>
      </object_component>
      <object_component id="oc-2f1">
         <name>.text:__aeabi_errno_addr</name>
         <load_address>0x6574</load_address>
         <run_address>0x6574</run_address>
         <size>0x8</size>
         <input_file_ref idref="fl-dd"/>
      </object_component>
      <object_component id="oc-99">
         <name>.text:_system_pre_init</name>
         <load_address>0x657c</load_address>
         <run_address>0x657c</run_address>
         <size>0x4</size>
         <input_file_ref idref="fl-ec"/>
      </object_component>
      <object_component id="oc-117">
         <name>.text:abort:abort</name>
         <load_address>0x6580</load_address>
         <run_address>0x6580</run_address>
         <size>0x4</size>
         <input_file_ref idref="fl-de"/>
      </object_component>
      <object_component id="oc-3e0">
         <name>.const:$O1$$</name>
         <load_address>0x6588</load_address>
         <run_address>0x6588</run_address>
         <size>0x158</size>
         <input_file_ref idref="fl-e7"/>
      </object_component>
      <object_component id="oc-36f">
         <name>.const:.string:_ctypes_</name>
         <load_address>0x66e0</load_address>
         <run_address>0x66e0</run_address>
         <size>0x101</size>
         <input_file_ref idref="fl-f0"/>
      </object_component>
      <object_component id="oc-1b7">
         <name>.const:.string:lineAddress$1</name>
         <load_address>0x67e1</load_address>
         <run_address>0x67e1</run_address>
         <size>0x4</size>
         <input_file_ref idref="fl-4"/>
      </object_component>
      <object_component id="oc-309">
         <name>.const:$O1$$</name>
         <load_address>0x67e8</load_address>
         <run_address>0x67e8</run_address>
         <size>0x30</size>
         <input_file_ref idref="fl-ca"/>
      </object_component>
      <object_component id="oc-112">
         <name>.const:.string:$P$T3$4</name>
         <load_address>0x6818</load_address>
         <run_address>0x6818</run_address>
         <size>0x24</size>
         <input_file_ref idref="fl-5"/>
      </object_component>
      <object_component id="oc-10f">
         <name>.const:.string:$P$T2$3</name>
         <load_address>0x683c</load_address>
         <run_address>0x683c</run_address>
         <size>0x1f</size>
         <input_file_ref idref="fl-5"/>
      </object_component>
      <object_component id="oc-10c">
         <name>.const:.string:$P$T1$2</name>
         <load_address>0x685b</load_address>
         <run_address>0x685b</run_address>
         <size>0x13</size>
         <input_file_ref idref="fl-5"/>
      </object_component>
      <object_component id="oc-109">
         <name>.const:.string:$P$T0$1</name>
         <load_address>0x686e</load_address>
         <run_address>0x686e</run_address>
         <size>0x11</size>
         <input_file_ref idref="fl-5"/>
      </object_component>
      <object_component id="oc-1da">
         <name>.const:.string:$P$T0$3</name>
         <load_address>0x687f</load_address>
         <run_address>0x687f</run_address>
         <size>0xf</size>
         <input_file_ref idref="fl-7"/>
      </object_component>
      <object_component id="oc-1b8">
         <name>.const:.string:lineAddresses$2</name>
         <load_address>0x688e</load_address>
         <run_address>0x688e</run_address>
         <size>0x4</size>
         <input_file_ref idref="fl-4"/>
      </object_component>
      <object_component id="oc-469">
         <name>.cinit..data.load</name>
         <load_address>0x6898</load_address>
         <run_address>0x6898</run_address>
         <size>0x1d</size>
      </object_component>
      <object_component id="oc-466">
         <name>__TI_handler_table</name>
         <load_address>0x68b8</load_address>
         <run_address>0x68b8</run_address>
         <size>0xc</size>
      </object_component>
      <object_component id="oc-46a">
         <name>.cinit..bss.load</name>
         <load_address>0x68c8</load_address>
         <run_address>0x68c8</run_address>
         <size>0x8</size>
      </object_component>
      <object_component id="oc-468">
         <name>.cinit..vtable.load</name>
         <load_address>0x68d0</load_address>
         <run_address>0x68d0</run_address>
         <size>0x8</size>
      </object_component>
      <object_component id="oc-467">
         <name>__TI_cinit_table</name>
         <load_address>0x68d8</load_address>
         <run_address>0x68d8</run_address>
         <size>0x18</size>
      </object_component>
      <object_component id="oc-258">
         <name>.vtable</name>
         <uninitialized>true</uninitialized>
         <run_address>0x20000000</run_address>
         <size>0x26c</size>
         <input_file_ref idref="fl-f8"/>
      </object_component>
      <object_component id="oc-1d9">
         <name>.data</name>
         <load_address>0x20003430</load_address>
         <run_address>0x20003430</run_address>
         <size>0x10</size>
         <input_file_ref idref="fl-7"/>
      </object_component>
      <object_component id="oc-189">
         <name>.data</name>
         <load_address>0x20003454</load_address>
         <run_address>0x20003454</run_address>
         <size>0x8</size>
         <input_file_ref idref="fl-14"/>
      </object_component>
      <object_component id="oc-3b1">
         <name>.data</name>
         <load_address>0x2000345c</load_address>
         <run_address>0x2000345c</run_address>
         <size>0x4</size>
         <input_file_ref idref="fl-dd"/>
      </object_component>
      <object_component id="oc-2b8">
         <name>.data:$O1$$</name>
         <load_address>0x20003440</load_address>
         <run_address>0x20003440</run_address>
         <size>0xc</size>
         <input_file_ref idref="fl-df"/>
      </object_component>
      <object_component id="oc-237">
         <name>.data:$O1$$</name>
         <load_address>0x2000344c</load_address>
         <run_address>0x2000344c</run_address>
         <size>0x8</size>
         <input_file_ref idref="fl-e0"/>
      </object_component>
      <object_component id="oc-1b9">
         <name>.bss:lastbuffer$3</name>
         <uninitialized>true</uninitialized>
         <run_address>0x20001388</run_address>
         <size>0x54</size>
         <input_file_ref idref="fl-4"/>
      </object_component>
      <object_component id="oc-1dd">
         <name>.bss:firmware$2</name>
         <uninitialized>true</uninitialized>
         <run_address>0x200013dc</run_address>
         <size>0x18</size>
         <input_file_ref idref="fl-7"/>
      </object_component>
      <object_component id="oc-201">
         <name>.common:i</name>
         <uninitialized>true</uninitialized>
         <run_address>0x20001408</run_address>
         <size>0x4</size>
      </object_component>
      <object_component id="oc-209">
         <name>.common:k</name>
         <uninitialized>true</uninitialized>
         <run_address>0x2000140c</run_address>
         <size>0x4</size>
      </object_component>
      <object_component id="oc-20a">
         <name>.common:l</name>
         <uninitialized>true</uninitialized>
         <run_address>0x20001410</run_address>
         <size>0x4</size>
      </object_component>
      <object_component id="oc-20b">
         <name>.common:m</name>
         <uninitialized>true</uninitialized>
         <run_address>0x20001414</run_address>
         <size>0x4</size>
      </object_component>
      <object_component id="oc-20c">
         <name>.common:p</name>
         <uninitialized>true</uninitialized>
         <run_address>0x20001418</run_address>
         <size>0x4</size>
      </object_component>
      <object_component id="oc-20d">
         <name>.common:sendstr</name>
         <uninitialized>true</uninitialized>
         <run_address>0x20001310</run_address>
         <size>0x78</size>
      </object_component>
      <object_component id="oc-20e">
         <name>.common:dataOne</name>
         <uninitialized>true</uninitialized>
         <run_address>0x20000dc0</run_address>
         <size>0x2d0</size>
      </object_component>
      <object_component id="oc-20f">
         <name>.common:sweep</name>
         <uninitialized>true</uninitialized>
         <run_address>0x20000270</run_address>
         <size>0xb50</size>
      </object_component>
      <object_component id="oc-210">
         <name>.common:obstacle</name>
         <uninitialized>true</uninitialized>
         <run_address>0x20001090</run_address>
         <size>0x280</size>
      </object_component>
      <object_component id="oc-211">
         <name>.common:totalObjs</name>
         <uninitialized>true</uninitialized>
         <run_address>0x20001428</run_address>
         <size>0x4</size>
      </object_component>
      <object_component id="oc-212">
         <name>.common:flag</name>
         <uninitialized>true</uninitialized>
         <run_address>0x20001404</run_address>
         <size>0x4</size>
      </object_component>
      <object_component id="oc-220">
         <name>.common:startIndex</name>
         <uninitialized>true</uninitialized>
         <run_address>0x20001424</run_address>
         <size>0x4</size>
      </object_component>
      <object_component id="oc-222">
         <name>.common:endIndex</name>
         <uninitialized>true</uninitialized>
         <run_address>0x200013f4</run_address>
         <size>0x4</size>
      </object_component>
      <object_component id="oc-221">
         <name>.common:frontEdgeIR</name>
         <uninitialized>true</uninitialized>
         <run_address>0x200013f8</run_address>
         <size>0x8</size>
      </object_component>
      <object_component id="oc-213">
         <name>.common:smallestIndex</name>
         <uninitialized>true</uninitialized>
         <run_address>0x20001420</run_address>
         <size>0x4</size>
      </object_component>
      <object_component id="oc-18f">
         <name>.common:rising_time</name>
         <uninitialized>true</uninitialized>
         <run_address>0x2000141c</run_address>
         <size>0x4</size>
      </object_component>
      <object_component id="oc-18c">
         <name>.common:falling_time</name>
         <uninitialized>true</uninitialized>
         <run_address>0x20001400</run_address>
         <size>0x4</size>
      </object_component>
      <object_component id="oc-24">
         <name>.sysmem</name>
         <uninitialized>true</uninitialized>
         <run_address>0x20002430</run_address>
         <size>0x8</size>
         <input_file_ref idref="fl-df"/>
      </object_component>
      <object_component id="oc-46c">
         <name>.sysmem</name>
         <uninitialized>true</uninitialized>
         <run_address>0x20002430</run_address>
         <size>0x0</size>
      </object_component>
      <object_component id="oc-21">
         <name>.stack</name>
         <uninitialized>true</uninitialized>
         <run_address>0x20001430</run_address>
         <size>0x4</size>
         <input_file_ref idref="fl-dc"/>
      </object_component>
      <object_component id="oc-46b">
         <name>.stack</name>
         <uninitialized>true</uninitialized>
         <run_address>0x20001430</run_address>
         <size>0x0</size>
      </object_component>
      <object_component id="oc-c2">
         <name>.debug_info</name>
         <load_address>0x0</load_address>
         <run_address>0x0</run_address>
         <size>0x25a</size>
         <input_file_ref idref="fl-2"/>
      </object_component>
      <object_component id="oc-da">
         <name>.debug_info</name>
         <load_address>0x25a</load_address>
         <run_address>0x25a</run_address>
         <size>0x254</size>
         <input_file_ref idref="fl-2"/>
      </object_component>
      <object_component id="oc-74">
         <name>.debug_info</name>
         <load_address>0x4ae</load_address>
         <run_address>0x4ae</run_address>
         <size>0x26b</size>
         <input_file_ref idref="fl-2"/>
      </object_component>
      <object_component id="oc-36">
         <name>.debug_info</name>
         <load_address>0x719</load_address>
         <run_address>0x719</run_address>
         <size>0x84</size>
         <input_file_ref idref="fl-2"/>
      </object_component>
      <object_component id="oc-bd">
         <name>.debug_info</name>
         <load_address>0x79d</load_address>
         <run_address>0x79d</run_address>
         <size>0x297</size>
         <input_file_ref idref="fl-2"/>
      </object_component>
      <object_component id="oc-79">
         <name>.debug_info</name>
         <load_address>0xa34</load_address>
         <run_address>0xa34</run_address>
         <size>0xbb</size>
         <input_file_ref idref="fl-2"/>
      </object_component>
      <object_component id="oc-29a">
         <name>.debug_info</name>
         <load_address>0xaef</load_address>
         <run_address>0xaef</run_address>
         <size>0xcc</size>
         <input_file_ref idref="fl-2"/>
      </object_component>
      <object_component id="oc-1bc">
         <name>.debug_info</name>
         <load_address>0xbbb</load_address>
         <run_address>0xbbb</run_address>
         <size>0x2c</size>
         <input_file_ref idref="fl-2"/>
      </object_component>
      <object_component id="oc-1bb">
         <name>.debug_info</name>
         <load_address>0xbe7</load_address>
         <run_address>0xbe7</run_address>
         <size>0x37a</size>
         <input_file_ref idref="fl-4"/>
      </object_component>
      <object_component id="oc-19a">
         <name>.debug_info</name>
         <load_address>0xf61</load_address>
         <run_address>0xf61</run_address>
         <size>0x11a</size>
         <input_file_ref idref="fl-4"/>
      </object_component>
      <object_component id="oc-ec">
         <name>.debug_info</name>
         <load_address>0x107b</load_address>
         <run_address>0x107b</run_address>
         <size>0xa48</size>
         <input_file_ref idref="fl-4"/>
      </object_component>
      <object_component id="oc-116">
         <name>.debug_info</name>
         <load_address>0x1ac3</load_address>
         <run_address>0x1ac3</run_address>
         <size>0x59b</size>
         <input_file_ref idref="fl-5"/>
      </object_component>
      <object_component id="oc-10a">
         <name>.debug_info</name>
         <load_address>0x205e</load_address>
         <run_address>0x205e</run_address>
         <size>0xc1</size>
         <input_file_ref idref="fl-5"/>
      </object_component>
      <object_component id="oc-10d">
         <name>.debug_info</name>
         <load_address>0x211f</load_address>
         <run_address>0x211f</run_address>
         <size>0xc1</size>
         <input_file_ref idref="fl-5"/>
      </object_component>
      <object_component id="oc-110">
         <name>.debug_info</name>
         <load_address>0x21e0</load_address>
         <run_address>0x21e0</run_address>
         <size>0xc1</size>
         <input_file_ref idref="fl-5"/>
      </object_component>
      <object_component id="oc-113">
         <name>.debug_info</name>
         <load_address>0x22a1</load_address>
         <run_address>0x22a1</run_address>
         <size>0xc1</size>
         <input_file_ref idref="fl-5"/>
      </object_component>
      <object_component id="oc-a0">
         <name>.debug_info</name>
         <load_address>0x2362</load_address>
         <run_address>0x2362</run_address>
         <size>0x4a2</size>
         <input_file_ref idref="fl-5"/>
      </object_component>
      <object_component id="oc-22e">
         <name>.debug_info</name>
         <load_address>0x2804</load_address>
         <run_address>0x2804</run_address>
         <size>0x5aa</size>
         <input_file_ref idref="fl-5"/>
      </object_component>
      <object_component id="oc-1f5">
         <name>.debug_info</name>
         <load_address>0x2dae</load_address>
         <run_address>0x2dae</run_address>
         <size>0x320</size>
         <input_file_ref idref="fl-6"/>
      </object_component>
      <object_component id="oc-fe">
         <name>.debug_info</name>
         <load_address>0x30ce</load_address>
         <run_address>0x30ce</run_address>
         <size>0xaaf</size>
         <input_file_ref idref="fl-6"/>
      </object_component>
      <object_component id="oc-26a">
         <name>.debug_info</name>
         <load_address>0x3b7d</load_address>
         <run_address>0x3b7d</run_address>
         <size>0x2c</size>
         <input_file_ref idref="fl-6"/>
      </object_component>
      <object_component id="oc-1df">
         <name>.debug_info</name>
         <load_address>0x3ba9</load_address>
         <run_address>0x3ba9</run_address>
         <size>0x3e0</size>
         <input_file_ref idref="fl-7"/>
      </object_component>
      <object_component id="oc-1db">
         <name>.debug_info</name>
         <load_address>0x3f89</load_address>
         <run_address>0x3f89</run_address>
         <size>0xcc</size>
         <input_file_ref idref="fl-7"/>
      </object_component>
      <object_component id="oc-1ce">
         <name>.debug_info</name>
         <load_address>0x4055</load_address>
         <run_address>0x4055</run_address>
         <size>0x144</size>
         <input_file_ref idref="fl-7"/>
      </object_component>
      <object_component id="oc-f2">
         <name>.debug_info</name>
         <load_address>0x4199</load_address>
         <run_address>0x4199</run_address>
         <size>0x14de</size>
         <input_file_ref idref="fl-7"/>
      </object_component>
      <object_component id="oc-191">
         <name>.debug_info</name>
         <load_address>0x5677</load_address>
         <run_address>0x5677</run_address>
         <size>0x8b</size>
         <input_file_ref idref="fl-7"/>
      </object_component>
      <object_component id="oc-202">
         <name>.debug_info</name>
         <load_address>0x5702</load_address>
         <run_address>0x5702</run_address>
         <size>0x688</size>
         <input_file_ref idref="fl-8"/>
      </object_component>
      <object_component id="oc-104">
         <name>.debug_info</name>
         <load_address>0x5d8a</load_address>
         <run_address>0x5d8a</run_address>
         <size>0x504</size>
         <input_file_ref idref="fl-8"/>
      </object_component>
      <object_component id="oc-31d">
         <name>.debug_info</name>
         <load_address>0x628e</load_address>
         <run_address>0x628e</run_address>
         <size>0xb3</size>
         <input_file_ref idref="fl-8"/>
      </object_component>
      <object_component id="oc-d4">
         <name>.debug_info</name>
         <load_address>0x6341</load_address>
         <run_address>0x6341</run_address>
         <size>0x1ef</size>
         <input_file_ref idref="fl-9"/>
      </object_component>
      <object_component id="oc-17f">
         <name>.debug_info</name>
         <load_address>0x6530</load_address>
         <run_address>0x6530</run_address>
         <size>0x3ea</size>
         <input_file_ref idref="fl-a"/>
      </object_component>
      <object_component id="oc-2f">
         <name>.debug_info</name>
         <load_address>0x691a</load_address>
         <run_address>0x691a</run_address>
         <size>0x2a1</size>
         <input_file_ref idref="fl-b"/>
      </object_component>
      <object_component id="oc-10">
         <name>.debug_info</name>
         <load_address>0x6bbb</load_address>
         <run_address>0x6bbb</run_address>
         <size>0xe0</size>
         <input_file_ref idref="fl-b"/>
      </object_component>
      <object_component id="oc-29">
         <name>.debug_info</name>
         <load_address>0x6c9b</load_address>
         <run_address>0x6c9b</run_address>
         <size>0x25c</size>
         <input_file_ref idref="fl-b"/>
      </object_component>
      <object_component id="oc-197">
         <name>.debug_info</name>
         <load_address>0x6ef7</load_address>
         <run_address>0x6ef7</run_address>
         <size>0x282</size>
         <input_file_ref idref="fl-c"/>
      </object_component>
      <object_component id="oc-e8">
         <name>.debug_info</name>
         <load_address>0x7179</load_address>
         <run_address>0x7179</run_address>
         <size>0x306</size>
         <input_file_ref idref="fl-c"/>
      </object_component>
      <object_component id="oc-18d">
         <name>.debug_info</name>
         <load_address>0x747f</load_address>
         <run_address>0x747f</run_address>
         <size>0x339</size>
         <input_file_ref idref="fl-14"/>
      </object_component>
      <object_component id="oc-18a">
         <name>.debug_info</name>
         <load_address>0x77b8</load_address>
         <run_address>0x77b8</run_address>
         <size>0xe0</size>
         <input_file_ref idref="fl-14"/>
      </object_component>
      <object_component id="oc-e1">
         <name>.debug_info</name>
         <load_address>0x7898</load_address>
         <run_address>0x7898</run_address>
         <size>0x38b</size>
         <input_file_ref idref="fl-14"/>
      </object_component>
      <object_component id="oc-274">
         <name>.debug_info</name>
         <load_address>0x7c23</load_address>
         <run_address>0x7c23</run_address>
         <size>0x44</size>
         <input_file_ref idref="fl-14"/>
      </object_component>
      <object_component id="oc-318">
         <name>.debug_info</name>
         <load_address>0x7c67</load_address>
         <run_address>0x7c67</run_address>
         <size>0x358</size>
         <input_file_ref idref="fl-ca"/>
      </object_component>
      <object_component id="oc-30a">
         <name>.debug_info</name>
         <load_address>0x7fbf</load_address>
         <run_address>0x7fbf</run_address>
         <size>0x11d</size>
         <input_file_ref idref="fl-ca"/>
      </object_component>
      <object_component id="oc-1f7">
         <name>.debug_info</name>
         <load_address>0x80dc</load_address>
         <run_address>0x80dc</run_address>
         <size>0xbd9</size>
         <input_file_ref idref="fl-ca"/>
      </object_component>
      <object_component id="oc-3d1">
         <name>.debug_info</name>
         <load_address>0x8cb5</load_address>
         <run_address>0x8cb5</run_address>
         <size>0x46</size>
         <input_file_ref idref="fl-ca"/>
      </object_component>
      <object_component id="oc-313">
         <name>.debug_info</name>
         <load_address>0x8cfb</load_address>
         <run_address>0x8cfb</run_address>
         <size>0x39</size>
         <input_file_ref idref="fl-ca"/>
      </object_component>
      <object_component id="oc-338">
         <name>.debug_info</name>
         <load_address>0x8d34</load_address>
         <run_address>0x8d34</run_address>
         <size>0x2bf</size>
         <input_file_ref idref="fl-cb"/>
      </object_component>
      <object_component id="oc-21c">
         <name>.debug_info</name>
         <load_address>0x8ff3</load_address>
         <run_address>0x8ff3</run_address>
         <size>0x242</size>
         <input_file_ref idref="fl-cb"/>
      </object_component>
      <object_component id="oc-336">
         <name>.debug_info</name>
         <load_address>0x9235</load_address>
         <run_address>0x9235</run_address>
         <size>0x390</size>
         <input_file_ref idref="fl-cc"/>
      </object_component>
      <object_component id="oc-215">
         <name>.debug_info</name>
         <load_address>0x95c5</load_address>
         <run_address>0x95c5</run_address>
         <size>0x790</size>
         <input_file_ref idref="fl-cc"/>
      </object_component>
      <object_component id="oc-3cb">
         <name>.debug_info</name>
         <load_address>0x9d55</load_address>
         <run_address>0x9d55</run_address>
         <size>0x2f2</size>
         <input_file_ref idref="fl-cd"/>
      </object_component>
      <object_component id="oc-310">
         <name>.debug_info</name>
         <load_address>0xa047</load_address>
         <run_address>0xa047</run_address>
         <size>0x21a</size>
         <input_file_ref idref="fl-cd"/>
      </object_component>
      <object_component id="oc-425">
         <name>.debug_info</name>
         <load_address>0xa261</load_address>
         <run_address>0xa261</run_address>
         <size>0x39</size>
         <input_file_ref idref="fl-cd"/>
      </object_component>
      <object_component id="oc-3cc">
         <name>.debug_info</name>
         <load_address>0xa29a</load_address>
         <run_address>0xa29a</run_address>
         <size>0x2c</size>
         <input_file_ref idref="fl-cd"/>
      </object_component>
      <object_component id="oc-3c6">
         <name>.debug_info</name>
         <load_address>0xa2c6</load_address>
         <run_address>0xa2c6</run_address>
         <size>0x156</size>
         <input_file_ref idref="fl-ce"/>
      </object_component>
      <object_component id="oc-96">
         <name>.debug_info</name>
         <load_address>0xa41c</load_address>
         <run_address>0xa41c</run_address>
         <size>0x13f</size>
         <input_file_ref idref="fl-cf"/>
      </object_component>
      <object_component id="oc-15d">
         <name>.debug_info</name>
         <load_address>0xa55b</load_address>
         <run_address>0xa55b</run_address>
         <size>0x144</size>
         <input_file_ref idref="fl-d0"/>
      </object_component>
      <object_component id="oc-1fe">
         <name>.debug_info</name>
         <load_address>0xa69f</load_address>
         <run_address>0xa69f</run_address>
         <size>0x120</size>
         <input_file_ref idref="fl-d1"/>
      </object_component>
      <object_component id="oc-205">
         <name>.debug_info</name>
         <load_address>0xa7bf</load_address>
         <run_address>0xa7bf</run_address>
         <size>0x122</size>
         <input_file_ref idref="fl-d1"/>
      </object_component>
      <object_component id="oc-16f">
         <name>.debug_info</name>
         <load_address>0xa8e1</load_address>
         <run_address>0xa8e1</run_address>
         <size>0x132</size>
         <input_file_ref idref="fl-d2"/>
      </object_component>
      <object_component id="oc-15a">
         <name>.debug_info</name>
         <load_address>0xaa13</load_address>
         <run_address>0xaa13</run_address>
         <size>0x132</size>
         <input_file_ref idref="fl-d3"/>
      </object_component>
      <object_component id="oc-1d7">
         <name>.debug_info</name>
         <load_address>0xab45</load_address>
         <run_address>0xab45</run_address>
         <size>0x126</size>
         <input_file_ref idref="fl-d4"/>
      </object_component>
      <object_component id="oc-162">
         <name>.debug_info</name>
         <load_address>0xac6b</load_address>
         <run_address>0xac6b</run_address>
         <size>0x131</size>
         <input_file_ref idref="fl-d5"/>
      </object_component>
      <object_component id="oc-168">
         <name>.debug_info</name>
         <load_address>0xad9c</load_address>
         <run_address>0xad9c</run_address>
         <size>0x124</size>
         <input_file_ref idref="fl-d6"/>
      </object_component>
      <object_component id="oc-3d">
         <name>.debug_info</name>
         <load_address>0xaec0</load_address>
         <run_address>0xaec0</run_address>
         <size>0x111</size>
         <input_file_ref idref="fl-d7"/>
      </object_component>
      <object_component id="oc-186">
         <name>.debug_info</name>
         <load_address>0xafd1</load_address>
         <run_address>0xafd1</run_address>
         <size>0x126</size>
         <input_file_ref idref="fl-d8"/>
      </object_component>
      <object_component id="oc-92">
         <name>.debug_info</name>
         <load_address>0xb0f7</load_address>
         <run_address>0xb0f7</run_address>
         <size>0x313</size>
         <input_file_ref idref="fl-d9"/>
      </object_component>
      <object_component id="oc-4f">
         <name>.debug_info</name>
         <load_address>0xb40a</load_address>
         <run_address>0xb40a</run_address>
         <size>0x1aa</size>
         <input_file_ref idref="fl-d9"/>
      </object_component>
      <object_component id="oc-8d">
         <name>.debug_info</name>
         <load_address>0xb5b4</load_address>
         <run_address>0xb5b4</run_address>
         <size>0x46</size>
         <input_file_ref idref="fl-d9"/>
      </object_component>
      <object_component id="oc-ca">
         <name>.debug_info</name>
         <load_address>0xb5fa</load_address>
         <run_address>0xb5fa</run_address>
         <size>0x2c</size>
         <input_file_ref idref="fl-d9"/>
      </object_component>
      <object_component id="oc-46">
         <name>.debug_info</name>
         <load_address>0xb626</load_address>
         <run_address>0xb626</run_address>
         <size>0x29d</size>
         <input_file_ref idref="fl-da"/>
      </object_component>
      <object_component id="oc-1b">
         <name>.debug_info</name>
         <load_address>0xb8c3</load_address>
         <run_address>0xb8c3</run_address>
         <size>0x1df</size>
         <input_file_ref idref="fl-da"/>
      </object_component>
      <object_component id="oc-41">
         <name>.debug_info</name>
         <load_address>0xbaa2</load_address>
         <run_address>0xbaa2</run_address>
         <size>0x46</size>
         <input_file_ref idref="fl-da"/>
      </object_component>
      <object_component id="oc-85">
         <name>.debug_info</name>
         <load_address>0xbae8</load_address>
         <run_address>0xbae8</run_address>
         <size>0x2c</size>
         <input_file_ref idref="fl-da"/>
      </object_component>
      <object_component id="oc-83">
         <name>.debug_info</name>
         <load_address>0xbb14</load_address>
         <run_address>0xbb14</run_address>
         <size>0x293</size>
         <input_file_ref idref="fl-db"/>
      </object_component>
      <object_component id="oc-13">
         <name>.debug_info</name>
         <load_address>0xbda7</load_address>
         <run_address>0xbda7</run_address>
         <size>0x245</size>
         <input_file_ref idref="fl-db"/>
      </object_component>
      <object_component id="oc-31">
         <name>.debug_info</name>
         <load_address>0xbfec</load_address>
         <run_address>0xbfec</run_address>
         <size>0x60</size>
         <input_file_ref idref="fl-db"/>
      </object_component>
      <object_component id="oc-c3">
         <name>.debug_info</name>
         <load_address>0xc04c</load_address>
         <run_address>0xc04c</run_address>
         <size>0x46</size>
         <input_file_ref idref="fl-db"/>
      </object_component>
      <object_component id="oc-7e">
         <name>.debug_info</name>
         <load_address>0xc092</load_address>
         <run_address>0xc092</run_address>
         <size>0x39</size>
         <input_file_ref idref="fl-db"/>
      </object_component>
      <object_component id="oc-22">
         <name>.debug_info</name>
         <load_address>0xc0cb</load_address>
         <run_address>0xc0cb</run_address>
         <size>0x100</size>
         <input_file_ref idref="fl-dc"/>
      </object_component>
      <object_component id="oc-5a">
         <name>.debug_info</name>
         <load_address>0xc1cb</load_address>
         <run_address>0xc1cb</run_address>
         <size>0x1a4</size>
         <input_file_ref idref="fl-dc"/>
      </object_component>
      <object_component id="oc-3b5">
         <name>.debug_info</name>
         <load_address>0xc36f</load_address>
         <run_address>0xc36f</run_address>
         <size>0x27e</size>
         <input_file_ref idref="fl-dd"/>
      </object_component>
      <object_component id="oc-3b2">
         <name>.debug_info</name>
         <load_address>0xc5ed</load_address>
         <run_address>0xc5ed</run_address>
         <size>0x103</size>
         <input_file_ref idref="fl-dd"/>
      </object_component>
      <object_component id="oc-2f5">
         <name>.debug_info</name>
         <load_address>0xc6f0</load_address>
         <run_address>0xc6f0</run_address>
         <size>0x143</size>
         <input_file_ref idref="fl-dd"/>
      </object_component>
      <object_component id="oc-119">
         <name>.debug_info</name>
         <load_address>0xc833</load_address>
         <run_address>0xc833</run_address>
         <size>0x117</size>
         <input_file_ref idref="fl-de"/>
      </object_component>
      <object_component id="oc-6f">
         <name>.debug_info</name>
         <load_address>0xc94a</load_address>
         <run_address>0xc94a</run_address>
         <size>0x3bb</size>
         <input_file_ref idref="fl-df"/>
      </object_component>
      <object_component id="oc-25">
         <name>.debug_info</name>
         <load_address>0xcd05</load_address>
         <run_address>0xcd05</run_address>
         <size>0x101</size>
         <input_file_ref idref="fl-df"/>
      </object_component>
      <object_component id="oc-2b9">
         <name>.debug_info</name>
         <load_address>0xce06</load_address>
         <run_address>0xce06</run_address>
         <size>0x14c</size>
         <input_file_ref idref="fl-df"/>
      </object_component>
      <object_component id="oc-2aa">
         <name>.debug_info</name>
         <load_address>0xcf52</load_address>
         <run_address>0xcf52</run_address>
         <size>0x139</size>
         <input_file_ref idref="fl-df"/>
      </object_component>
      <object_component id="oc-2b0">
         <name>.debug_info</name>
         <load_address>0xd08b</load_address>
         <run_address>0xd08b</run_address>
         <size>0x174</size>
         <input_file_ref idref="fl-df"/>
      </object_component>
      <object_component id="oc-2b6">
         <name>.debug_info</name>
         <load_address>0xd1ff</load_address>
         <run_address>0xd1ff</run_address>
         <size>0x172</size>
         <input_file_ref idref="fl-df"/>
      </object_component>
      <object_component id="oc-2a3">
         <name>.debug_info</name>
         <load_address>0xd371</load_address>
         <run_address>0xd371</run_address>
         <size>0x1db</size>
         <input_file_ref idref="fl-df"/>
      </object_component>
      <object_component id="oc-1cb">
         <name>.debug_info</name>
         <load_address>0xd54c</load_address>
         <run_address>0xd54c</run_address>
         <size>0x1e6</size>
         <input_file_ref idref="fl-df"/>
      </object_component>
      <object_component id="oc-1c5">
         <name>.debug_info</name>
         <load_address>0xd732</load_address>
         <run_address>0xd732</run_address>
         <size>0x1b1</size>
         <input_file_ref idref="fl-df"/>
      </object_component>
      <object_component id="oc-b3">
         <name>.debug_info</name>
         <load_address>0xd8e3</load_address>
         <run_address>0xd8e3</run_address>
         <size>0x2c</size>
         <input_file_ref idref="fl-df"/>
      </object_component>
      <object_component id="oc-b8">
         <name>.debug_info</name>
         <load_address>0xd90f</load_address>
         <run_address>0xd90f</run_address>
         <size>0x62</size>
         <input_file_ref idref="fl-df"/>
      </object_component>
      <object_component id="oc-343">
         <name>.debug_info</name>
         <load_address>0xd971</load_address>
         <run_address>0xd971</run_address>
         <size>0x2be</size>
         <input_file_ref idref="fl-e0"/>
      </object_component>
      <object_component id="oc-238">
         <name>.debug_info</name>
         <load_address>0xdc2f</load_address>
         <run_address>0xdc2f</run_address>
         <size>0x113</size>
         <input_file_ref idref="fl-e0"/>
      </object_component>
      <object_component id="oc-33d">
         <name>.debug_info</name>
         <load_address>0xdd42</load_address>
         <run_address>0xdd42</run_address>
         <size>0x123</size>
         <input_file_ref idref="fl-e0"/>
      </object_component>
      <object_component id="oc-1f3">
         <name>.debug_info</name>
         <load_address>0xde65</load_address>
         <run_address>0xde65</run_address>
         <size>0x328</size>
         <input_file_ref idref="fl-e2"/>
      </object_component>
      <object_component id="oc-fa">
         <name>.debug_info</name>
         <load_address>0xe18d</load_address>
         <run_address>0xe18d</run_address>
         <size>0x1c6</size>
         <input_file_ref idref="fl-e2"/>
      </object_component>
      <object_component id="oc-1e7">
         <name>.debug_info</name>
         <load_address>0xe353</load_address>
         <run_address>0xe353</run_address>
         <size>0x182</size>
         <input_file_ref idref="fl-e2"/>
      </object_component>
      <object_component id="oc-1ee">
         <name>.debug_info</name>
         <load_address>0xe4d5</load_address>
         <run_address>0xe4d5</run_address>
         <size>0x162</size>
         <input_file_ref idref="fl-e2"/>
      </object_component>
      <object_component id="oc-288">
         <name>.debug_info</name>
         <load_address>0xe637</load_address>
         <run_address>0xe637</run_address>
         <size>0x2c</size>
         <input_file_ref idref="fl-e2"/>
      </object_component>
      <object_component id="oc-293">
         <name>.debug_info</name>
         <load_address>0xe663</load_address>
         <run_address>0xe663</run_address>
         <size>0x27f</size>
         <input_file_ref idref="fl-e3"/>
      </object_component>
      <object_component id="oc-1a7">
         <name>.debug_info</name>
         <load_address>0xe8e2</load_address>
         <run_address>0xe8e2</run_address>
         <size>0x258</size>
         <input_file_ref idref="fl-e3"/>
      </object_component>
      <object_component id="oc-295">
         <name>.debug_info</name>
         <load_address>0xeb3a</load_address>
         <run_address>0xeb3a</run_address>
         <size>0x299</size>
         <input_file_ref idref="fl-e4"/>
      </object_component>
      <object_component id="oc-1af">
         <name>.debug_info</name>
         <load_address>0xedd3</load_address>
         <run_address>0xedd3</run_address>
         <size>0x231</size>
         <input_file_ref idref="fl-e4"/>
      </object_component>
      <object_component id="oc-297">
         <name>.debug_info</name>
         <load_address>0xf004</load_address>
         <run_address>0xf004</run_address>
         <size>0x284</size>
         <input_file_ref idref="fl-e5"/>
      </object_component>
      <object_component id="oc-1b2">
         <name>.debug_info</name>
         <load_address>0xf288</load_address>
         <run_address>0xf288</run_address>
         <size>0x22a</size>
         <input_file_ref idref="fl-e5"/>
      </object_component>
      <object_component id="oc-287">
         <name>.debug_info</name>
         <load_address>0xf4b2</load_address>
         <run_address>0xf4b2</run_address>
         <size>0x335</size>
         <input_file_ref idref="fl-e6"/>
      </object_component>
      <object_component id="oc-1a1">
         <name>.debug_info</name>
         <load_address>0xf7e7</load_address>
         <run_address>0xf7e7</run_address>
         <size>0x1fd</size>
         <input_file_ref idref="fl-e6"/>
      </object_component>
      <object_component id="oc-27d">
         <name>.debug_info</name>
         <load_address>0xf9e4</load_address>
         <run_address>0xf9e4</run_address>
         <size>0x1bb</size>
         <input_file_ref idref="fl-e6"/>
      </object_component>
      <object_component id="oc-283">
         <name>.debug_info</name>
         <load_address>0xfb9f</load_address>
         <run_address>0xfb9f</run_address>
         <size>0x16e</size>
         <input_file_ref idref="fl-e6"/>
      </object_component>
      <object_component id="oc-28d">
         <name>.debug_info</name>
         <load_address>0xfd0d</load_address>
         <run_address>0xfd0d</run_address>
         <size>0x69</size>
         <input_file_ref idref="fl-e6"/>
      </object_component>
      <object_component id="oc-3e4">
         <name>.debug_info</name>
         <load_address>0xfd76</load_address>
         <run_address>0xfd76</run_address>
         <size>0x39f</size>
         <input_file_ref idref="fl-e7"/>
      </object_component>
      <object_component id="oc-3e1">
         <name>.debug_info</name>
         <load_address>0x10115</load_address>
         <run_address>0x10115</run_address>
         <size>0x12f</size>
         <input_file_ref idref="fl-e7"/>
      </object_component>
      <object_component id="oc-32a">
         <name>.debug_info</name>
         <load_address>0x10244</load_address>
         <run_address>0x10244</run_address>
         <size>0x724</size>
         <input_file_ref idref="fl-e7"/>
      </object_component>
      <object_component id="oc-3d9">
         <name>.debug_info</name>
         <load_address>0x10968</load_address>
         <run_address>0x10968</run_address>
         <size>0x282</size>
         <input_file_ref idref="fl-e8"/>
      </object_component>
      <object_component id="oc-324">
         <name>.debug_info</name>
         <load_address>0x10bea</load_address>
         <run_address>0x10bea</run_address>
         <size>0x31c</size>
         <input_file_ref idref="fl-e8"/>
      </object_component>
      <object_component id="oc-3e7">
         <name>.debug_info</name>
         <load_address>0x10f06</load_address>
         <run_address>0x10f06</run_address>
         <size>0x287</size>
         <input_file_ref idref="fl-e9"/>
      </object_component>
      <object_component id="oc-330">
         <name>.debug_info</name>
         <load_address>0x1118d</load_address>
         <run_address>0x1118d</run_address>
         <size>0x375</size>
         <input_file_ref idref="fl-e9"/>
      </object_component>
      <object_component id="oc-42d">
         <name>.debug_info</name>
         <load_address>0x11502</load_address>
         <run_address>0x11502</run_address>
         <size>0x284</size>
         <input_file_ref idref="fl-ea"/>
      </object_component>
      <object_component id="oc-3db">
         <name>.debug_info</name>
         <load_address>0x11786</load_address>
         <run_address>0x11786</run_address>
         <size>0x21f</size>
         <input_file_ref idref="fl-ea"/>
      </object_component>
      <object_component id="oc-23e">
         <name>.debug_info</name>
         <load_address>0x119a5</load_address>
         <run_address>0x119a5</run_address>
         <size>0x547</size>
         <input_file_ref idref="fl-eb"/>
      </object_component>
      <object_component id="oc-125">
         <name>.debug_info</name>
         <load_address>0x11eec</load_address>
         <run_address>0x11eec</run_address>
         <size>0x19b</size>
         <input_file_ref idref="fl-eb"/>
      </object_component>
      <object_component id="oc-349">
         <name>.debug_info</name>
         <load_address>0x12087</load_address>
         <run_address>0x12087</run_address>
         <size>0x39</size>
         <input_file_ref idref="fl-eb"/>
      </object_component>
      <object_component id="oc-3ef">
         <name>.debug_info</name>
         <load_address>0x120c0</load_address>
         <run_address>0x120c0</run_address>
         <size>0x39</size>
         <input_file_ref idref="fl-eb"/>
      </object_component>
      <object_component id="oc-34e">
         <name>.debug_info</name>
         <load_address>0x120f9</load_address>
         <run_address>0x120f9</run_address>
         <size>0x39</size>
         <input_file_ref idref="fl-eb"/>
      </object_component>
      <object_component id="oc-353">
         <name>.debug_info</name>
         <load_address>0x12132</load_address>
         <run_address>0x12132</run_address>
         <size>0xcd</size>
         <input_file_ref idref="fl-eb"/>
      </object_component>
      <object_component id="oc-9a">
         <name>.debug_info</name>
         <load_address>0x121ff</load_address>
         <run_address>0x121ff</run_address>
         <size>0x148</size>
         <input_file_ref idref="fl-ec"/>
      </object_component>
      <object_component id="oc-2f8">
         <name>.debug_info</name>
         <load_address>0x12347</load_address>
         <run_address>0x12347</run_address>
         <size>0x8a6</size>
         <input_file_ref idref="fl-ee"/>
      </object_component>
      <object_component id="oc-2c9">
         <name>.debug_info</name>
         <load_address>0x12bed</load_address>
         <run_address>0x12bed</run_address>
         <size>0x213</size>
         <input_file_ref idref="fl-ee"/>
      </object_component>
      <object_component id="oc-382">
         <name>.debug_info</name>
         <load_address>0x12e00</load_address>
         <run_address>0x12e00</run_address>
         <size>0x1a8</size>
         <input_file_ref idref="fl-ee"/>
      </object_component>
      <object_component id="oc-388">
         <name>.debug_info</name>
         <load_address>0x12fa8</load_address>
         <run_address>0x12fa8</run_address>
         <size>0x210</size>
         <input_file_ref idref="fl-ee"/>
      </object_component>
      <object_component id="oc-2cf">
         <name>.debug_info</name>
         <load_address>0x131b8</load_address>
         <run_address>0x131b8</run_address>
         <size>0x3b0</size>
         <input_file_ref idref="fl-ee"/>
      </object_component>
      <object_component id="oc-38f">
         <name>.debug_info</name>
         <load_address>0x13568</load_address>
         <run_address>0x13568</run_address>
         <size>0x2fa</size>
         <input_file_ref idref="fl-ee"/>
      </object_component>
      <object_component id="oc-394">
         <name>.debug_info</name>
         <load_address>0x13862</load_address>
         <run_address>0x13862</run_address>
         <size>0x20a</size>
         <input_file_ref idref="fl-ee"/>
      </object_component>
      <object_component id="oc-2d4">
         <name>.debug_info</name>
         <load_address>0x13a6c</load_address>
         <run_address>0x13a6c</run_address>
         <size>0x20a</size>
         <input_file_ref idref="fl-ee"/>
      </object_component>
      <object_component id="oc-2da">
[...]
         <object_component_ref idref="oc-f1"/>
      </symbol>
      <symbol id="sm-20a">
         <name>oi_init_noupdate</name>
         <value>0x289</value>
         <object_component_ref idref="oc-f1"/>
      </symbol>
      <symbol id="sm-20b">
         <name>oi_uartSendChar</name>
         <value>0x9bf</value>
         <object_component_ref idref="oc-f1"/>
      </symbol>
      <symbol id="sm-20c">
         <name>oi_alloc</name>
         <value>0x26d</value>
         <object_component_ref idref="oc-f1"/>
      </symbol>
      <symbol id="sm-20d">
         <name>oi_loadSong</name>
         <value>0x8bf</value>
         <object_component_ref idref="oc-f1"/>
      </symbol>
      <symbol id="sm-20e">
         <name>oi_play_song</name>
         <value>0x915</value>
         <object_component_ref idref="oc-f1"/>
      </symbol>
      <symbol id="sm-20f">
         <name>oi_parsePacket</name>
         <value>0x327</value>
         <object_component_ref idref="oc-f1"/>
      </symbol>
      <symbol id="sm-210">
         <name>oi_setLeds</name>
         <value>0x839</value>
         <object_component_ref idref="oc-f1"/>
      </symbol>
      <symbol id="sm-211">
         <name>oi_init</name>
         <value>0x2ad</value>
         <object_component_ref idref="oc-f1"/>
      </symbol>
      <symbol id="sm-212">
         <name>oi_update</name>
         <value>0x2d5</value>
         <object_component_ref idref="oc-f1"/>
      </symbol>
      <symbol id="sm-213">
         <name>oi_uartInit</name>
         <value>0x937</value>
         <object_component_ref idref="oc-f1"/>
      </symbol>
      <symbol id="sm-280">
         <name>i</name>
         <value>0x20001408</value>
      </symbol>
      <symbol id="sm-281">
         <name>k</name>
         <value>0x2000140c</value>
      </symbol>
      <symbol id="sm-282">
         <name>l</name>
         <value>0x20001410</value>
      </symbol>
      <symbol id="sm-283">
         <name>m</name>
         <value>0x20001414</value>
      </symbol>
      <symbol id="sm-284">
         <name>p</name>
         <value>0x20001418</value>
      </symbol>
      <symbol id="sm-285">
         <name>sendstr</name>
         <value>0x20001310</value>
      </symbol>
      <symbol id="sm-286">
         <name>dataOne</name>
         <value>0x20000dc0</value>
      </symbol>
      <symbol id="sm-287">
         <name>sweep</name>
         <value>0x20000270</value>
      </symbol>
      <symbol id="sm-288">
         <name>obstacle</name>
         <value>0x20001090</value>
      </symbol>
      <symbol id="sm-289">
         <name>totalObjs</name>
         <value>0x20001428</value>
      </symbol>
      <symbol id="sm-28a">
         <name>flag</name>
         <value>0x20001404</value>
      </symbol>
      <symbol id="sm-28b">
         <name>startIndex</name>
         <value>0x20001424</value>
      </symbol>
      <symbol id="sm-28c">
         <name>endIndex</name>
         <value>0x200013f4</value>
      </symbol>
      <symbol id="sm-28d">
         <name>frontEdgeIR</name>
         <value>0x200013f8</value>
      </symbol>
      <symbol id="sm-28e">
         <name>smallestIndex</name>
         <value>0x20001420</value>
      </symbol>
      <symbol id="sm-28f">
         <name>scan</name>
         <value>0x2861</value>
         <object_component_ref idref="oc-103"/>
      </symbol>
      <symbol id="sm-2ad">
         <name>servo_move</name>
         <value>0x54ff</value>
         <object_component_ref idref="oc-d3"/>
      </symbol>
      <symbol id="sm-2ae">
         <name>servo_init</name>
         <value>0x546d</value>
         <object_component_ref idref="oc-d3"/>
      </symbol>
      <symbol id="sm-2cf">
         <name>timer_startClock</name>
         <value>0x5029</value>
         <object_component_ref idref="oc-17e"/>
      </symbol>
      <symbol id="sm-2d0">
         <name>timer_stopClock</name>
         <value>0x507b</value>
         <object_component_ref idref="oc-17e"/>
      </symbol>
      <symbol id="sm-2d1">
         <name>timer_getClock</name>
         <value>0x5075</value>
         <object_component_ref idref="oc-17e"/>
      </symbol>
      <symbol id="sm-2d2">
         <name>timer_stopTimer</name>
         <value>0x5013</value>
         <object_component_ref idref="oc-17e"/>
      </symbol>
      <symbol id="sm-2d3">
         <name>timer_startTimer</name>
         <value>0x4fc3</value>
         <object_component_ref idref="oc-17e"/>
      </symbol>
      <symbol id="sm-2d4">
         <name>timer_waitMillis</name>
         <value>0x4f65</value>
         <object_component_ref idref="oc-17e"/>
      </symbol>
      <symbol id="sm-2d5">
         <name>timer_waitMicros</name>
         <value>0x4f99</value>
         <object_component_ref idref="oc-17e"/>
      </symbol>
      <symbol id="sm-2f1">
         <name>ResetISR</name>
         <value>0x655f</value>
         <object_component_ref idref="oc-27"/>
      </symbol>
      <symbol id="sm-2f2">
         <name>g_pfnVectors</name>
         <value>0x0</value>
         <object_component_ref idref="oc-f"/>
      </symbol>
      <symbol id="sm-31b">
         <name>uart_sendChar</name>
         <value>0x4d6f</value>
         <object_component_ref idref="oc-e5"/>
      </symbol>
      <symbol id="sm-31c">
         <name>uart_init</name>
         <value>0x4ca5</value>
         <object_component_ref idref="oc-e5"/>
      </symbol>
      <symbol id="sm-31d">
         <name>uart_receive</name>
         <value>0x4d8b</value>
         <object_component_ref idref="oc-e5"/>
      </symbol>
      <symbol id="sm-31e">
         <name>uart_sendStr</name>
         <value>0x4db1</value>
         <object_component_ref idref="oc-e5"/>
      </symbol>
      <symbol id="sm-31f">
         <name>uart_Handler</name>
         <value>0x4d17</value>
         <object_component_ref idref="oc-e5"/>
      </symbol>
      <symbol id="sm-35d">
         <name>rising_time</name>
         <value>0x2000141c</value>
      </symbol>
      <symbol id="sm-35e">
         <name>falling_time</name>
         <value>0x20001400</value>
      </symbol>
      <symbol id="sm-35f">
         <name>ping_read</name>
         <value>0x4507</value>
         <object_component_ref idref="oc-df"/>
      </symbol>
      <symbol id="sm-360">
         <name>sonar_init</name>
         <value>0x45c1</value>
         <object_component_ref idref="oc-df"/>
      </symbol>
      <symbol id="sm-361">
         <name>send_pulse</name>
         <value>0x4497</value>
         <object_component_ref idref="oc-df"/>
      </symbol>
      <symbol id="sm-362">
         <name>overflows</name>
         <value>0x20003458</value>
         <object_component_ref idref="oc-189"/>
      </symbol>
      <symbol id="sm-363">
         <name>state</name>
         <value>0x20003454</value>
         <object_component_ref idref="oc-189"/>
      </symbol>
      <symbol id="sm-364">
         <name>TIMER3B_init</name>
         <value>0x43fd</value>
         <object_component_ref idref="oc-df"/>
      </symbol>
      <symbol id="sm-365">
         <name>time2dist</name>
         <value>0x4569</value>
         <object_component_ref idref="oc-df"/>
      </symbol>
      <symbol id="sm-366">
         <name>TIMER3B_Handler</name>
         <value>0x4581</value>
         <object_component_ref idref="oc-df"/>
      </symbol>
      <symbol id="sm-3fb">
         <name>pow</name>
         <value>0x1769</value>
         <object_component_ref idref="oc-1f6"/>
      </symbol>
      <symbol id="sm-3fc">
         <name>powl</name>
         <value>0x1769</value>
         <object_component_ref idref="oc-1f6"/>
      </symbol>
      <symbol id="sm-41e">
         <name>sqrtl</name>
         <value>0x4e0d</value>
         <object_component_ref idref="oc-21a"/>
      </symbol>
      <symbol id="sm-41f">
         <name>sqrt</name>
         <value>0x4e0d</value>
         <object_component_ref idref="oc-21a"/>
      </symbol>
      <symbol id="sm-470">
         <name>cosl</name>
         <value>0x2f39</value>
         <object_component_ref idref="oc-214"/>
      </symbol>
      <symbol id="sm-471">
         <name>cos</name>
         <value>0x2f39</value>
         <object_component_ref idref="oc-214"/>
      </symbol>
      <symbol id="sm-498">
         <name>scalbn</name>
         <value>0x56b5</value>
         <object_component_ref idref="oc-30c"/>
      </symbol>
      <symbol id="sm-499">
         <name>scalbnl</name>
         <value>0x56b5</value>
         <object_component_ref idref="oc-30c"/>
      </symbol>
      <symbol id="sm-49a">
         <name>ldexpl</name>
         <value>0x56b5</value>
         <object_component_ref idref="oc-30c"/>
      </symbol>
      <symbol id="sm-49b">
         <name>ldexp</name>
         <value>0x56b5</value>
         <object_component_ref idref="oc-30c"/>
      </symbol>
      <symbol id="sm-4a5">
         <name>copysign</name>
         <value>0x64cb</value>
         <object_component_ref idref="oc-3c4"/>
      </symbol>
      <symbol id="sm-4a6">
         <name>copysignl</name>
         <value>0x64cb</value>
         <object_component_ref idref="oc-3c4"/>
      </symbol>
      <symbol id="sm-4b5">
         <name>__aeabi_memset</name>
         <value>0x5d83</value>
         <object_component_ref idref="oc-93"/>
      </symbol>
      <symbol id="sm-4b6">
         <name>memset</name>
         <value>0x5d89</value>
         <object_component_ref idref="oc-93"/>
      </symbol>
      <symbol id="sm-4b7">
         <name>__aeabi_memset8</name>
         <value>0x5d83</value>
         <object_component_ref idref="oc-93"/>
      </symbol>
      <symbol id="sm-4b8">
         <name>__aeabi_memset4</name>
         <value>0x5d83</value>
         <object_component_ref idref="oc-93"/>
      </symbol>
      <symbol id="sm-4b9">
         <name>__aeabi_memclr8</name>
         <value>0x5d81</value>
         <object_component_ref idref="oc-93"/>
      </symbol>
      <symbol id="sm-4ba">
         <name>__aeabi_memclr4</name>
         <value>0x5d81</value>
         <object_component_ref idref="oc-93"/>
      </symbol>
      <symbol id="sm-4bb">
         <name>__aeabi_memclr</name>
         <value>0x5d81</value>
         <object_component_ref idref="oc-93"/>
      </symbol>
      <symbol id="sm-4d2">
         <name>__aeabi_dsub</name>
         <value>0x480d</value>
         <object_component_ref idref="oc-15c"/>
      </symbol>
      <symbol id="sm-4d3">
         <name>__aeabi_dadd</name>
         <value>0x4817</value>
         <object_component_ref idref="oc-15c"/>
      </symbol>
      <symbol id="sm-4f5">
         <name>__aeabi_cdcmpeq</name>
         <value>0x5c75</value>
         <object_component_ref idref="oc-1fc"/>
      </symbol>
      <symbol id="sm-4f6">
         <name>__aeabi_cdcmple</name>
         <value>0x5c75</value>
         <object_component_ref idref="oc-1fc"/>
      </symbol>
      <symbol id="sm-4f7">
         <name>__aeabi_cdrcmple</name>
         <value>0x5cfb</value>
         <object_component_ref idref="oc-204"/>
      </symbol>
      <symbol id="sm-50b">
         <name>__aeabi_ddiv</name>
         <value>0x5335</value>
         <object_component_ref idref="oc-16c"/>
      </symbol>
      <symbol id="sm-516">
         <name>__aeabi_dmul</name>
         <value>0x57c5</value>
         <object_component_ref idref="oc-157"/>
      </symbol>
      <symbol id="sm-520">
         <name>__aeabi_d2iz</name>
         <value>0x60f9</value>
         <object_component_ref idref="oc-1d4"/>
      </symbol>
      <symbol id="sm-52a">
         <name>__aeabi_d2uiz</name>
         <value>0x6185</value>
         <object_component_ref idref="oc-161"/>
      </symbol>
      <symbol id="sm-534">
         <name>__aeabi_i2d</name>
         <value>0x6399</value>
         <object_component_ref idref="oc-167"/>
      </symbol>
      <symbol id="sm-54f">
         <name>memcpy</name>
         <value>0x5b43</value>
         <object_component_ref idref="oc-3b"/>
      </symbol>
      <symbol id="sm-550">
         <name>__aeabi_memcpy</name>
         <value>0x5b43</value>
         <object_component_ref idref="oc-3b"/>
      </symbol>
      <symbol id="sm-551">
         <name>__aeabi_memcpy8</name>
         <value>0x5b43</value>
         <object_component_ref idref="oc-3b"/>
      </symbol>
      <symbol id="sm-552">
         <name>__aeabi_memcpy4</name>
         <value>0x5b43</value>
         <object_component_ref idref="oc-3b"/>
      </symbol>
      <symbol id="sm-55c">
         <name>__aeabi_ui2d</name>
         <value>0x6419</value>
         <object_component_ref idref="oc-184"/>
      </symbol>
      <symbol id="sm-573">
         <name>__TI_zero_init</name>
         <value>0x6553</value>
         <object_component_ref idref="oc-4d"/>
      </symbol>
      <symbol id="sm-58a">
         <name>__TI_decompress_none</name>
         <value>0x6539</value>
         <object_component_ref idref="oc-18"/>
      </symbol>
      <symbol id="sm-5ad">
         <name>__TI_decompress_lzss</name>
         <value>0x5ee3</value>
         <object_component_ref idref="oc-12"/>
      </symbol>
      <symbol id="sm-5c0">
         <name>__stack</name>
         <value>0x20001430</value>
         <object_component_ref idref="oc-21"/>
      </symbol>
      <symbol id="sm-5c1">
         <name>_c_int00_noargs</name>
         <value>0x62c5</value>
         <object_component_ref idref="oc-59"/>
      </symbol>
      <symbol id="sm-5d7">
         <name>__aeabi_errno_addr</name>
         <value>0x6575</value>
         <object_component_ref idref="oc-2f1"/>
      </symbol>
      <symbol id="sm-5d8">
         <name>errno</name>
         <value>0x2000345c</value>
         <object_component_ref idref="oc-3b1"/>
      </symbol>
      <symbol id="sm-5e3">
         <name>C$$EXIT</name>
         <value>0x6581</value>
         <object_component_ref idref="oc-117"/>
      </symbol>
      <symbol id="sm-5e4">
         <name>abort</name>
         <value>0x6581</value>
         <object_component_ref idref="oc-117"/>
      </symbol>
      <symbol id="sm-66a">
         <name>_sys_memory</name>
         <value>0x20002430</value>
         <object_component_ref idref="oc-24"/>
      </symbol>
      <symbol id="sm-66b">
         <name>free</name>
         <value>0x59b9</value>
         <object_component_ref idref="oc-1c7"/>
      </symbol>
      <symbol id="sm-66c">
         <name>calloc</name>
         <value>0x63c7</value>
         <object_component_ref idref="oc-1c1"/>
      </symbol>
      <symbol id="sm-66d">
         <name>malloc</name>
         <value>0x5dfd</value>
         <object_component_ref idref="oc-29f"/>
      </symbol>
      <symbol id="sm-66e">
         <name>minit</name>
         <value>0x62fd</value>
         <object_component_ref idref="oc-2a6"/>
      </symbol>
      <symbol id="sm-683">
         <name>_nop</name>
         <value>0x1767</value>
         <object_component_ref idref="oc-33b"/>
      </symbol>
      <symbol id="sm-684">
         <name>_lock</name>
         <value>0x2000344c</value>
         <object_component_ref idref="oc-237"/>
      </symbol>
      <symbol id="sm-685">
         <name>_unlock</name>
         <value>0x20003450</value>
         <object_component_ref idref="oc-237"/>
      </symbol>
      <symbol id="sm-6ad">
         <name>sprintf</name>
         <value>0x61c9</value>
         <object_component_ref idref="oc-f7"/>
      </symbol>
      <symbol id="sm-6bc">
         <name>strcmp</name>
         <value>0x649d</value>
         <object_component_ref idref="oc-1a5"/>
      </symbol>
      <symbol id="sm-6ca">
         <name>strcpy</name>
         <value>0x64df</value>
         <object_component_ref idref="oc-1ab"/>
      </symbol>
      <symbol id="sm-6d8">
         <name>strlen</name>
         <value>0x64f3</value>
         <object_component_ref idref="oc-1b1"/>
      </symbol>
      <symbol id="sm-702">
         <name>vsnprintf</name>
         <value>0x6209</value>
         <object_component_ref idref="oc-19f"/>
      </symbol>
      <symbol id="sm-769">
         <name>__kernel_rem_pio2</name>
         <value>0x2129</value>
         <object_component_ref idref="oc-329"/>
      </symbol>
      <symbol id="sm-77f">
         <name>__kernel_cos</name>
         <value>0x4b39</value>
         <object_component_ref idref="oc-323"/>
      </symbol>
      <symbol id="sm-796">
         <name>__kernel_sin</name>
         <value>0x49c5</value>
         <object_component_ref idref="oc-32f"/>
      </symbol>
      <symbol id="sm-7b3">
         <name>floorl</name>
         <value>0x58c1</value>
         <object_component_ref idref="oc-3da"/>
      </symbol>
      <symbol id="sm-7b4">
         <name>floor</name>
         <value>0x58c1</value>
         <object_component_ref idref="oc-3da"/>
      </symbol>
      <symbol id="sm-7dc">
         <name>__TI_auto_init_nobinit_nopinit</name>
         <value>0x6141</value>
         <object_component_ref idref="oc-123"/>
      </symbol>
      <symbol id="sm-7e6">
         <name>_system_pre_init</name>
         <value>0x657d</value>
         <object_component_ref idref="oc-99"/>
      </symbol>
      <symbol id="sm-94c">
         <name>__TI_printfi</name>
         <value>0xd09</value>
         <object_component_ref idref="oc-1e0"/>
      </symbol>
      <symbol id="sm-962">
         <name>atoi</name>
         <value>0x60ad</value>
         <object_component_ref idref="oc-2c1"/>
      </symbol>
      <symbol id="sm-96d">
         <name>_ctypes_</name>
         <value>0x66e0</value>
         <object_component_ref idref="oc-36f"/>
      </symbol>
      <symbol id="sm-97c">
         <name>ltoa</name>
         <value>0x6007</value>
         <object_component_ref idref="oc-37a"/>
      </symbol>
      <symbol id="sm-98c">
         <name>memccpy</name>
         <value>0x6439</value>
         <object_component_ref idref="oc-2e5"/>
      </symbol>
      <symbol id="sm-99c">
         <name>strchr</name>
         <value>0x64b5</value>
         <object_component_ref idref="oc-3a1"/>
      </symbol>
      <symbol id="sm-9b2">
         <name>frexpl</name>
         <value>0x5f4d</value>
         <object_component_ref idref="oc-39b"/>
      </symbol>
      <symbol id="sm-9b3">
         <name>frexp</name>
         <value>0x5f4d</value>
         <object_component_ref idref="oc-39b"/>
      </symbol>
      <symbol id="sm-9cc">
         <name>wcslen</name>
         <value>0x6507</value>
         <object_component_ref idref="oc-2eb"/>
      </symbol>
      <symbol id="sm-9d9">
         <name>__aeabi_uldivmod</name>
         <value>0x5bdf</value>
         <object_component_ref idref="oc-374"/>
      </symbol>
      <symbol id="sm-9e3">
         <name>__aeabi_idiv0</name>
         <value>0x3d83</value>
         <object_component_ref idref="oc-400"/>
      </symbol>
      <symbol id="sm-9e4">
         <name>__aeabi_ldiv0</name>
         <value>0x3d83</value>
         <object_component_ref idref="oc-400"/>
      </symbol>
      <symbol id="sm-a09">
         <name>IntRegister</name>
         <value>0x6335</value>
         <object_component_ref idref="oc-172"/>
      </symbol>
      <symbol id="sm-a0a">
         <name>g_pfnRAMVectors</name>
         <value>0x20000000</value>
         <object_component_ref idref="oc-258"/>
      </symbol>
      <symbol id="sm-a0b">
         <name>IntMasterEnable</name>
         <value>0x6519</value>
         <object_component_ref idref="oc-178"/>
      </symbol>
      <symbol id="sm-a15">
         <name>CPUcpsie</name>
         <value>0x6547</value>
         <object_component_ref idref="oc-262"/>
      </symbol>
      <symbol id="sm-a16">
         <name>__TI_static_base__</name>
         <value>0x0</value>
      </symbol>
      <symbol id="sm-a19">
         <name>__mpu_init</name>
         <value>0x0</value>
      </symbol>
      <symbol id="sm-a1a">
         <name>_system_post_cinit</name>
         <value>0x0</value>
      </symbol>
   </symbol_table>
   <title>Link successful</title>
</link_info>
