******************************************************************************
                  TI ARM Linker PC v18.1.2                     
******************************************************************************
>> Linked Sat Apr 27 17:24:40 2019

OUTPUT FILE NAME:   <Final Project.out>
ENTRY POINT SYMBOL: "_c_int00_noargs"  address: 000062c5


MEMORY CONFIGURATION

         name            origin    length      used     unused   attr    fill
----------------------  --------  ---------  --------  --------  ----  --------
  FLASH                 00000000   00040000  000068e6  0003971a  R  X
  SRAM                  20000000   00008000  00003458  00004ba8  RW X


SEGMENT ALLOCATION MAP

run origin  load origin   length   init length attrs members
----------  ----------- ---------- ----------- ----- -------
00000000    00000000    000068f0   000068f0    r-x
  00000000    00000000    0000026c   0000026c    r-- .intvecs
  0000026c    0000026c    00006318   00006318    r-x .text
  00006588    00006588    0000030a   0000030a    r-- .const
  00006898    00006898    00000058   00000058    r-- .cinit
20000000    20000000    00003460   00000000    rw-
  20000000    20000000    0000026c   00000000    rw- .vtable
  20000270    20000270    000011bc   00000000    rw- .bss
  20001430    20001430    00001000   00000000    rw- .stack
  20002430    20002430    00001000   00000000    rw- .sysmem
  20003430    20003430    00000030   00000000    rw- .data


SECTION ALLOCATION MAP

 output                                  attributes/
section   page    origin      length       input sections
--------  ----  ----------  ----------   ----------------
.intvecs   0    00000000    0000026c     
                  00000000    0000026c     tm4c123gh6pm_startup_ccs.obj (.intvecs)

.text      0    0000026c    00006318     
                  0000026c    00000a9c     open_interface.obj (.text)
                  00000d08    00000a5e     rtsv7M4_T_le_v4SPD16_eabi.lib : _printfi.c.obj (.text:__TI_printfi)
                  00001766    00000002                                   : _lock.c.obj (.text:_nop)
                  00001768    000009c0                                   : e_pow.c.obj (.text:pow)
                  00002128    00000738                                   : k_rem_pio2.c.obj (.text:__kernel_rem_pio2)
                  00002860    000006d8     scan.obj (.text)
                  00002f38    000005dc     rtsv7M4_T_le_v4SPD16_eabi.lib : s_cos.c.obj (.text:cos)
                  00003514    00000464     main.obj (.text)
                  00003978    0000040a     movement.obj (.text)
                  00003d82    00000002     rtsv7M4_T_le_v4SPD16_eabi.lib : div0.asm.obj (.text)
                  00003d84    00000408     lcd.obj (.text)
                  0000418c    00000270     rtsv7M4_T_le_v4SPD16_eabi.lib : _printfi.c.obj (.text:_pconv_a)
                  000043fc    00000240     cyBot_Sonar.lib : sonar.obj (.text)
                  0000463c    000001d0     rtsv7M4_T_le_v4SPD16_eabi.lib : _printfi.c.obj (.text:_pconv_g)
                  0000480c    000001b6                                   : fd_add_t2.asm.obj (.text)
                  000049c2    00000002     --HOLE-- [fill = 0]
                  000049c4    00000174                                   : k_sin.c.obj (.text:__kernel_sin)
                  00004b38    0000016c                                   : k_cos.c.obj (.text:__kernel_cos)
                  00004ca4    00000168     uart.obj (.text)
                  00004e0c    00000158     rtsv7M4_T_le_v4SPD16_eabi.lib : e_sqrt.c.obj (.text:sqrt)
                  00004f64    00000158     timer.obj (.text)
                  000050bc    0000013c     rtsv7M4_T_le_v4SPD16_eabi.lib : _printfi.c.obj (.text:_pconv_e)
                  000051f8    0000013c     adc.obj (.text)
                  00005334    00000136     rtsv7M4_T_le_v4SPD16_eabi.lib : fd_div_t2.asm.obj (.text)
                  0000546a    00000002     --HOLE-- [fill = 0]
                  0000546c    00000128     servo.obj (.text)
                  00005594    00000120     rtsv7M4_T_le_v4SPD16_eabi.lib : _printfi.c.obj (.text:fcvt)
                  000056b4    00000110                                   : s_scalbn.c.obj (.text:scalbn)
                  000057c4    000000fc                                   : fd_mul_t2.asm.obj (.text)
                  000058c0    000000f8                                   : s_floor.c.obj (.text:floor)
                  000059b8    000000d8                                   : memory.c.obj (.text:free)
                  00005a90    000000b1                                   : _printfi.c.obj (.text:_ltostr)
                  00005b41    00000001     --HOLE-- [fill = 0]
                  00005b42    0000009c                                   : memcpy_t2.asm.obj (.text)
                  00005bde    00000096                                   : ull_div_t2.asm.obj (.text)
                  00005c74    00000086                                   : fd_cmp_t2.asm.obj (.text:__aeabi_cdcmple)
                  00005cfa    00000086                                   : fd_cmp_t2.asm.obj (.text:__aeabi_cdrcmple)
                  00005d80    0000007a                                   : memset_t2.asm.obj (.text)
                  00005dfa    00000002     --HOLE-- [fill = 0]
                  00005dfc    00000078                                   : memory.c.obj (.text:malloc)
                  00005e74    0000006e                                   : _printfi.c.obj (.text:_mcpy)
                  00005ee2    00000068                                   : copy_decompress_lzss.c.obj (.text:decompress:lzss:__TI_decompress_lzss)
                  00005f4a    00000002     --HOLE-- [fill = 0]
                  00005f4c    00000064                                   : s_frexp.c.obj (.text:frexp)
                  00005fb0    00000056                                   : _printfi.c.obj (.text:_pconv_f)
                  00006006    00000054                                   : ltoa.c.obj (.text:ltoa)
                  0000605a    00000052                                   : _printfi.c.obj (.text:_ecpy)
                  000060ac    0000004c                                   : atoi.c.obj (.text:atoi)
                  000060f8    00000048                                   : fd_toi_t2.asm.obj (.text)
                  00006140    00000044                                   : autoinit.c.obj (.text:__TI_auto_init_nobinit_nopinit:__TI_auto_init_nobinit_nopinit)
                  00006184    00000044                                   : fd_tou_t2.asm.obj (.text)
                  000061c8    00000040                                   : sprintf.c.obj (.text:sprintf)
                  00006208    00000040                                   : vsnprintf.c.obj (.text:vsnprintf)
                  00006248    0000003e                                   : _printfi.c.obj (.text:_fcpy)
                  00006286    00000002     --HOLE-- [fill = 0]
                  00006288    0000003c                                   : memory.c.obj (.text:minsert)
                  000062c4    00000038                                   : boot_cortex_m.c.obj (.text:_c_int00_noargs:_c_int00_noargs)
                  000062fc    00000038                                   : memory.c.obj (.text:minit)
                  00006334    00000034     driverlib.lib : interrupt.obj (.text:IntRegister)
                  00006368    00000030     rtsv7M4_T_le_v4SPD16_eabi.lib : vsnprintf.c.obj (.text:_outs)
                  00006398    0000002e                                   : i_tofd_t2.asm.obj (.text)
                  000063c6    0000002a                                   : memory.c.obj (.text:calloc)
                  000063f0    00000028                                   : memory.c.obj (.text:mremove)
                  00006418    00000020                                   : u_tofd_t2.asm.obj (.text)
                  00006438    0000001c                                   : memccpy.c.obj (.text:memccpy)
                  00006454    00000018                                   : vsnprintf.c.obj (.text:_outc)
                  0000646c    00000018                                   : sprintf.c.obj (.text:_outs)
                  00006484    00000018     open_interface.obj (.text:oi_parseInt)
                  0000649c    00000018     rtsv7M4_T_le_v4SPD16_eabi.lib : strcmp.c.obj (.text:strcmp)
                  000064b4    00000016                                   : strchr.c.obj (.text:strchr)
                  000064ca    00000014                                   : s_copysign.c.obj (.text:copysign)
                  000064de    00000014                                   : strcpy.c.obj (.text:strcpy)
                  000064f2    00000014                                   : strlen.c.obj (.text:strlen)
                  00006506    00000012                                   : wcslen.c.obj (.text:wcslen)
                  00006518    00000010     driverlib.lib : interrupt.obj (.text:IntMasterEnable)
                  00006528    00000010     lcd.obj (.text:lcd_clear)
                  00006538    0000000e     rtsv7M4_T_le_v4SPD16_eabi.lib : copy_decompress_none.c.obj (.text:decompress:none:__TI_decompress_none)
                  00006546    0000000c     driverlib.lib : cpu.obj (.text:CPUcpsie)
                  00006552    0000000c     rtsv7M4_T_le_v4SPD16_eabi.lib : copy_zero_init.c.obj (.text:decompress:ZI:__TI_zero_init)
                  0000655e    0000000c     tm4c123gh6pm_startup_ccs.obj (.text)
                  0000656a    0000000a     rtsv7M4_T_le_v4SPD16_eabi.lib : sprintf.c.obj (.text:_outc)
                  00006574    00000008                                   : errno.c.obj (.text:__aeabi_errno_addr)
                  0000657c    00000004                                   : pre_init.c.obj (.text:_system_pre_init)
                  00006580    00000004                                   : exit.c.obj (.text:abort:abort)

.const     0    00006588    0000030a     
                  00006588    00000158     rtsv7M4_T_le_v4SPD16_eabi.lib : k_rem_pio2.c.obj (.const:$O1$$)
                  000066e0    00000101                                   : ctype.c.obj (.const:.string:_ctypes_)
                  000067e1    00000004     lcd.obj (.const:.string:lineAddress$1)
                  000067e5    00000003     --HOLE-- [fill = 0]
                  000067e8    00000030     rtsv7M4_T_le_v4SPD16_eabi.lib : e_pow.c.obj (.const:$O1$$)
                  00006818    00000024     main.obj (.const:.string:$P$T3$4)
                  0000683c    0000001f     main.obj (.const:.string:$P$T2$3)
                  0000685b    00000013     main.obj (.const:.string:$P$T1$2)
                  0000686e    00000011     main.obj (.const:.string:$P$T0$1)
                  0000687f    0000000f     open_interface.obj (.const:.string:$P$T0$3)
                  0000688e    00000004     lcd.obj (.const:.string:lineAddresses$2)

.cinit     0    00006898    00000058     
                  00006898    0000001d     (.cinit..data.load) [load image, compression = lzss]
                  000068b5    00000003     --HOLE-- [fill = 0]
                  000068b8    0000000c     (__TI_handler_table)
                  000068c4    00000004     --HOLE-- [fill = 0]
                  000068c8    00000008     (.cinit..bss.load) [load image, compression = zero_init]
                  000068d0    00000008     (.cinit..vtable.load) [load image, compression = zero_init]
                  000068d8    00000018     (__TI_cinit_table)

.init_array 
*          0    00000000    00000000     UNINITIALIZED

.vtable    0    20000000    0000026c     UNINITIALIZED
                  20000000    0000026c     driverlib.lib : interrupt.obj (.vtable)

.bss       0    20000270    000011bc     UNINITIALIZED
                  20000270    00000b50     (.common:sweep)
                  20000dc0    000002d0     (.common:dataOne)
                  20001090    00000280     (.common:obstacle)
                  20001310    00000078     (.common:sendstr)
                  20001388    00000054     lcd.obj (.bss:lastbuffer$3)
                  200013dc    00000018     open_interface.obj (.bss:firmware$2)
                  200013f4    00000004     (.common:endIndex)
                  200013f8    00000008     (.common:frontEdgeIR)
                  20001400    00000004     (.common:falling_time)
                  20001404    00000004     (.common:flag)
                  20001408    00000004     (.common:i)
                  2000140c    00000004     (.common:k)
                  20001410    00000004     (.common:l)
                  20001414    00000004     (.common:m)
                  20001418    00000004     (.common:p)
                  2000141c    00000004     (.common:rising_time)
                  20001420    00000004     (.common:smallestIndex)
                  20001424    00000004     (.common:startIndex)
                  20001428    00000004     (.common:totalObjs)

.stack     0    20001430    00001000     UNINITIALIZED
                  20001430    00000004     rtsv7M4_T_le_v4SPD16_eabi.lib : boot_cortex_m.c.obj (.stack)
                  20001434    00000ffc     --HOLE--

.sysmem    0    20002430    00001000     UNINITIALIZED
                  20002430    00000008     rtsv7M4_T_le_v4SPD16_eabi.lib : memory.c.obj (.sysmem)
                  20002438    00000ff8     --HOLE--

.data      0    20003430    00000030     UNINITIALIZED
                  20003430    00000010     open_interface.obj (.data)
                  20003440    0000000c     rtsv7M4_T_le_v4SPD16_eabi.lib : memory.c.obj (.data:$O1$$)
                  2000344c    00000008                                   : _lock.c.obj (.data:$O1$$)
                  20003454    00000008     cyBot_Sonar.lib : sonar.obj (.data)
                  2000345c    00000004     rtsv7M4_T_le_v4SPD16_eabi.lib : errno.c.obj (.data)

MODULE SUMMARY

       Module                         code    ro data   rw data
       ------                         ----    -------   -------
    .\
       scan.obj                       1752    0         4424   
       open_interface.obj             2740    15        40     
       main.obj                       1124    103       0      
       lcd.obj                        1048    8         84     
       movement.obj                   1034    0         0      
       tm4c123gh6pm_startup_ccs.obj   12      620       0      
       uart.obj                       360     0         0      
       timer.obj                      344     0         0      
       adc.obj                        316     0         0      
       servo.obj                      296     0         0      
    +--+------------------------------+-------+---------+---------+
       Total:                         9026    746       4548   
                                                               
    ../cyBot_Sonar.lib
       sonar.obj                      576     0         16     
    +--+------------------------------+-------+---------+---------+
       Total:                         576     0         16     
                                                               
    C:/ti/TivaWare_C_Series-2.1.4.178/driverlib/ccs/Debug/driverlib.lib
       interrupt.obj                  68      0         620    
       cpu.obj                        12      0         0      
    +--+------------------------------+-------+---------+---------+
       Total:                         80      0         620    
                                                               
    C:\ti\ccsv8\tools\compiler\ti-cgt-arm_18.1.2.LTS\lib\rtsv7M4_T_le_v4SPD16_eabi.lib
       _printfi.c.obj                 4863    0         0      
       e_pow.c.obj                    2496    48        0      
       k_rem_pio2.c.obj               1848    344       0      
       s_cos.c.obj                    1500    0         0      
       memory.c.obj                   534     0         12     
       fd_add_t2.asm.obj              438     0         0      
       k_sin.c.obj                    372     0         0      
       k_cos.c.obj                    364     0         0      
       e_sqrt.c.obj                   344     0         0      
       fd_div_t2.asm.obj              310     0         0      
       s_scalbn.c.obj                 272     0         0      
       fd_cmp_t2.asm.obj              268     0         0      
       ctype.c.obj                    0       257       0      
       fd_mul_t2.asm.obj              252     0         0      
       s_floor.c.obj                  248     0         0      
       memcpy_t2.asm.obj              156     0         0      
       ull_div_t2.asm.obj             150     0         0      
       vsnprintf.c.obj                136     0         0      
       memset_t2.asm.obj              122     0         0      
       copy_decompress_lzss.c.obj     104     0         0      
       s_frexp.c.obj                  100     0         0      
       sprintf.c.obj                  98      0         0      
       ltoa.c.obj                     84      0         0      
       atoi.c.obj                     76      0         0      
       fd_toi_t2.asm.obj              72      0         0      
       autoinit.c.obj                 68      0         0      
       fd_tou_t2.asm.obj              68      0         0      
       boot_cortex_m.c.obj            56      0         0      
       i_tofd_t2.asm.obj              46      0         0      
       u_tofd_t2.asm.obj              32      0         0      
       memccpy.c.obj                  28      0         0      
       strcmp.c.obj                   24      0         0      
       strchr.c.obj                   22      0         0      
       s_copysign.c.obj               20      0         0      
       strcpy.c.obj                   20      0         0      
       strlen.c.obj                   20      0         0      
       wcslen.c.obj                   18      0         0      
       copy_decompress_none.c.obj     14      0         0      
       copy_zero_init.c.obj           12      0         0      
       errno.c.obj                    8       0         4      
       _lock.c.obj                    2       0         8      
       exit.c.obj                     4       0         0      
       pre_init.c.obj                 4       0         0      
       div0.asm.obj                   2       0         0      
    +--+------------------------------+-------+---------+---------+
       Total:                         15675   649       24     
                                                               
       Heap:                          0       0         4096   
       Stack:                         0       0         4096   
       Linker Generated:              0       81        0      
    +--+------------------------------+-------+---------+---------+
       Grand Total:                   25357   1476      13400  


LINKER GENERATED COPY TABLES

__TI_cinit_table @ 000068d8 records: 3, size/record: 8, table size: 24
	.data: load addr=00006898, load size=0000001d bytes, run addr=20003430, run size=00000030 bytes, compression=lzss
	.bss: load addr=000068c8, load size=00000008 bytes, run addr=20000270, run size=000011bc bytes, compression=zero_init
	.vtable: load addr=000068d0, load size=00000008 bytes, run addr=20000000, run size=0000026c bytes, compression=zero_init


LINKER GENERATED HANDLER TABLE

__TI_handler_table @ 000068b8 records: 3, size/record: 4, table size: 12
	index: 0, handler: __TI_zero_init
	index: 1, handler: __TI_decompress_lzss
	index: 2, handler: __TI_decompress_none


GLOBAL SYMBOLS: SORTED ALPHABETICALLY BY Name 

address   name                          
-------   ----                          
00006581  C$$EXIT                       
00006547  CPUcpsie                      
00000b6d  GPIOF_Handler                 
00006519  IntMasterEnable               
00006335  IntRegister                   
0000655f  ResetISR                      
00004581  TIMER3B_Handler               
000043fd  TIMER3B_init                  
20002430  __STACK_END                   
00001000  __STACK_SIZE                  
20001630  __STACK_TOP                   
00001000  __SYSMEM_SIZE                 
000068d8  __TI_CINIT_Base               
000068f0  __TI_CINIT_Limit              
000068b8  __TI_Handler_Table_Base       
000068c4  __TI_Handler_Table_Limit      
00006141  __TI_auto_init_nobinit_nopinit
00005ee3  __TI_decompress_lzss          
00006539  __TI_decompress_none          
ffffffff  __TI_pprof_out_hndl           
00000d09  __TI_printfi                  
ffffffff  __TI_prof_data_size           
ffffffff  __TI_prof_data_start          
00000000  __TI_static_base__            
00006553  __TI_zero_init                
00005c75  __aeabi_cdcmpeq               
00005c75  __aeabi_cdcmple               
00005cfb  __aeabi_cdrcmple              
000060f9  __aeabi_d2iz                  
00006185  __aeabi_d2uiz                 
00004817  __aeabi_dadd                  
00005335  __aeabi_ddiv                  
000057c5  __aeabi_dmul                  
0000480d  __aeabi_dsub                  
00006575  __aeabi_errno_addr            
00006399  __aeabi_i2d                   
00003d83  __aeabi_idiv0                 
00003d83  __aeabi_ldiv0                 
00005d81  __aeabi_memclr                
00005d81  __aeabi_memclr4               
00005d81  __aeabi_memclr8               
00005b43  __aeabi_memcpy                
00005b43  __aeabi_memcpy4               
00005b43  __aeabi_memcpy8               
00005d83  __aeabi_memset                
00005d83  __aeabi_memset4               
00005d83  __aeabi_memset8               
00006419  __aeabi_ui2d                  
00005bdf  __aeabi_uldivmod              
ffffffff  __binit__                     
ffffffff  __c_args__                    
00004b39  __kernel_cos                  
00002129  __kernel_rem_pio2             
000049c5  __kernel_sin                  
UNDEFED   __mpu_init                    
20001430  __stack                       
000062c5  _c_int00_noargs               
000066e0  _ctypes_                      
2000344c  _lock                         
00001767  _nop                          
20002430  _sys_memory                   
UNDEFED   _system_post_cinit            
0000657d  _system_pre_init              
20003450  _unlock                       
00006581  abort                         
000060ad  atoi                          
0000528f  average_sensor_reading        
ffffffff  binit                         
000063c7  calloc                        
000064cb  copysign                      
000064cb  copysignl                     
00002f39  cos                           
00002f39  cosl                          
20000dc0  dataOne                       
200013f4  endIndex                      
2000345c  errno                         
20001400  falling_time                  
20001404  flag                          
000058c1  floor                         
000058c1  floorl                        
000059b9  free                          
00005f4d  frexp                         
00005f4d  frexpl                        
200013f8  frontEdgeIR                   
20000000  g_pfnRAMVectors               
00000000  g_pfnVectors                  
00000b99  getDegrees                    
00005275  get_sensor_reading            
00000929  go_charge                     
20001408  i                             
000051f9  init_ADC                      
2000140c  k                             
20001410  l                             
00006529  lcd_clear                     
00003f1d  lcd_gotoLine                  
00003d85  lcd_init                      
00003f83  lcd_printf                    
00003e45  lcd_putc                      
00003e7d  lcd_puts                      
00004061  lcd_rotatingBanner            
00003e9b  lcd_sendCommand               
00003ed9  lcd_sendNibble                
00003f45  lcd_setCursorPos              
000056b5  ldexp                         
000056b5  ldexpl                        
00006007  ltoa                          
20001414  m                             
00003515  main                          
00005dfd  malloc                        
00006439  memccpy                       
00005b43  memcpy                        
00005d89  memset                        
000062fd  minit                         
00003d3f  move_backward                 
00003979  move_forward                  
00003b85  move_forward_cliff            
00003a49  move_forward_collision        
20001090  obstacle                      
0000026d  oi_alloc                      
00000a53  oi_checkFirmware              
000002c3  oi_close                      
00000279  oi_free                       
000002ad  oi_init                       
00000289  oi_init_noupdate              
000008bf  oi_loadSong                   
00006485  oi_parseInt                   
00000327  oi_parsePacket                
00000915  oi_play_song                  
00000839  oi_setLeds                    
0000087d  oi_setWheels                  
00000afb  oi_shutoff_init               
00000937  oi_uartInit                   
000009db  oi_uartReceive                
00000a21  oi_uartSendBuff               
000009bf  oi_uartSendChar               
00000a03  oi_uartSendStr                
000002d5  oi_update                     
20003458  overflows                     
20001418  p                             
00004507  ping_read                     
00001769  pow                           
00001769  powl                          
2000141c  rising_time                   
000056b5  scalbn                        
000056b5  scalbnl                       
00002861  scan                          
00004497  send_pulse                    
20001310  sendstr                       
0000546d  servo_init                    
000054ff  servo_move                    
20001420  smallestIndex                 
000045c1  sonar_init                    
000061c9  sprintf                       
00004e0d  sqrt                          
00004e0d  sqrtl                         
20001424  startIndex                    
20003454  state                         
000064b5  strchr                        
0000649d  strcmp                        
000064df  strcpy                        
000064f3  strlen                        
20000270  sweep                         
00004569  time2dist                     
00005075  timer_getClock                
00005029  timer_startClock              
00004fc3  timer_startTimer              
0000507b  timer_stopClock               
00005013  timer_stopTimer               
00004f99  timer_waitMicros              
00004f65  timer_waitMillis              
20001428  totalObjs                     
00003a03  turn_left                     
000039c1  turn_right                    
00004d17  uart_Handler                  
00004ca5  uart_init                     
00004d8b  uart_receive                  
00004d6f  uart_sendChar                 
00004db1  uart_sendStr                  
00006209  vsnprintf                     
00006507  wcslen                        


GLOBAL SYMBOLS: SORTED BY Symbol Address 

address   name                          
-------   ----                          
00000000  __TI_static_base__            
00000000  g_pfnVectors                  
0000026d  oi_alloc                      
00000279  oi_free                       
00000289  oi_init_noupdate              
000002ad  oi_init                       
000002c3  oi_close                      
000002d5  oi_update                     
00000327  oi_parsePacket                
00000839  oi_setLeds                    
0000087d  oi_setWheels                  
000008bf  oi_loadSong                   
00000915  oi_play_song                  
00000929  go_charge                     
00000937  oi_uartInit                   
000009bf  oi_uartSendChar               
000009db  oi_uartReceive                
00000a03  oi_uartSendStr                
00000a21  oi_uartSendBuff               
00000a53  oi_checkFirmware              
00000afb  oi_shutoff_init               
00000b6d  GPIOF_Handler                 
00000b99  getDegrees                    
00000d09  __TI_printfi                  
00001000  __STACK_SIZE                  
00001000  __SYSMEM_SIZE                 
00001767  _nop                          
00001769  pow                           
00001769  powl                          
00002129  __kernel_rem_pio2             
00002861  scan                          
00002f39  cos                           
00002f39  cosl                          
00003515  main                          
00003979  move_forward                  
000039c1  turn_right                    
00003a03  turn_left                     
00003a49  move_forward_collision        
00003b85  move_forward_cliff            
00003d3f  move_backward                 
00003d83  __aeabi_idiv0                 
00003d83  __aeabi_ldiv0                 
00003d85  lcd_init                      
00003e45  lcd_putc                      
00003e7d  lcd_puts                      
00003e9b  lcd_sendCommand               
00003ed9  lcd_sendNibble                
00003f1d  lcd_gotoLine                  
00003f45  lcd_setCursorPos              
00003f83  lcd_printf                    
00004061  lcd_rotatingBanner            
000043fd  TIMER3B_init                  
00004497  send_pulse                    
00004507  ping_read                     
00004569  time2dist                     
00004581  TIMER3B_Handler               
000045c1  sonar_init                    
0000480d  __aeabi_dsub                  
00004817  __aeabi_dadd                  
000049c5  __kernel_sin                  
00004b39  __kernel_cos                  
00004ca5  uart_init                     
00004d17  uart_Handler                  
00004d6f  uart_sendChar                 
00004d8b  uart_receive                  
00004db1  uart_sendStr                  
00004e0d  sqrt                          
00004e0d  sqrtl                         
00004f65  timer_waitMillis              
00004f99  timer_waitMicros              
00004fc3  timer_startTimer              
00005013  timer_stopTimer               
00005029  timer_startClock              
00005075  timer_getClock                
0000507b  timer_stopClock               
000051f9  init_ADC                      
00005275  get_sensor_reading            
0000528f  average_sensor_reading        
00005335  __aeabi_ddiv                  
0000546d  servo_init                    
000054ff  servo_move                    
000056b5  ldexp                         
000056b5  ldexpl                        
000056b5  scalbn                        
000056b5  scalbnl                       
000057c5  __aeabi_dmul                  
000058c1  floor                         
000058c1  floorl                        
000059b9  free                          
00005b43  __aeabi_memcpy                
00005b43  __aeabi_memcpy4               
00005b43  __aeabi_memcpy8               
00005b43  memcpy                        
00005bdf  __aeabi_uldivmod              
00005c75  __aeabi_cdcmpeq               
00005c75  __aeabi_cdcmple               
00005cfb  __aeabi_cdrcmple              
00005d81  __aeabi_memclr                
00005d81  __aeabi_memclr4               
00005d81  __aeabi_memclr8               
00005d83  __aeabi_memset                
00005d83  __aeabi_memset4               
00005d83  __aeabi_memset8               
00005d89  memset                        
00005dfd  malloc                        
00005ee3  __TI_decompress_lzss          
00005f4d  frexp                         
00005f4d  frexpl                        
00006007  ltoa                          
000060ad  atoi                          
000060f9  __aeabi_d2iz                  
00006141  __TI_auto_init_nobinit_nopinit
00006185  __aeabi_d2uiz                 
000061c9  sprintf                       
00006209  vsnprintf                     
000062c5  _c_int00_noargs               
000062fd  minit                         
00006335  IntRegister                   
00006399  __aeabi_i2d                   
000063c7  calloc                        
00006419  __aeabi_ui2d                  
00006439  memccpy                       
00006485  oi_parseInt                   
0000649d  strcmp                        
000064b5  strchr                        
000064cb  copysign                      
000064cb  copysignl                     
000064df  strcpy                        
000064f3  strlen                        
00006507  wcslen                        
00006519  IntMasterEnable               
00006529  lcd_clear                     
00006539  __TI_decompress_none          
00006547  CPUcpsie                      
00006553  __TI_zero_init                
0000655f  ResetISR                      
00006575  __aeabi_errno_addr            
0000657d  _system_pre_init              
00006581  C$$EXIT                       
00006581  abort                         
000066e0  _ctypes_                      
000068b8  __TI_Handler_Table_Base       
000068c4  __TI_Handler_Table_Limit      
000068d8  __TI_CINIT_Base               
000068f0  __TI_CINIT_Limit              
20000000  g_pfnRAMVectors               
20000270  sweep                         
20000dc0  dataOne                       
20001090  obstacle                      
20001310  sendstr                       
200013f4  endIndex                      
200013f8  frontEdgeIR                   
20001400  falling_time                  
20001404  flag                          
20001408  i                             
2000140c  k                             
20001410  l                             
20001414  m                             
20001418  p                             
2000141c  rising_time                   
20001420  smallestIndex                 
20001424  startIndex                    
20001428  totalObjs                     
20001430  __stack                       
20001630  __STACK_TOP                   
20002430  __STACK_END                   
20002430  _sys_memory                   
2000344c  _lock                         
20003450  _unlock                       
20003454  state                         
20003458  overflows                     
2000345c  errno                         
ffffffff  __TI_pprof_out_hndl           
ffffffff  __TI_prof_data_size           
ffffffff  __TI_prof_data_start          
ffffffff  __binit__                     
ffffffff  __c_args__                    
ffffffff  binit                         
UNDEFED   __mpu_init                    
UNDEFED   _system_post_cinit            

[180 symbols]
