******************************************************************************
                  TI ARM Linker PC v18.1.2                     
******************************************************************************
>> Linked Tue Feb 26 19:36:25 2019

OUTPUT FILE NAME:   <Lab4.out>
ENTRY POINT SYMBOL: "_c_int00_noargs"  address: 00002665


MEMORY CONFIGURATION

         name            origin    length      used     unused   attr    fill
----------------------  --------  ---------  --------  --------  ----  --------
  FLASH                 00000000   00040000  0000299d  0003d663  R  X
  SRAM                  20000000   00008000  000012c4  00006d3c  RW X


SEGMENT ALLOCATION MAP

run origin  load origin   length   init length attrs members
----------  ----------- ---------- ----------- ----- -------
00000000    00000000    000029a0   000029a0    r-x
  00000000    00000000    0000026c   0000026c    r-- .intvecs
  0000026c    0000026c    000025e8   000025e8    r-x .text
  00002854    00002854    00000109   00000109    r-- .const
  00002960    00002960    00000040   00000040    r-- .cinit
20000000    20000000    000012c4   00000000    rw-
  20000000    20000000    0000026c   00000000    rw- .vtable
  2000026c    2000026c    00000004   00000000    rw- .data
  20000270    20000270    00001000   00000000    rw- .stack
  20001270    20001270    00000054   00000000    rw- .bss


SECTION ALLOCATION MAP

 output                                  attributes/
section   page    origin      length       input sections
--------  ----  ----------  ----------   ----------------
.intvecs   0    00000000    0000026c     
                  00000000    0000026c     tm4c123gh6pm_startup_ccs.obj (.intvecs)

.text      0    0000026c    000025e8     
                  0000026c    00000a5e     rtsv7M4_T_le_v4SPD16_eabi.lib : _printfi.c.obj (.text:__TI_printfi)
                  00000cca    00000002                                   : div0.asm.obj (.text)
                  00000ccc    00000408     lcd.obj (.text)
                  000010d4    00000270     rtsv7M4_T_le_v4SPD16_eabi.lib : _printfi.c.obj (.text:_pconv_a)
                  00001344    000001d0                                   : _printfi.c.obj (.text:_pconv_g)
                  00001514    000001b6                                   : fd_add_t2.asm.obj (.text)
                  000016ca    00000002     --HOLE-- [fill = 0]
                  000016cc    000001a8     uart.obj (.text)
                  00001874    00000158     timer.obj (.text)
                  000019cc    0000013c     rtsv7M4_T_le_v4SPD16_eabi.lib : _printfi.c.obj (.text:_pconv_e)
                  00001b08    00000136                                   : fd_div_t2.asm.obj (.text)
                  00001c3e    00000002     --HOLE-- [fill = 0]
                  00001c40    00000120                                   : _printfi.c.obj (.text:fcvt)
                  00001d60    00000110                                   : s_scalbn.c.obj (.text:scalbn)
                  00001e70    000000fc                                   : fd_mul_t2.asm.obj (.text)
                  00001f6c    000000b1                                   : _printfi.c.obj (.text:_ltostr)
                  0000201d    00000001     --HOLE-- [fill = 0]
                  0000201e    0000009c                                   : memcpy_t2.asm.obj (.text)
                  000020ba    00000096                                   : ull_div_t2.asm.obj (.text)
                  00002150    00000086                                   : fd_cmp_t2.asm.obj (.text:__aeabi_cdcmple)
                  000021d6    00000086                                   : fd_cmp_t2.asm.obj (.text:__aeabi_cdrcmple)
                  0000225c    0000007a                                   : memset_t2.asm.obj (.text)
                  000022d6    0000006e                                   : _printfi.c.obj (.text:_mcpy)
                  00002344    00000068                                   : copy_decompress_lzss.c.obj (.text:decompress:lzss:__TI_decompress_lzss)
                  000023ac    00000064                                   : s_frexp.c.obj (.text:frexp)
                  00002410    00000056                                   : _printfi.c.obj (.text:_pconv_f)
                  00002466    00000054                                   : ltoa.c.obj (.text:ltoa)
                  000024ba    00000052                                   : _printfi.c.obj (.text:_ecpy)
                  0000250c    0000004c                                   : atoi.c.obj (.text:atoi)
                  00002558    00000048                                   : fd_toi_t2.asm.obj (.text)
                  000025a0    00000044                                   : autoinit.c.obj (.text:__TI_auto_init_nobinit_nopinit:__TI_auto_init_nobinit_nopinit)
                  000025e4    00000040                                   : vsnprintf.c.obj (.text:vsnprintf)
                  00002624    0000003e                                   : _printfi.c.obj (.text:_fcpy)
                  00002662    00000002     --HOLE-- [fill = 0]
                  00002664    00000038                                   : boot_cortex_m.c.obj (.text:_c_int00_noargs:_c_int00_noargs)
                  0000269c    00000034     driverlib.lib : interrupt.obj (.text:IntRegister)
                  000026d0    00000030     rtsv7M4_T_le_v4SPD16_eabi.lib : vsnprintf.c.obj (.text:_outs)
                  00002700    0000002e                                   : i_tofd_t2.asm.obj (.text)
                  0000272e    0000001c                                   : memccpy.c.obj (.text:memccpy)
                  0000274a    00000018                                   : vsnprintf.c.obj (.text:_outc)
                  00002762    00000018                                   : strcmp.c.obj (.text:strcmp)
                  0000277a    00000016                                   : strchr.c.obj (.text:strchr)
                  00002790    00000014                                   : s_copysign.c.obj (.text:copysign)
                  000027a4    00000014                                   : strcpy.c.obj (.text:strcpy)
                  000027b8    00000014                                   : strlen.c.obj (.text:strlen)
                  000027cc    00000012                                   : copy_zero_init.c.obj (.text:decompress:ZI:__TI_zero_init_nomemset:__TI_zero_init_nomemset)
                  000027de    00000012                                   : wcslen.c.obj (.text:wcslen)
                  000027f0    00000010     driverlib.lib : interrupt.obj (.text:IntMasterEnable)
                  00002800    00000010     lcd.obj (.text:lcd_clear)
                  00002810    0000000e     rtsv7M4_T_le_v4SPD16_eabi.lib : copy_decompress_none.c.obj (.text:decompress:none:__TI_decompress_none)
                  0000281e    0000000e     main.obj (.text)
                  0000282c    0000000c     driverlib.lib : cpu.obj (.text:CPUcpsie)
                  00002838    0000000c     tm4c123gh6pm_startup_ccs.obj (.text)
                  00002844    00000008     rtsv7M4_T_le_v4SPD16_eabi.lib : errno.c.obj (.text:__aeabi_errno_addr)
                  0000284c    00000004                                   : pre_init.c.obj (.text:_system_pre_init)
                  00002850    00000004                                   : exit.c.obj (.text:abort:abort)

.const     0    00002854    00000109     
                  00002854    00000101     rtsv7M4_T_le_v4SPD16_eabi.lib : ctype.c.obj (.const:.string:_ctypes_)
                  00002955    00000004     lcd.obj (.const:.string:lineAddress$1)
                  00002959    00000004     lcd.obj (.const:.string:lineAddresses$2)

.cinit     0    00002960    00000040     
                  00002960    0000000c     (__TI_handler_table)
                  0000296c    00000004     --HOLE-- [fill = 0]
                  00002970    00000008     (.cinit..bss.load) [load image, compression = zero_init]
                  00002978    00000008     (.cinit..vtable.load) [load image, compression = zero_init]
                  00002980    00000007     (.cinit..data.load) [load image, compression = lzss]
                  00002987    00000001     --HOLE-- [fill = 0]
                  00002988    00000018     (__TI_cinit_table)

.init_array 
*          0    00000000    00000000     UNINITIALIZED

.vtable    0    20000000    0000026c     UNINITIALIZED
                  20000000    0000026c     driverlib.lib : interrupt.obj (.vtable)

.data      0    2000026c    00000004     UNINITIALIZED
                  2000026c    00000004     rtsv7M4_T_le_v4SPD16_eabi.lib : errno.c.obj (.data)

.bss       0    20001270    00000054     UNINITIALIZED
                  20001270    00000054     lcd.obj (.bss:lastbuffer$3)

.stack     0    20000270    00001000     UNINITIALIZED
                  20000270    00000004     rtsv7M4_T_le_v4SPD16_eabi.lib : boot_cortex_m.c.obj (.stack)
                  20000274    00000ffc     --HOLE--

MODULE SUMMARY

       Module                         code   ro data   rw data
       ------                         ----   -------   -------
    .\
       lcd.obj                        1048   8         84     
       tm4c123gh6pm_startup_ccs.obj   12     620       0      
       uart.obj                       424    0         0      
       timer.obj                      344    0         0      
       main.obj                       14     0         0      
    +--+------------------------------+------+---------+---------+
       Total:                         1842   628       84     
                                                              
    C:/ti/TivaWare_C_Series-2.1.4.178/driverlib/ccs/Debug/driverlib.lib
       interrupt.obj                  68     0         620    
       cpu.obj                        12     0         0      
    +--+------------------------------+------+---------+---------+
       Total:                         80     0         620    
                                                              
    C:\ti\ccsv8\tools\compiler\ti-cgt-arm_18.1.2.LTS\lib\rtsv7M4_T_le_v4SPD16_eabi.lib
       _printfi.c.obj                 4863   0         0      
       fd_add_t2.asm.obj              438    0         0      
       fd_div_t2.asm.obj              310    0         0      
       s_scalbn.c.obj                 272    0         0      
       fd_cmp_t2.asm.obj              268    0         0      
       ctype.c.obj                    0      257       0      
       fd_mul_t2.asm.obj              252    0         0      
       memcpy_t2.asm.obj              156    0         0      
       ull_div_t2.asm.obj             150    0         0      
       vsnprintf.c.obj                136    0         0      
       memset_t2.asm.obj              122    0         0      
       copy_decompress_lzss.c.obj     104    0         0      
       s_frexp.c.obj                  100    0         0      
       ltoa.c.obj                     84     0         0      
       atoi.c.obj                     76     0         0      
       fd_toi_t2.asm.obj              72     0         0      
       autoinit.c.obj                 68     0         0      
       boot_cortex_m.c.obj            56     0         0      
       i_tofd_t2.asm.obj              46     0         0      
       memccpy.c.obj                  28     0         0      
       strcmp.c.obj                   24     0         0      
       strchr.c.obj                   22     0         0      
       s_copysign.c.obj               20     0         0      
       strcpy.c.obj                   20     0         0      
       strlen.c.obj                   20     0         0      
       copy_zero_init.c.obj           18     0         0      
       wcslen.c.obj                   18     0         0      
       copy_decompress_none.c.obj     14     0         0      
       errno.c.obj                    8      0         4      
       exit.c.obj                     4      0         0      
       pre_init.c.obj                 4      0         0      
       div0.asm.obj                   2      0         0      
    +--+------------------------------+------+---------+---------+
       Total:                         7775   257       4      
                                                              
       Stack:                         0      0         4096   
       Linker Generated:              0      59        0      
    +--+------------------------------+------+---------+---------+
       Grand Total:                   9697   944       4804   


LINKER GENERATED COPY TABLES

__TI_cinit_table @ 00002988 records: 3, size/record: 8, table size: 24
	.bss: load addr=00002970, load size=00000008 bytes, run addr=20001270, run size=00000054 bytes, compression=zero_init
	.vtable: load addr=00002978, load size=00000008 bytes, run addr=20000000, run size=0000026c bytes, compression=zero_init
	.data: load addr=00002980, load size=00000007 bytes, run addr=2000026c, run size=00000004 bytes, compression=lzss


LINKER GENERATED HANDLER TABLE

__TI_handler_table @ 00002960 records: 3, size/record: 4, table size: 12
	index: 0, handler: __TI_zero_init
	index: 1, handler: __TI_decompress_lzss
	index: 2, handler: __TI_decompress_none


GLOBAL SYMBOLS: SORTED ALPHABETICALLY BY Name 

address   name                          
-------   ----                          
00002851  C$$EXIT                       
0000282d  CPUcpsie                      
000027f1  IntMasterEnable               
0000269d  IntRegister                   
00002839  ResetISR                      
20001270  __STACK_END                   
00001000  __STACK_SIZE                  
20000470  __STACK_TOP                   
00002988  __TI_CINIT_Base               
000029a0  __TI_CINIT_Limit              
00002960  __TI_Handler_Table_Base       
0000296c  __TI_Handler_Table_Limit      
000025a1  __TI_auto_init_nobinit_nopinit
00002345  __TI_decompress_lzss          
00002811  __TI_decompress_none          
ffffffff  __TI_pprof_out_hndl           
0000026d  __TI_printfi                  
ffffffff  __TI_prof_data_size           
ffffffff  __TI_prof_data_start          
00000000  __TI_static_base__            
000027cd  __TI_zero_init_nomemset       
00002151  __aeabi_cdcmpeq               
00002151  __aeabi_cdcmple               
000021d7  __aeabi_cdrcmple              
00002559  __aeabi_d2iz                  
0000151f  __aeabi_dadd                  
00001b09  __aeabi_ddiv                  
00001e71  __aeabi_dmul                  
00001515  __aeabi_dsub                  
00002845  __aeabi_errno_addr            
00002701  __aeabi_i2d                   
00000ccb  __aeabi_idiv0                 
00000ccb  __aeabi_ldiv0                 
0000225d  __aeabi_memclr                
0000225d  __aeabi_memclr4               
0000225d  __aeabi_memclr8               
0000201f  __aeabi_memcpy                
0000201f  __aeabi_memcpy4               
0000201f  __aeabi_memcpy8               
0000225f  __aeabi_memset                
0000225f  __aeabi_memset4               
0000225f  __aeabi_memset8               
000020bb  __aeabi_uldivmod              
ffffffff  __binit__                     
ffffffff  __c_args__                    
UNDEFED   __mpu_init                    
20000270  __stack                       
00002665  _c_int00_noargs               
00002854  _ctypes_                      
UNDEFED   _system_post_cinit            
0000284d  _system_pre_init              
00002851  abort                         
0000250d  atoi                          
ffffffff  binit                         
00002791  copysign                      
00002791  copysignl                     
2000026c  errno                         
000023ad  frexp                         
000023ad  frexpl                        
20000000  g_pfnRAMVectors               
00000000  g_pfnVectors                  
00002801  lcd_clear                     
00000e65  lcd_gotoLine                  
00000ccd  lcd_init                      
00000ecb  lcd_printf                    
00000d8d  lcd_putc                      
00000dc5  lcd_puts                      
00000fa9  lcd_rotatingBanner            
00000de3  lcd_sendCommand               
00000e21  lcd_sendNibble                
00000e8d  lcd_setCursorPos              
00001d61  ldexp                         
00001d61  ldexpl                        
00002467  ltoa                          
0000281f  main                          
0000272f  memccpy                       
0000201f  memcpy                        
00002265  memset                        
00001d61  scalbn                        
00001d61  scalbnl                       
0000277b  strchr                        
00002763  strcmp                        
000027a5  strcpy                        
000027b9  strlen                        
00001985  timer_getClock                
00001939  timer_startClock              
000018d3  timer_startTimer              
0000198b  timer_stopClock               
00001923  timer_stopTimer               
000018a9  timer_waitMicros              
00001875  timer_waitMillis              
0000177b  uart_Handler                  
000016cd  uart_init                     
00001801  uart_receive                  
000017e5  uart_sendChar                 
000025e5  vsnprintf                     
000027df  wcslen                        


GLOBAL SYMBOLS: SORTED BY Symbol Address 

address   name                          
-------   ----                          
00000000  __TI_static_base__            
00000000  g_pfnVectors                  
0000026d  __TI_printfi                  
00000ccb  __aeabi_idiv0                 
00000ccb  __aeabi_ldiv0                 
00000ccd  lcd_init                      
00000d8d  lcd_putc                      
00000dc5  lcd_puts                      
00000de3  lcd_sendCommand               
00000e21  lcd_sendNibble                
00000e65  lcd_gotoLine                  
00000e8d  lcd_setCursorPos              
00000ecb  lcd_printf                    
00000fa9  lcd_rotatingBanner            
00001000  __STACK_SIZE                  
00001515  __aeabi_dsub                  
0000151f  __aeabi_dadd                  
000016cd  uart_init                     
0000177b  uart_Handler                  
000017e5  uart_sendChar                 
00001801  uart_receive                  
00001875  timer_waitMillis              
000018a9  timer_waitMicros              
000018d3  timer_startTimer              
00001923  timer_stopTimer               
00001939  timer_startClock              
00001985  timer_getClock                
0000198b  timer_stopClock               
00001b09  __aeabi_ddiv                  
00001d61  ldexp                         
00001d61  ldexpl                        
00001d61  scalbn                        
00001d61  scalbnl                       
00001e71  __aeabi_dmul                  
0000201f  __aeabi_memcpy                
0000201f  __aeabi_memcpy4               
0000201f  __aeabi_memcpy8               
0000201f  memcpy                        
000020bb  __aeabi_uldivmod              
00002151  __aeabi_cdcmpeq               
00002151  __aeabi_cdcmple               
000021d7  __aeabi_cdrcmple              
0000225d  __aeabi_memclr                
0000225d  __aeabi_memclr4               
0000225d  __aeabi_memclr8               
0000225f  __aeabi_memset                
0000225f  __aeabi_memset4               
0000225f  __aeabi_memset8               
00002265  memset                        
00002345  __TI_decompress_lzss          
000023ad  frexp                         
000023ad  frexpl                        
00002467  ltoa                          
0000250d  atoi                          
00002559  __aeabi_d2iz                  
000025a1  __TI_auto_init_nobinit_nopinit
000025e5  vsnprintf                     
00002665  _c_int00_noargs               
0000269d  IntRegister                   
00002701  __aeabi_i2d                   
0000272f  memccpy                       
00002763  strcmp                        
0000277b  strchr                        
00002791  copysign                      
00002791  copysignl                     
000027a5  strcpy                        
000027b9  strlen                        
000027cd  __TI_zero_init_nomemset       
000027df  wcslen                        
000027f1  IntMasterEnable               
00002801  lcd_clear                     
00002811  __TI_decompress_none          
0000281f  main                          
0000282d  CPUcpsie                      
00002839  ResetISR                      
00002845  __aeabi_errno_addr            
0000284d  _system_pre_init              
00002851  C$$EXIT                       
00002851  abort                         
00002854  _ctypes_                      
00002960  __TI_Handler_Table_Base       
0000296c  __TI_Handler_Table_Limit      
00002988  __TI_CINIT_Base               
000029a0  __TI_CINIT_Limit              
20000000  g_pfnRAMVectors               
2000026c  errno                         
20000270  __stack                       
20000470  __STACK_TOP                   
20001270  __STACK_END                   
ffffffff  __TI_pprof_out_hndl           
ffffffff  __TI_prof_data_size           
ffffffff  __TI_prof_data_start          
ffffffff  __binit__                     
ffffffff  __c_args__                    
ffffffff  binit                         
UNDEFED   __mpu_init                    
UNDEFED   _system_post_cinit            

[97 symbols]
