******************************************************************************
                  TI ARM Linker PC v18.1.2                     
******************************************************************************
>> Linked Tue Mar  5 17:59:39 2019

OUTPUT FILE NAME:   <Lab5.out>
ENTRY POINT SYMBOL: "_c_int00_noargs"  address: 00004c09


MEMORY CONFIGURATION

         name            origin    length      used     unused   attr    fill
----------------------  --------  ---------  --------  --------  ----  --------
  FLASH                 00000000   00040000  000052d2  0003ad2e  R  X
  SRAM                  20000000   00008000  00002410  00005bf0  RW X


SEGMENT ALLOCATION MAP

run origin  load origin   length   init length attrs members
----------  ----------- ---------- ----------- ----- -------
00000000    00000000    000052d8   000052d8    r-x
  00000000    00000000    0000026c   0000026c    r-- .intvecs
  0000026c    0000026c    00004dea   00004dea    r-x .text
  00005058    00005058    000001e4   000001e4    r-- .const
  00005240    00005240    00000098   00000098    r-- .cinit
20000000    20000000    00002410   00000000    rw-
  20000000    20000000    00001000   00000000    rw- .stack
  20001000    20001000    00001000   00000000    rw- .sysmem
  20002000    20002000    0000021c   00000000    rw- .bss
  2000221c    2000221c    000001f4   00000000    rw- .data


SECTION ALLOCATION MAP

 output                                  attributes/
section   page    origin      length       input sections
--------  ----  ----------  ----------   ----------------
.intvecs   0    00000000    0000026c     
                  00000000    0000026c     tm4c123gh6pm_startup_ccs.obj (.intvecs)

.text      0    0000026c    00004dea     
                  0000026c    00000af0     rtsv7M4_T_le_v4SPD16_eabi.lib : _scanfi.c.obj (.text:__TI_scanfi)
                  00000d5c    00000a5e                                   : _printfi.c.obj (.text:__TI_printfi)
                  000017ba    00000002                                   : _lock.c.obj (.text:_nop)
                  000017bc    00000460                                   : strtod.c.obj (.text:strtod)
                  00001c1c    00000408     lcd.obj (.text)
                  00002024    00000270     rtsv7M4_T_le_v4SPD16_eabi.lib : _printfi.c.obj (.text:_pconv_a)
                  00002294    000001dc                                   : strtoll.c.obj (.text:strtoll)
                  00002470    000001d0                                   : _printfi.c.obj (.text:_pconv_g)
                  00002640    000001b6                                   : fd_add_t2.asm.obj (.text)
                  000027f6    00000002                                   : div0.asm.obj (.text)
                  000027f8    00000168     uart.obj (.text)
                  00002960    0000015c     rtsv7M4_T_le_v4SPD16_eabi.lib : strtoull.c.obj (.text:strtoull)
                  00002abc    00000158     timer.obj (.text)
                  00002c14    0000013c     rtsv7M4_T_le_v4SPD16_eabi.lib : _printfi.c.obj (.text:_pconv_e)
                  00002d50    00000136                                   : fd_div_t2.asm.obj (.text)
                  00002e86    00000002     --HOLE-- [fill = 0]
                  00002e88    00000130                                   : strtol.c.obj (.text:strtol)
                  00002fb8    00000120                                   : _printfi.c.obj (.text:fcvt)
                  000030d8    00000114                                   : fputs.c.obj (.text:fputs)
                  000031ec    00000110                                   : s_scalbn.c.obj (.text:scalbn)
                  000032fc    00000110                                   : strtoul.c.obj (.text:strtoul)
                  0000340c    00000104     main.obj (.text)
                  00003510    000000fc     rtsv7M4_T_le_v4SPD16_eabi.lib : fd_mul_t2.asm.obj (.text)
                  0000360c    000000dc                                   : setvbuf.c.obj (.text:setvbuf)
                  000036e8    000000d8                                   : memory.c.obj (.text:free)
                  000037c0    000000d0                                   : fopen.c.obj (.text:_openfile)
                  00003890    000000c8                                   : perror.c.obj (.text:perror)
                  00003958    000000bc                                   : open.c.obj (.text:open)
                  00003a14    000000b1                                   : _printfi.c.obj (.text:_ltostr)
                  00003ac5    00000003     --HOLE-- [fill = 0]
                  00003ac8    0000009c                                   : _bufread.c.obj (.text:__TI_buff_read)
                  00003b64    0000009c                                   : fopen.c.obj (.text:fopen)
                  00003c00    0000009c                                   : memcpy_t2.asm.obj (.text)
                  00003c9c    00000096                                   : ull_div_t2.asm.obj (.text)
                  00003d32    00000002     --HOLE-- [fill = 0]
                  00003d34    0000008c                                   : fputc.c.obj (.text:fputc)
                  00003dc0    00000088                                   : fscanf.c.obj (.text:_chkmbc)
                  00003e48    00000086                                   : fd_cmp_t2.asm.obj (.text:__aeabi_cdcmple)
                  00003ece    00000086                                   : fd_cmp_t2.asm.obj (.text:__aeabi_cdrcmple)
                  00003f54    00000084                                   : fgetc.c.obj (.text:fgetc)
                  00003fd8    00000080     lab5_scan_data.lib : lab5_scan_data.obj (.text)
                  00004058    00000080     rtsv7M4_T_le_v4SPD16_eabi.lib : ungetc.c.obj (.text:ungetc)
                  000040d8    0000007a                                   : memset_t2.asm.obj (.text)
                  00004152    00000002     --HOLE-- [fill = 0]
                  00004154    00000078                                   : memory.c.obj (.text:malloc)
                  000041cc    00000074                                   : fclose.c.obj (.text:__TI_closefile)
                  00004240    0000006e                                   : _printfi.c.obj (.text:_mcpy)
                  000042ae    0000006e                                   : fd_tos_t2.asm.obj (.text)
                  0000431c    00000068                                   : hostlseek.c.obj (.text:HOSTlseek)
                  00004384    00000068                                   : hostrename.c.obj (.text:HOSTrename)
                  000043ec    00000068                                   : copy_decompress_lzss.c.obj (.text:decompress:lzss:__TI_decompress_lzss)
                  00004454    00000068                                   : fscanf.c.obj (.text:fscanf)
                  000044bc    00000064                                   : s_frexp.c.obj (.text:frexp)
                  00004520    00000064                                   : fseek.c.obj (.text:fseek)
                  00004584    00000062                                   : _io_perm.c.obj (.text:__TI_wrt_ok)
                  000045e6    00000002     --HOLE-- [fill = 0]
                  000045e8    00000060                                   : hostopen.c.obj (.text:HOSTopen)
                  00004648    0000005c                                   : close.c.obj (.text:close)
                  000046a4    00000058                                   : hostread.c.obj (.text:HOSTread)
                  000046fc    00000058                                   : hostwrite.c.obj (.text:HOSTwrite)
                  00004754    00000056                                   : _printfi.c.obj (.text:_pconv_f)
                  000047aa    00000054                                   : ltoa.c.obj (.text:ltoa)
                  000047fe    00000052                                   : _printfi.c.obj (.text:_ecpy)
                  00004850    0000004c                                   : fflush.c.obj (.text:__TI_doflush)
                  0000489c    0000004c                                   : atoi.c.obj (.text:atoi)
                  000048e8    0000004a                                   : _io_perm.c.obj (.text:__TI_rd_ok)
                  00004932    00000002     --HOLE-- [fill = 0]
                  00004934    00000048                                   : exit.c.obj (.text:exit)
                  0000497c    00000048                                   : fd_toi_t2.asm.obj (.text)
                  000049c4    00000044                                   : hostclose.c.obj (.text:HOSTclose)
                  00004a08    00000044                                   : hostunlink.c.obj (.text:HOSTunlink)
                  00004a4c    00000044                                   : autoinit.c.obj (.text:__TI_auto_init_nobinit_nopinit:__TI_auto_init_nobinit_nopinit)
                  00004a90    00000044                                   : getdevice.c.obj (.text:getdevice)
                  00004ad4    00000040                                   : sprintf.c.obj (.text:sprintf)
                  00004b14    00000040                                   : vsnprintf.c.obj (.text:vsnprintf)
                  00004b54    0000003e                                   : _printfi.c.obj (.text:_fcpy)
                  00004b92    00000002     --HOLE-- [fill = 0]
                  00004b94    0000003c                                   : memory.c.obj (.text:minsert)
                  00004bd0    00000038                                   : trgmsg.c.obj (.text:__TI_writemsg)
                  00004c08    00000038                                   : boot_cortex_m.c.obj (.text:_c_int00_noargs:_c_int00_noargs)
                  00004c40    00000038                                   : memory.c.obj (.text:minit)
                  00004c78    00000038                                   : fs_tod_t2.asm.obj (.text)
                  00004cb0    00000036                                   : strncpy.c.obj (.text:strncpy)
                  00004ce6    00000002     --HOLE-- [fill = 0]
                  00004ce8    00000034                                   : fopen.c.obj (.text:__TI_cleanup)
                  00004d1c    00000034                                   : trgmsg.c.obj (.text:__TI_readmsg)
                  00004d50    00000030                                   : vsnprintf.c.obj (.text:_outs)
                  00004d80    00000030                                   : getdevice.c.obj (.text:finddevice)
                  00004db0    0000002e                                   : i_tofd_t2.asm.obj (.text)
                  00004dde    00000002     --HOLE-- [fill = 0]
                  00004de0    0000002c                                   : fclose.c.obj (.text:fclose)
                  00004e0c    0000002c                                   : unlink.c.obj (.text:unlink)
                  00004e38    00000028                                   : lseek.c.obj (.text:lseek)
                  00004e60    00000028                                   : memory.c.obj (.text:mremove)
                  00004e88    00000028                                   : read.c.obj (.text:read)
                  00004eb0    00000028                                   : write.c.obj (.text:write)
                  00004ed8    00000020                                   : memchr.c.obj (.text:memchr)
                  00004ef8    0000001c                                   : memccpy.c.obj (.text:memccpy)
                  00004f14    00000018                                   : vsnprintf.c.obj (.text:_outc)
                  00004f2c    00000018                                   : sprintf.c.obj (.text:_outs)
                  00004f44    00000018                                   : ll_mul_t2.asm.obj (.text)
                  00004f5c    00000018                                   : strcmp.c.obj (.text:strcmp)
                  00004f74    00000018                                   : strrchr.c.obj (.text:strrchr)
                  00004f8c    00000016                                   : strchr.c.obj (.text:strchr)
                  00004fa2    00000014                                   : s_copysign.c.obj (.text:copysign)
                  00004fb6    00000014                                   : strcpy.c.obj (.text:strcpy)
                  00004fca    00000014                                   : strlen.c.obj (.text:strlen)
                  00004fde    00000012                                   : copy_zero_init.c.obj (.text:decompress:ZI:__TI_zero_init_nomemset:__TI_zero_init_nomemset)
                  00004ff0    00000012                                   : wcslen.c.obj (.text:wcslen)
                  00005002    00000010     lcd.obj (.text:lcd_clear)
                  00005012    0000000e     rtsv7M4_T_le_v4SPD16_eabi.lib : copy_decompress_none.c.obj (.text:decompress:none:__TI_decompress_none)
                  00005020    0000000c     tm4c123gh6pm_startup_ccs.obj (.text)
                  0000502c    0000000a     rtsv7M4_T_le_v4SPD16_eabi.lib : sprintf.c.obj (.text:_outc)
                  00005036    0000000a                                   : fscanf.c.obj (.text:_uninpchar)
                  00005040    00000008                                   : errno.c.obj (.text:__aeabi_errno_addr)
                  00005048    00000006                                   : fscanf.c.obj (.text:_inpchar)
                  0000504e    00000004                                   : pre_init.c.obj (.text:_system_pre_init)
                  00005052    00000004                                   : exit.c.obj (.text:abort:abort)

.const     0    00005058    000001e4     
                  00005058    00000101     rtsv7M4_T_le_v4SPD16_eabi.lib : ctype.c.obj (.const:.string:_ctypes_)
                  00005159    00000004     lcd.obj (.const:.string:lineAddress$1)
                  0000515d    00000003     --HOLE-- [fill = 0]
                  00005160    000000c8     rtsv7M4_T_le_v4SPD16_eabi.lib : strtod.c.obj (.const:$O1$$)
                  00005228    00000010                                   : _scanfi.c.obj (.const:$O1$$)
                  00005238    00000004     lcd.obj (.const:.string:lineAddresses$2)

.cinit     0    00005240    00000098     
                  00005240    00000071     (.cinit..data.load) [load image, compression = lzss]
                  000052b1    00000003     --HOLE-- [fill = 0]
                  000052b4    0000000c     (__TI_handler_table)
                  000052c0    00000008     (.cinit..bss.load) [load image, compression = zero_init]
                  000052c8    00000010     (__TI_cinit_table)

.init_array 
*          0    00000000    00000000     UNINITIALIZED

.stack     0    20000000    00001000     UNINITIALIZED
                  20000000    00000004     rtsv7M4_T_le_v4SPD16_eabi.lib : boot_cortex_m.c.obj (.stack)
                  20000004    00000ffc     --HOLE--

.sysmem    0    20001000    00001000     UNINITIALIZED
                  20001000    00000008     rtsv7M4_T_le_v4SPD16_eabi.lib : memory.c.obj (.sysmem)
                  20001008    00000ff8     --HOLE--

.bss       0    20002000    0000021c     UNINITIALIZED
                  20002000    00000120     rtsv7M4_T_le_v4SPD16_eabi.lib : trgmsg.c.obj (.bss:_CIOBUF_)
                  20002120    000000a0     (.common:__TI_tmpnams)
                  200021c0    00000054     lcd.obj (.bss:lastbuffer$3)
                  20002214    00000008     (.common:parmbuf)

.data      0    2000221c    000001f4     UNINITIALIZED
                  2000221c    000000f0     rtsv7M4_T_le_v4SPD16_eabi.lib : defs.c.obj (.data:_ftable)
                  2000230c    00000078                                   : write.c.obj (.data:_device)
                  20002384    00000050                                   : write.c.obj (.data:_stream)
                  200023d4    00000010                                   : defs.c.obj (.data)
                  200023e4    0000000c                                   : exit.c.obj (.data:$O1$$)
                  200023f0    0000000c                                   : memory.c.obj (.data:$O1$$)
                  200023fc    00000008                                   : _lock.c.obj (.data:$O1$$)
                  20002404    00000004                                   : errno.c.obj (.data)
                  20002408    00000004                                   : fopen.c.obj (.data)
                  2000240c    00000004                                   : open.c.obj (.data)

MODULE SUMMARY

       Module                         code    ro data   rw data
       ------                         ----    -------   -------
    .\
       lcd.obj                        1048    8         84     
       tm4c123gh6pm_startup_ccs.obj   12      620       0      
       uart.obj                       360     0         0      
       timer.obj                      344     0         0      
       main.obj                       260     0         0      
    +--+------------------------------+-------+---------+---------+
       Total:                         2024    628       84     
                                                               
    ../lab5_scan_data.lib
       lab5_scan_data.obj             128     0         0      
    +--+------------------------------+-------+---------+---------+
       Total:                         128     0         0      
                                                               
    C:\ti\ccsv8\tools\compiler\ti-cgt-arm_18.1.2.LTS\lib\rtsv7M4_T_le_v4SPD16_eabi.lib
       _printfi.c.obj                 4863    0         0      
       _scanfi.c.obj                  2800    16        0      
       strtod.c.obj                   1120    200       0      
       memory.c.obj                   492     0         12     
       strtoll.c.obj                  476     0         0      
       fd_add_t2.asm.obj              438     0         0      
       fopen.c.obj                    416     0         4      
       defs.c.obj                     0       0         416    
       trgmsg.c.obj                   108     0         288    
       strtoull.c.obj                 348     0         0      
       fd_div_t2.asm.obj              310     0         0      
       strtol.c.obj                   304     0         0      
       fputs.c.obj                    276     0         0      
       s_scalbn.c.obj                 272     0         0      
       strtoul.c.obj                  272     0         0      
       fd_cmp_t2.asm.obj              268     0         0      
       ctype.c.obj                    0       257       0      
       fscanf.c.obj                   256     0         0      
       fd_mul_t2.asm.obj              252     0         0      
       write.c.obj                    40      0         200    
       setvbuf.c.obj                  220     0         0      
       perror.c.obj                   200     0         0      
       open.c.obj                     188     0         4      
       _io_perm.c.obj                 172     0         0      
       fclose.c.obj                   160     0         0      
       _bufread.c.obj                 156     0         0      
       memcpy_t2.asm.obj              156     0         0      
       ull_div_t2.asm.obj             150     0         0      
       fputc.c.obj                    140     0         0      
       vsnprintf.c.obj                136     0         0      
       fgetc.c.obj                    132     0         0      
       ungetc.c.obj                   128     0         0      
       memset_t2.asm.obj              122     0         0      
       getdevice.c.obj                116     0         0      
       fd_tos_t2.asm.obj              110     0         0      
       copy_decompress_lzss.c.obj     104     0         0      
       hostlseek.c.obj                104     0         0      
       hostopen.c.obj                 96      0         8      
       hostrename.c.obj               104     0         0      
       fseek.c.obj                    100     0         0      
       s_frexp.c.obj                  100     0         0      
       sprintf.c.obj                  98      0         0      
       close.c.obj                    92      0         0      
       exit.c.obj                     76      0         12     
       hostread.c.obj                 88      0         0      
       hostwrite.c.obj                88      0         0      
       ltoa.c.obj                     84      0         0      
       atoi.c.obj                     76      0         0      
       fflush.c.obj                   76      0         0      
       fd_toi_t2.asm.obj              72      0         0      
       autoinit.c.obj                 68      0         0      
       hostclose.c.obj                68      0         0      
       hostunlink.c.obj               68      0         0      
       boot_cortex_m.c.obj            56      0         0      
       fs_tod_t2.asm.obj              56      0         0      
       strncpy.c.obj                  54      0         0      
       i_tofd_t2.asm.obj              46      0         0      
       unlink.c.obj                   44      0         0      
       lseek.c.obj                    40      0         0      
       read.c.obj                     40      0         0      
       memchr.c.obj                   32      0         0      
       memccpy.c.obj                  28      0         0      
       ll_mul_t2.asm.obj              24      0         0      
       strcmp.c.obj                   24      0         0      
       strrchr.c.obj                  24      0         0      
       strchr.c.obj                   22      0         0      
       s_copysign.c.obj               20      0         0      
       strcpy.c.obj                   20      0         0      
       strlen.c.obj                   20      0         0      
       copy_zero_init.c.obj           18      0         0      
       wcslen.c.obj                   18      0         0      
       copy_decompress_none.c.obj     14      0         0      
       errno.c.obj                    8       0         4      
       _lock.c.obj                    2       0         8      
       pre_init.c.obj                 4       0         0      
       div0.asm.obj                   2       0         0      
    +--+------------------------------+-------+---------+---------+
       Total:                         17775   473       956    
                                                               
       Heap:                          0       0         4096   
       Stack:                         0       0         4096   
       Linker Generated:              0       149       0      
    +--+------------------------------+-------+---------+---------+
       Grand Total:                   19927   1250      9232   


LINKER GENERATED COPY TABLES

__TI_cinit_table @ 000052c8 records: 2, size/record: 8, table size: 16
	.data: load addr=00005240, load size=00000071 bytes, run addr=2000221c, run size=000001f4 bytes, compression=lzss
	.bss: load addr=000052c0, load size=00000008 bytes, run addr=20002000, run size=0000021c bytes, compression=zero_init


LINKER GENERATED HANDLER TABLE

__TI_handler_table @ 000052b4 records: 3, size/record: 4, table size: 12
	index: 0, handler: __TI_decompress_lzss
	index: 1, handler: __TI_decompress_none
	index: 2, handler: __TI_zero_init


GLOBAL SYMBOLS: SORTED ALPHABETICALLY BY Name 

address   name                           
-------   ----                           
00005053  C$$EXIT                        
00004bff  C$$IO$$                        
000049c5  HOSTclose                      
0000431d  HOSTlseek                      
000045e9  HOSTopen                       
000046a5  HOSTread                       
00004385  HOSTrename                     
00004a09  HOSTunlink                     
000046fd  HOSTwrite                      
00005021  ResetISR                       
20002000  __CIOBUF_                      
20001000  __STACK_END                    
00001000  __STACK_SIZE                   
20000200  __STACK_TOP                    
00001000  __SYSMEM_SIZE                  
000052c8  __TI_CINIT_Base                
000052d8  __TI_CINIT_Limit               
000052b4  __TI_Handler_Table_Base        
000052c0  __TI_Handler_Table_Limit       
00004a4d  __TI_auto_init_nobinit_nopinit 
00003ac9  __TI_buff_read                 
00004ce9  __TI_cleanup                   
200023e4  __TI_cleanup_ptr               
000041cd  __TI_closefile                 
000043ed  __TI_decompress_lzss           
00005013  __TI_decompress_none           
00004851  __TI_doflush                   
200023e8  __TI_dtors_ptr                 
200023ec  __TI_enable_exit_profile_output
200023d4  __TI_ft_end                    
ffffffff  __TI_pprof_out_hndl            
00000d5d  __TI_printfi                   
ffffffff  __TI_prof_data_size            
ffffffff  __TI_prof_data_start           
000048e9  __TI_rd_ok                     
00004d1d  __TI_readmsg                   
0000026d  __TI_scanfi                    
00000000  __TI_static_base__             
20002120  __TI_tmpnams                   
00004bd1  __TI_writemsg                  
00004585  __TI_wrt_ok                    
00004fdf  __TI_zero_init_nomemset        
00003e49  __aeabi_cdcmpeq                
00003e49  __aeabi_cdcmple                
00003ecf  __aeabi_cdrcmple               
000042af  __aeabi_d2f                    
0000497d  __aeabi_d2iz                   
0000264b  __aeabi_dadd                   
00002d51  __aeabi_ddiv                   
00003511  __aeabi_dmul                   
00002641  __aeabi_dsub                   
00005041  __aeabi_errno_addr             
00004c79  __aeabi_f2d                    
00004db1  __aeabi_i2d                    
000027f7  __aeabi_idiv0                  
000027f7  __aeabi_ldiv0                  
00004f45  __aeabi_lmul                   
000040d9  __aeabi_memclr                 
000040d9  __aeabi_memclr4                
000040d9  __aeabi_memclr8                
00003c01  __aeabi_memcpy                 
00003c01  __aeabi_memcpy4                
00003c01  __aeabi_memcpy8                
000040db  __aeabi_memset                 
000040db  __aeabi_memset4                
000040db  __aeabi_memset8                
200023e0  __aeabi_stderr                 
200023d8  __aeabi_stdin                  
200023dc  __aeabi_stdout                 
00003c9d  __aeabi_uldivmod               
ffffffff  __binit__                      
ffffffff  __c_args__                     
UNDEFED   __mpu_init                     
20000000  __stack                        
00004c09  _c_int00_noargs                
00005058  _ctypes_                       
2000230c  _device                        
2000221c  _ftable                        
200023fc  _lock                          
000017bb  _nop                           
20002384  _stream                        
20001000  _sys_memory                    
UNDEFED   _system_post_cinit             
0000504f  _system_pre_init               
20002400  _unlock                        
00005053  abort                          
0000489d  atoi                           
ffffffff  binit                          
00004649  close                          
00004fa3  copysign                       
00004fa3  copysignl                      
20002404  errno                          
00004935  exit                           
00004de1  fclose                         
00003f55  fgetc                          
00004d81  finddevice                     
00003b65  fopen                          
00003d35  fputc                          
000030d9  fputs                          
000036e9  free                           
000044bd  frexp                          
000044bd  frexpl                         
00004455  fscanf                         
00004521  fseek                          
00000000  g_pfnVectors                   
00003fd9  get_reading                    
00003f55  getc                           
00004a91  getdevice                      
00005003  lcd_clear                      
00001db5  lcd_gotoLine                   
00001c1d  lcd_init                       
00001e1b  lcd_printf                     
00001cdd  lcd_putc                       
00001d15  lcd_puts                       
00001ef9  lcd_rotatingBanner             
00001d33  lcd_sendCommand                
00001d71  lcd_sendNibble                 
00001ddd  lcd_setCursorPos               
000031ed  ldexp                          
000031ed  ldexpl                         
00004e39  lseek                          
000047ab  ltoa                           
0000340d  main                           
00004155  malloc                         
00004ef9  memccpy                        
00004ed9  memchr                         
00003c01  memcpy                         
000040e1  memset                         
00004c41  minit                          
00003959  open                           
20002214  parmbuf                        
00003891  perror                         
00003d35  putc                           
00004e89  read                           
00004e0d  remove                         
000031ed  scalbn                         
000031ed  scalbnl                        
0000360d  setvbuf                        
00004ad5  sprintf                        
00004f8d  strchr                         
00004f5d  strcmp                         
00004fb7  strcpy                         
00004fcb  strlen                         
00004cb1  strncpy                        
00004f75  strrchr                        
000017bd  strtod                         
00002e89  strtol                         
000017bd  strtold                        
00002295  strtoll                        
000032fd  strtoul                        
00002961  strtoull                       
00002bcd  timer_getClock                 
00002b81  timer_startClock               
00002b1b  timer_startTimer               
00002bd3  timer_stopClock                
00002b6b  timer_stopTimer                
00002af1  timer_waitMicros               
00002abd  timer_waitMillis               
0000286b  uart_Handler                   
000027f9  uart_init                      
000028df  uart_receive                   
000028c3  uart_sendChar                  
00002905  uart_sendStr                   
00004059  ungetc                         
00004e0d  unlink                         
00004b15  vsnprintf                      
00004ff1  wcslen                         
00004eb1  write                          


GLOBAL SYMBOLS: SORTED BY Symbol Address 

address   name                           
-------   ----                           
00000000  __TI_static_base__             
00000000  g_pfnVectors                   
0000026d  __TI_scanfi                    
00000d5d  __TI_printfi                   
00001000  __STACK_SIZE                   
00001000  __SYSMEM_SIZE                  
000017bb  _nop                           
000017bd  strtod                         
000017bd  strtold                        
00001c1d  lcd_init                       
00001cdd  lcd_putc                       
00001d15  lcd_puts                       
00001d33  lcd_sendCommand                
00001d71  lcd_sendNibble                 
00001db5  lcd_gotoLine                   
00001ddd  lcd_setCursorPos               
00001e1b  lcd_printf                     
00001ef9  lcd_rotatingBanner             
00002295  strtoll                        
00002641  __aeabi_dsub                   
0000264b  __aeabi_dadd                   
000027f7  __aeabi_idiv0                  
000027f7  __aeabi_ldiv0                  
000027f9  uart_init                      
0000286b  uart_Handler                   
000028c3  uart_sendChar                  
000028df  uart_receive                   
00002905  uart_sendStr                   
00002961  strtoull                       
00002abd  timer_waitMillis               
00002af1  timer_waitMicros               
00002b1b  timer_startTimer               
00002b6b  timer_stopTimer                
00002b81  timer_startClock               
00002bcd  timer_getClock                 
00002bd3  timer_stopClock                
00002d51  __aeabi_ddiv                   
00002e89  strtol                         
000030d9  fputs                          
000031ed  ldexp                          
000031ed  ldexpl                         
000031ed  scalbn                         
000031ed  scalbnl                        
000032fd  strtoul                        
0000340d  main                           
00003511  __aeabi_dmul                   
0000360d  setvbuf                        
000036e9  free                           
00003891  perror                         
00003959  open                           
00003ac9  __TI_buff_read                 
00003b65  fopen                          
00003c01  __aeabi_memcpy                 
00003c01  __aeabi_memcpy4                
00003c01  __aeabi_memcpy8                
00003c01  memcpy                         
00003c9d  __aeabi_uldivmod               
00003d35  fputc                          
00003d35  putc                           
00003e49  __aeabi_cdcmpeq                
00003e49  __aeabi_cdcmple                
00003ecf  __aeabi_cdrcmple               
00003f55  fgetc                          
00003f55  getc                           
00003fd9  get_reading                    
00004059  ungetc                         
000040d9  __aeabi_memclr                 
000040d9  __aeabi_memclr4                
000040d9  __aeabi_memclr8                
000040db  __aeabi_memset                 
000040db  __aeabi_memset4                
000040db  __aeabi_memset8                
000040e1  memset                         
00004155  malloc                         
000041cd  __TI_closefile                 
000042af  __aeabi_d2f                    
0000431d  HOSTlseek                      
00004385  HOSTrename                     
000043ed  __TI_decompress_lzss           
00004455  fscanf                         
000044bd  frexp                          
000044bd  frexpl                         
00004521  fseek                          
00004585  __TI_wrt_ok                    
000045e9  HOSTopen                       
00004649  close                          
000046a5  HOSTread                       
000046fd  HOSTwrite                      
000047ab  ltoa                           
00004851  __TI_doflush                   
0000489d  atoi                           
000048e9  __TI_rd_ok                     
00004935  exit                           
0000497d  __aeabi_d2iz                   
000049c5  HOSTclose                      
00004a09  HOSTunlink                     
00004a4d  __TI_auto_init_nobinit_nopinit 
00004a91  getdevice                      
00004ad5  sprintf                        
00004b15  vsnprintf                      
00004bd1  __TI_writemsg                  
00004bff  C$$IO$$                        
00004c09  _c_int00_noargs                
00004c41  minit                          
00004c79  __aeabi_f2d                    
00004cb1  strncpy                        
00004ce9  __TI_cleanup                   
00004d1d  __TI_readmsg                   
00004d81  finddevice                     
00004db1  __aeabi_i2d                    
00004de1  fclose                         
00004e0d  remove                         
00004e0d  unlink                         
00004e39  lseek                          
00004e89  read                           
00004eb1  write                          
00004ed9  memchr                         
00004ef9  memccpy                        
00004f45  __aeabi_lmul                   
00004f5d  strcmp                         
00004f75  strrchr                        
00004f8d  strchr                         
00004fa3  copysign                       
00004fa3  copysignl                      
00004fb7  strcpy                         
00004fcb  strlen                         
00004fdf  __TI_zero_init_nomemset        
00004ff1  wcslen                         
00005003  lcd_clear                      
00005013  __TI_decompress_none           
00005021  ResetISR                       
00005041  __aeabi_errno_addr             
0000504f  _system_pre_init               
00005053  C$$EXIT                        
00005053  abort                          
00005058  _ctypes_                       
000052b4  __TI_Handler_Table_Base        
000052c0  __TI_Handler_Table_Limit       
000052c8  __TI_CINIT_Base                
000052d8  __TI_CINIT_Limit               
20000000  __stack                        
20000200  __STACK_TOP                    
20001000  __STACK_END                    
20001000  _sys_memory                    
20002000  __CIOBUF_                      
20002120  __TI_tmpnams                   
20002214  parmbuf                        
2000221c  _ftable                        
2000230c  _device                        
20002384  _stream                        
200023d4  __TI_ft_end                    
200023d8  __aeabi_stdin                  
200023dc  __aeabi_stdout                 
200023e0  __aeabi_stderr                 
200023e4  __TI_cleanup_ptr               
200023e8  __TI_dtors_ptr                 
200023ec  __TI_enable_exit_profile_output
200023fc  _lock                          
20002400  _unlock                        
20002404  errno                          
ffffffff  __TI_pprof_out_hndl            
ffffffff  __TI_prof_data_size            
ffffffff  __TI_prof_data_start           
ffffffff  __binit__                      
ffffffff  __c_args__                     
ffffffff  binit                          
UNDEFED   __mpu_init                     
UNDEFED   _system_post_cinit             

[168 symbols]
