<?xml version="1.0" encoding="ISO-8859-1" ?>
<link_info>
   <banner>TI ARM Linker PC v18.1.2.LTS</banner>
   <copyright>Copyright (c) 1996-2017 Texas Instruments Incorporated</copyright>
   <link_time>0x5c7f0d6b</link_time>
   <link_errors>0x0</link_errors>
   <output_file>Lab5.out</output_file>
   <entry_point>
      <name>_c_int00_noargs</name>
      <address>0x4c09</address>
   </entry_point>
   <input_file_list>
      <input_file id="fl-2">
         <path>.\</path>
         <kind>object</kind>
         <file>lcd.obj</file>
         <name>lcd.obj</name>
      </input_file>
      <input_file id="fl-3">
         <path>.\</path>
         <kind>object</kind>
         <file>main.obj</file>
         <name>main.obj</name>
      </input_file>
      <input_file id="fl-4">
         <path>.\</path>
         <kind>object</kind>
         <file>timer.obj</file>
         <name>timer.obj</name>
      </input_file>
      <input_file id="fl-5">
         <path>.\</path>
         <kind>object</kind>
         <file>tm4c123gh6pm_startup_ccs.obj</file>
         <name>tm4c123gh6pm_startup_ccs.obj</name>
      </input_file>
      <input_file id="fl-6">
         <path>.\</path>
         <kind>object</kind>
         <file>uart.obj</file>
         <name>uart.obj</name>
      </input_file>
      <input_file id="fl-c">
         <kind>object</kind>
         <file>&lt;internal&gt;</file>
         <name>&lt;internal&gt;</name>
      </input_file>
      <input_file id="fl-d">
         <path>..\</path>
         <kind>archive</kind>
         <file>lab5_scan_data.lib</file>
         <name>lab5_scan_data.obj</name>
      </input_file>
      <input_file id="fl-c3">
         <path>C:\ti\ccsv8\tools\compiler\ti-cgt-arm_18.1.2.LTS\lib\</path>
         <kind>archive</kind>
         <file>rtsv7M4_T_le_v4SPD16_eabi.lib</file>
         <name>fs_tod_t2.asm.obj</name>
      </input_file>
      <input_file id="fl-c4">
         <path>C:\ti\ccsv8\tools\compiler\ti-cgt-arm_18.1.2.LTS\lib\</path>
         <kind>archive</kind>
         <file>rtsv7M4_T_le_v4SPD16_eabi.lib</file>
         <name>copy_zero_init.c.obj</name>
      </input_file>
      <input_file id="fl-c5">
         <path>C:\ti\ccsv8\tools\compiler\ti-cgt-arm_18.1.2.LTS\lib\</path>
         <kind>archive</kind>
         <file>rtsv7M4_T_le_v4SPD16_eabi.lib</file>
         <name>copy_decompress_none.c.obj</name>
      </input_file>
      <input_file id="fl-c6">
         <path>C:\ti\ccsv8\tools\compiler\ti-cgt-arm_18.1.2.LTS\lib\</path>
         <kind>archive</kind>
         <file>rtsv7M4_T_le_v4SPD16_eabi.lib</file>
         <name>copy_decompress_lzss.c.obj</name>
      </input_file>
      <input_file id="fl-c7">
         <path>C:\ti\ccsv8\tools\compiler\ti-cgt-arm_18.1.2.LTS\lib\</path>
         <kind>archive</kind>
         <file>rtsv7M4_T_le_v4SPD16_eabi.lib</file>
         <name>boot_cortex_m.c.obj</name>
      </input_file>
      <input_file id="fl-c8">
         <path>C:\ti\ccsv8\tools\compiler\ti-cgt-arm_18.1.2.LTS\lib\</path>
         <kind>archive</kind>
         <file>rtsv7M4_T_le_v4SPD16_eabi.lib</file>
         <name>exit.c.obj</name>
      </input_file>
      <input_file id="fl-c9">
         <path>C:\ti\ccsv8\tools\compiler\ti-cgt-arm_18.1.2.LTS\lib\</path>
         <kind>archive</kind>
         <file>rtsv7M4_T_le_v4SPD16_eabi.lib</file>
         <name>_lock.c.obj</name>
      </input_file>
      <input_file id="fl-ca">
         <path>C:\ti\ccsv8\tools\compiler\ti-cgt-arm_18.1.2.LTS\lib\</path>
         <kind>archive</kind>
         <file>rtsv7M4_T_le_v4SPD16_eabi.lib</file>
         <name>args_main.c.obj</name>
      </input_file>
      <input_file id="fl-cb">
         <path>C:\ti\ccsv8\tools\compiler\ti-cgt-arm_18.1.2.LTS\lib\</path>
         <kind>archive</kind>
         <file>rtsv7M4_T_le_v4SPD16_eabi.lib</file>
         <name>fclose.c.obj</name>
      </input_file>
      <input_file id="fl-cc">
         <path>C:\ti\ccsv8\tools\compiler\ti-cgt-arm_18.1.2.LTS\lib\</path>
         <kind>archive</kind>
         <file>rtsv7M4_T_le_v4SPD16_eabi.lib</file>
         <name>fflush.c.obj</name>
      </input_file>
      <input_file id="fl-cd">
         <path>C:\ti\ccsv8\tools\compiler\ti-cgt-arm_18.1.2.LTS\lib\</path>
         <kind>archive</kind>
         <file>rtsv7M4_T_le_v4SPD16_eabi.lib</file>
         <name>fopen.c.obj</name>
      </input_file>
      <input_file id="fl-ce">
         <path>C:\ti\ccsv8\tools\compiler\ti-cgt-arm_18.1.2.LTS\lib\</path>
         <kind>archive</kind>
         <file>rtsv7M4_T_le_v4SPD16_eabi.lib</file>
         <name>fscanf.c.obj</name>
      </input_file>
      <input_file id="fl-cf">
         <path>C:\ti\ccsv8\tools\compiler\ti-cgt-arm_18.1.2.LTS\lib\</path>
         <kind>archive</kind>
         <file>rtsv7M4_T_le_v4SPD16_eabi.lib</file>
         <name>open.c.obj</name>
      </input_file>
      <input_file id="fl-d0">
         <path>C:\ti\ccsv8\tools\compiler\ti-cgt-arm_18.1.2.LTS\lib\</path>
         <kind>archive</kind>
         <file>rtsv7M4_T_le_v4SPD16_eabi.lib</file>
         <name>perror.c.obj</name>
      </input_file>
      <input_file id="fl-d1">
         <path>C:\ti\ccsv8\tools\compiler\ti-cgt-arm_18.1.2.LTS\lib\</path>
         <kind>archive</kind>
         <file>rtsv7M4_T_le_v4SPD16_eabi.lib</file>
         <name>remove.c.obj</name>
      </input_file>
      <input_file id="fl-d2">
         <path>C:\ti\ccsv8\tools\compiler\ti-cgt-arm_18.1.2.LTS\lib\</path>
         <kind>archive</kind>
         <file>rtsv7M4_T_le_v4SPD16_eabi.lib</file>
         <name>sprintf.c.obj</name>
      </input_file>
      <input_file id="fl-d3">
         <path>C:\ti\ccsv8\tools\compiler\ti-cgt-arm_18.1.2.LTS\lib\</path>
         <kind>archive</kind>
         <file>rtsv7M4_T_le_v4SPD16_eabi.lib</file>
         <name>strcmp.c.obj</name>
      </input_file>
      <input_file id="fl-d4">
         <path>C:\ti\ccsv8\tools\compiler\ti-cgt-arm_18.1.2.LTS\lib\</path>
         <kind>archive</kind>
         <file>rtsv7M4_T_le_v4SPD16_eabi.lib</file>
         <name>strcpy.c.obj</name>
      </input_file>
      <input_file id="fl-d5">
         <path>C:\ti\ccsv8\tools\compiler\ti-cgt-arm_18.1.2.LTS\lib\</path>
         <kind>archive</kind>
         <file>rtsv7M4_T_le_v4SPD16_eabi.lib</file>
         <name>strlen.c.obj</name>
      </input_file>
      <input_file id="fl-d6">
         <path>C:\ti\ccsv8\tools\compiler\ti-cgt-arm_18.1.2.LTS\lib\</path>
         <kind>archive</kind>
         <file>rtsv7M4_T_le_v4SPD16_eabi.lib</file>
         <name>ungetc.c.obj</name>
      </input_file>
      <input_file id="fl-d7">
         <path>C:\ti\ccsv8\tools\compiler\ti-cgt-arm_18.1.2.LTS\lib\</path>
         <kind>archive</kind>
         <file>rtsv7M4_T_le_v4SPD16_eabi.lib</file>
         <name>unlink.c.obj</name>
      </input_file>
      <input_file id="fl-d8">
         <path>C:\ti\ccsv8\tools\compiler\ti-cgt-arm_18.1.2.LTS\lib\</path>
         <kind>archive</kind>
         <file>rtsv7M4_T_le_v4SPD16_eabi.lib</file>
         <name>vsnprintf.c.obj</name>
      </input_file>
      <input_file id="fl-d9">
         <path>C:\ti\ccsv8\tools\compiler\ti-cgt-arm_18.1.2.LTS\lib\</path>
         <kind>archive</kind>
         <file>rtsv7M4_T_le_v4SPD16_eabi.lib</file>
         <name>write.c.obj</name>
      </input_file>
      <input_file id="fl-da">
         <path>C:\ti\ccsv8\tools\compiler\ti-cgt-arm_18.1.2.LTS\lib\</path>
         <kind>archive</kind>
         <file>rtsv7M4_T_le_v4SPD16_eabi.lib</file>
         <name>memset_t2.asm.obj</name>
      </input_file>
      <input_file id="fl-db">
         <path>C:\ti\ccsv8\tools\compiler\ti-cgt-arm_18.1.2.LTS\lib\</path>
         <kind>archive</kind>
         <file>rtsv7M4_T_le_v4SPD16_eabi.lib</file>
         <name>memcpy_t2.asm.obj</name>
      </input_file>
      <input_file id="fl-dc">
         <path>C:\ti\ccsv8\tools\compiler\ti-cgt-arm_18.1.2.LTS\lib\</path>
         <kind>archive</kind>
         <file>rtsv7M4_T_le_v4SPD16_eabi.lib</file>
         <name>autoinit.c.obj</name>
      </input_file>
      <input_file id="fl-dd">
         <path>C:\ti\ccsv8\tools\compiler\ti-cgt-arm_18.1.2.LTS\lib\</path>
         <kind>archive</kind>
         <file>rtsv7M4_T_le_v4SPD16_eabi.lib</file>
         <name>pre_init.c.obj</name>
      </input_file>
      <input_file id="fl-de">
         <path>C:\ti\ccsv8\tools\compiler\ti-cgt-arm_18.1.2.LTS\lib\</path>
         <kind>archive</kind>
         <file>rtsv7M4_T_le_v4SPD16_eabi.lib</file>
         <name>cpy_tbl.c.obj</name>
      </input_file>
      <input_file id="fl-df">
         <path>C:\ti\ccsv8\tools\compiler\ti-cgt-arm_18.1.2.LTS\lib\</path>
         <kind>archive</kind>
         <file>rtsv7M4_T_le_v4SPD16_eabi.lib</file>
         <name>errno.c.obj</name>
      </input_file>
      <input_file id="fl-e0">
         <path>C:\ti\ccsv8\tools\compiler\ti-cgt-arm_18.1.2.LTS\lib\</path>
         <kind>archive</kind>
         <file>rtsv7M4_T_le_v4SPD16_eabi.lib</file>
         <name>memory.c.obj</name>
      </input_file>
      <input_file id="fl-e1">
         <path>C:\ti\ccsv8\tools\compiler\ti-cgt-arm_18.1.2.LTS\lib\</path>
         <kind>archive</kind>
         <file>rtsv7M4_T_le_v4SPD16_eabi.lib</file>
         <name>_printfi.c.obj</name>
      </input_file>
      <input_file id="fl-e2">
         <path>C:\ti\ccsv8\tools\compiler\ti-cgt-arm_18.1.2.LTS\lib\</path>
         <kind>archive</kind>
         <file>rtsv7M4_T_le_v4SPD16_eabi.lib</file>
         <name>_scanfi.c.obj</name>
      </input_file>
      <input_file id="fl-e3">
         <path>C:\ti\ccsv8\tools\compiler\ti-cgt-arm_18.1.2.LTS\lib\</path>
         <kind>archive</kind>
         <file>rtsv7M4_T_le_v4SPD16_eabi.lib</file>
         <name>atoi.c.obj</name>
      </input_file>
      <input_file id="fl-e4">
         <path>C:\ti\ccsv8\tools\compiler\ti-cgt-arm_18.1.2.LTS\lib\</path>
         <kind>archive</kind>
         <file>rtsv7M4_T_le_v4SPD16_eabi.lib</file>
         <name>close.c.obj</name>
      </input_file>
      <input_file id="fl-e5">
         <path>C:\ti\ccsv8\tools\compiler\ti-cgt-arm_18.1.2.LTS\lib\</path>
         <kind>archive</kind>
         <file>rtsv7M4_T_le_v4SPD16_eabi.lib</file>
         <name>ctype.c.obj</name>
      </input_file>
      <input_file id="fl-e6">
         <path>C:\ti\ccsv8\tools\compiler\ti-cgt-arm_18.1.2.LTS\lib\</path>
         <kind>archive</kind>
         <file>rtsv7M4_T_le_v4SPD16_eabi.lib</file>
         <name>defs.c.obj</name>
      </input_file>
      <input_file id="fl-e7">
         <path>C:\ti\ccsv8\tools\compiler\ti-cgt-arm_18.1.2.LTS\lib\</path>
         <kind>archive</kind>
         <file>rtsv7M4_T_le_v4SPD16_eabi.lib</file>
         <name>fgetc.c.obj</name>
      </input_file>
      <input_file id="fl-e8">
         <path>C:\ti\ccsv8\tools\compiler\ti-cgt-arm_18.1.2.LTS\lib\</path>
         <kind>archive</kind>
         <file>rtsv7M4_T_le_v4SPD16_eabi.lib</file>
         <name>fputc.c.obj</name>
      </input_file>
      <input_file id="fl-e9">
         <path>C:\ti\ccsv8\tools\compiler\ti-cgt-arm_18.1.2.LTS\lib\</path>
         <kind>archive</kind>
         <file>rtsv7M4_T_le_v4SPD16_eabi.lib</file>
         <name>fputs.c.obj</name>
      </input_file>
      <input_file id="fl-ea">
         <path>C:\ti\ccsv8\tools\compiler\ti-cgt-arm_18.1.2.LTS\lib\</path>
         <kind>archive</kind>
         <file>rtsv7M4_T_le_v4SPD16_eabi.lib</file>
         <name>getdevice.c.obj</name>
      </input_file>
      <input_file id="fl-eb">
         <path>C:\ti\ccsv8\tools\compiler\ti-cgt-arm_18.1.2.LTS\lib\</path>
         <kind>archive</kind>
         <file>rtsv7M4_T_le_v4SPD16_eabi.lib</file>
         <name>ltoa.c.obj</name>
      </input_file>
      <input_file id="fl-ec">
         <path>C:\ti\ccsv8\tools\compiler\ti-cgt-arm_18.1.2.LTS\lib\</path>
         <kind>archive</kind>
         <file>rtsv7M4_T_le_v4SPD16_eabi.lib</file>
         <name>memccpy.c.obj</name>
      </input_file>
      <input_file id="fl-ed">
         <path>C:\ti\ccsv8\tools\compiler\ti-cgt-arm_18.1.2.LTS\lib\</path>
         <kind>archive</kind>
         <file>rtsv7M4_T_le_v4SPD16_eabi.lib</file>
         <name>memchr.c.obj</name>
      </input_file>
      <input_file id="fl-ee">
         <path>C:\ti\ccsv8\tools\compiler\ti-cgt-arm_18.1.2.LTS\lib\</path>
         <kind>archive</kind>
         <file>rtsv7M4_T_le_v4SPD16_eabi.lib</file>
         <name>read.c.obj</name>
      </input_file>
      <input_file id="fl-ef">
         <path>C:\ti\ccsv8\tools\compiler\ti-cgt-arm_18.1.2.LTS\lib\</path>
         <kind>archive</kind>
         <file>rtsv7M4_T_le_v4SPD16_eabi.lib</file>
         <name>setvbuf.c.obj</name>
      </input_file>
      <input_file id="fl-f0">
         <path>C:\ti\ccsv8\tools\compiler\ti-cgt-arm_18.1.2.LTS\lib\</path>
         <kind>archive</kind>
         <file>rtsv7M4_T_le_v4SPD16_eabi.lib</file>
         <name>strchr.c.obj</name>
      </input_file>
      <input_file id="fl-f1">
         <path>C:\ti\ccsv8\tools\compiler\ti-cgt-arm_18.1.2.LTS\lib\</path>
         <kind>archive</kind>
         <file>rtsv7M4_T_le_v4SPD16_eabi.lib</file>
         <name>strncpy.c.obj</name>
      </input_file>
      <input_file id="fl-f2">
         <path>C:\ti\ccsv8\tools\compiler\ti-cgt-arm_18.1.2.LTS\lib\</path>
         <kind>archive</kind>
         <file>rtsv7M4_T_le_v4SPD16_eabi.lib</file>
         <name>strrchr.c.obj</name>
      </input_file>
      <input_file id="fl-f3">
         <path>C:\ti\ccsv8\tools\compiler\ti-cgt-arm_18.1.2.LTS\lib\</path>
         <kind>archive</kind>
         <file>rtsv7M4_T_le_v4SPD16_eabi.lib</file>
         <name>strtod.c.obj</name>
      </input_file>
      <input_file id="fl-f4">
         <path>C:\ti\ccsv8\tools\compiler\ti-cgt-arm_18.1.2.LTS\lib\</path>
         <kind>archive</kind>
         <file>rtsv7M4_T_le_v4SPD16_eabi.lib</file>
         <name>strtol.c.obj</name>
      </input_file>
      <input_file id="fl-f5">
         <path>C:\ti\ccsv8\tools\compiler\ti-cgt-arm_18.1.2.LTS\lib\</path>
         <kind>archive</kind>
         <file>rtsv7M4_T_le_v4SPD16_eabi.lib</file>
         <name>strtoll.c.obj</name>
      </input_file>
      <input_file id="fl-f6">
         <path>C:\ti\ccsv8\tools\compiler\ti-cgt-arm_18.1.2.LTS\lib\</path>
         <kind>archive</kind>
         <file>rtsv7M4_T_le_v4SPD16_eabi.lib</file>
         <name>strtoul.c.obj</name>
      </input_file>
      <input_file id="fl-f7">
         <path>C:\ti\ccsv8\tools\compiler\ti-cgt-arm_18.1.2.LTS\lib\</path>
         <kind>archive</kind>
         <file>rtsv7M4_T_le_v4SPD16_eabi.lib</file>
         <name>strtoull.c.obj</name>
      </input_file>
      <input_file id="fl-f8">
         <path>C:\ti\ccsv8\tools\compiler\ti-cgt-arm_18.1.2.LTS\lib\</path>
         <kind>archive</kind>
         <file>rtsv7M4_T_le_v4SPD16_eabi.lib</file>
         <name>hostclose.c.obj</name>
      </input_file>
      <input_file id="fl-f9">
         <path>C:\ti\ccsv8\tools\compiler\ti-cgt-arm_18.1.2.LTS\lib\</path>
         <kind>archive</kind>
         <file>rtsv7M4_T_le_v4SPD16_eabi.lib</file>
         <name>hostlseek.c.obj</name>
      </input_file>
      <input_file id="fl-fa">
         <path>C:\ti\ccsv8\tools\compiler\ti-cgt-arm_18.1.2.LTS\lib\</path>
         <kind>archive</kind>
         <file>rtsv7M4_T_le_v4SPD16_eabi.lib</file>
         <name>hostopen.c.obj</name>
      </input_file>
      <input_file id="fl-fb">
         <path>C:\ti\ccsv8\tools\compiler\ti-cgt-arm_18.1.2.LTS\lib\</path>
         <kind>archive</kind>
         <file>rtsv7M4_T_le_v4SPD16_eabi.lib</file>
         <name>hostread.c.obj</name>
      </input_file>
      <input_file id="fl-fc">
         <path>C:\ti\ccsv8\tools\compiler\ti-cgt-arm_18.1.2.LTS\lib\</path>
         <kind>archive</kind>
         <file>rtsv7M4_T_le_v4SPD16_eabi.lib</file>
         <name>hostrename.c.obj</name>
      </input_file>
      <input_file id="fl-fd">
         <path>C:\ti\ccsv8\tools\compiler\ti-cgt-arm_18.1.2.LTS\lib\</path>
         <kind>archive</kind>
         <file>rtsv7M4_T_le_v4SPD16_eabi.lib</file>
         <name>hostunlink.c.obj</name>
      </input_file>
      <input_file id="fl-fe">
         <path>C:\ti\ccsv8\tools\compiler\ti-cgt-arm_18.1.2.LTS\lib\</path>
         <kind>archive</kind>
         <file>rtsv7M4_T_le_v4SPD16_eabi.lib</file>
         <name>hostwrite.c.obj</name>
      </input_file>
      <input_file id="fl-ff">
         <path>C:\ti\ccsv8\tools\compiler\ti-cgt-arm_18.1.2.LTS\lib\</path>
         <kind>archive</kind>
         <file>rtsv7M4_T_le_v4SPD16_eabi.lib</file>
         <name>trgmsg.c.obj</name>
      </input_file>
      <input_file id="fl-100">
         <path>C:\ti\ccsv8\tools\compiler\ti-cgt-arm_18.1.2.LTS\lib\</path>
         <kind>archive</kind>
         <file>rtsv7M4_T_le_v4SPD16_eabi.lib</file>
         <name>s_frexp.c.obj</name>
      </input_file>
      <input_file id="fl-101">
         <path>C:\ti\ccsv8\tools\compiler\ti-cgt-arm_18.1.2.LTS\lib\</path>
         <kind>archive</kind>
         <file>rtsv7M4_T_le_v4SPD16_eabi.lib</file>
         <name>s_scalbn.c.obj</name>
      </input_file>
      <input_file id="fl-102">
         <path>C:\ti\ccsv8\tools\compiler\ti-cgt-arm_18.1.2.LTS\lib\</path>
         <kind>archive</kind>
         <file>rtsv7M4_T_le_v4SPD16_eabi.lib</file>
         <name>s_copysign.c.obj</name>
      </input_file>
      <input_file id="fl-103">
         <path>C:\ti\ccsv8\tools\compiler\ti-cgt-arm_18.1.2.LTS\lib\</path>
         <kind>archive</kind>
         <file>rtsv7M4_T_le_v4SPD16_eabi.lib</file>
         <name>wcslen.c.obj</name>
      </input_file>
      <input_file id="fl-104">
         <path>C:\ti\ccsv8\tools\compiler\ti-cgt-arm_18.1.2.LTS\lib\</path>
         <kind>archive</kind>
         <file>rtsv7M4_T_le_v4SPD16_eabi.lib</file>
         <name>fd_add_t2.asm.obj</name>
      </input_file>
      <input_file id="fl-105">
         <path>C:\ti\ccsv8\tools\compiler\ti-cgt-arm_18.1.2.LTS\lib\</path>
         <kind>archive</kind>
         <file>rtsv7M4_T_le_v4SPD16_eabi.lib</file>
         <name>fd_cmp_t2.asm.obj</name>
      </input_file>
      <input_file id="fl-106">
         <path>C:\ti\ccsv8\tools\compiler\ti-cgt-arm_18.1.2.LTS\lib\</path>
         <kind>archive</kind>
         <file>rtsv7M4_T_le_v4SPD16_eabi.lib</file>
         <name>fd_div_t2.asm.obj</name>
      </input_file>
      <input_file id="fl-107">
         <path>C:\ti\ccsv8\tools\compiler\ti-cgt-arm_18.1.2.LTS\lib\</path>
         <kind>archive</kind>
         <file>rtsv7M4_T_le_v4SPD16_eabi.lib</file>
         <name>fd_mul_t2.asm.obj</name>
      </input_file>
      <input_file id="fl-108">
         <path>C:\ti\ccsv8\tools\compiler\ti-cgt-arm_18.1.2.LTS\lib\</path>
         <kind>archive</kind>
         <file>rtsv7M4_T_le_v4SPD16_eabi.lib</file>
         <name>fd_toi_t2.asm.obj</name>
      </input_file>
      <input_file id="fl-109">
         <path>C:\ti\ccsv8\tools\compiler\ti-cgt-arm_18.1.2.LTS\lib\</path>
         <kind>archive</kind>
         <file>rtsv7M4_T_le_v4SPD16_eabi.lib</file>
         <name>fd_tos_t2.asm.obj</name>
      </input_file>
      <input_file id="fl-10a">
         <path>C:\ti\ccsv8\tools\compiler\ti-cgt-arm_18.1.2.LTS\lib\</path>
         <kind>archive</kind>
         <file>rtsv7M4_T_le_v4SPD16_eabi.lib</file>
         <name>i_tofd_t2.asm.obj</name>
      </input_file>
      <input_file id="fl-10b">
         <path>C:\ti\ccsv8\tools\compiler\ti-cgt-arm_18.1.2.LTS\lib\</path>
         <kind>archive</kind>
         <file>rtsv7M4_T_le_v4SPD16_eabi.lib</file>
         <name>ll_mul_t2.asm.obj</name>
      </input_file>
      <input_file id="fl-10c">
         <path>C:\ti\ccsv8\tools\compiler\ti-cgt-arm_18.1.2.LTS\lib\</path>
         <kind>archive</kind>
         <file>rtsv7M4_T_le_v4SPD16_eabi.lib</file>
         <name>ull_div_t2.asm.obj</name>
      </input_file>
      <input_file id="fl-10d">
         <path>C:\ti\ccsv8\tools\compiler\ti-cgt-arm_18.1.2.LTS\lib\</path>
         <kind>archive</kind>
         <file>rtsv7M4_T_le_v4SPD16_eabi.lib</file>
         <name>_bufread.c.obj</name>
      </input_file>
      <input_file id="fl-10e">
         <path>C:\ti\ccsv8\tools\compiler\ti-cgt-arm_18.1.2.LTS\lib\</path>
         <kind>archive</kind>
         <file>rtsv7M4_T_le_v4SPD16_eabi.lib</file>
         <name>_io_perm.c.obj</name>
      </input_file>
      <input_file id="fl-10f">
         <path>C:\ti\ccsv8\tools\compiler\ti-cgt-arm_18.1.2.LTS\lib\</path>
         <kind>archive</kind>
         <file>rtsv7M4_T_le_v4SPD16_eabi.lib</file>
         <name>fseek.c.obj</name>
      </input_file>
      <input_file id="fl-110">
         <path>C:\ti\ccsv8\tools\compiler\ti-cgt-arm_18.1.2.LTS\lib\</path>
         <kind>archive</kind>
         <file>rtsv7M4_T_le_v4SPD16_eabi.lib</file>
         <name>lseek.c.obj</name>
      </input_file>
      <input_file id="fl-111">
         <path>C:\ti\ccsv8\tools\compiler\ti-cgt-arm_18.1.2.LTS\lib\</path>
         <kind>archive</kind>
         <file>rtsv7M4_T_le_v4SPD16_eabi.lib</file>
         <name>div0.asm.obj</name>
      </input_file>
   </input_file_list>
   <object_component_list>
      <object_component id="oc-f">
         <name>.intvecs</name>
         <load_address>0x0</load_address>
         <run_address>0x0</run_address>
         <size>0x26c</size>
         <input_file_ref idref="fl-5"/>
      </object_component>
      <object_component id="oc-1ce">
         <name>.text:__TI_scanfi</name>
         <load_address>0x26c</load_address>
         <run_address>0x26c</run_address>
         <size>0xaf0</size>
         <input_file_ref idref="fl-e2"/>
      </object_component>
      <object_component id="oc-158">
         <name>.text:__TI_printfi</name>
         <load_address>0xd5c</load_address>
         <run_address>0xd5c</run_address>
         <size>0xa5e</size>
         <input_file_ref idref="fl-e1"/>
      </object_component>
      <object_component id="oc-252">
         <name>.text:_nop</name>
         <load_address>0x17ba</load_address>
         <run_address>0x17ba</run_address>
         <size>0x2</size>
         <input_file_ref idref="fl-c9"/>
      </object_component>
      <object_component id="oc-2bb">
         <name>.text:strtod</name>
         <load_address>0x17bc</load_address>
         <run_address>0x17bc</run_address>
         <size>0x460</size>
         <input_file_ref idref="fl-f3"/>
      </object_component>
      <object_component id="oc-136">
         <name>.text</name>
         <load_address>0x1c1c</load_address>
         <run_address>0x1c1c</run_address>
         <size>0x408</size>
         <input_file_ref idref="fl-2"/>
      </object_component>
      <object_component id="oc-22e">
         <name>.text:_pconv_a</name>
         <load_address>0x2024</load_address>
         <run_address>0x2024</run_address>
         <size>0x270</size>
         <input_file_ref idref="fl-e1"/>
      </object_component>
      <object_component id="oc-2cc">
         <name>.text:strtoll</name>
         <load_address>0x2294</load_address>
         <run_address>0x2294</run_address>
         <size>0x1dc</size>
         <input_file_ref idref="fl-f5"/>
      </object_component>
      <object_component id="oc-21c">
         <name>.text:_pconv_g</name>
         <load_address>0x2470</load_address>
         <run_address>0x2470</run_address>
         <size>0x1d0</size>
         <input_file_ref idref="fl-e1"/>
      </object_component>
      <object_component id="oc-35c">
         <name>.text</name>
         <load_address>0x2640</load_address>
         <run_address>0x2640</run_address>
         <size>0x1b6</size>
         <input_file_ref idref="fl-104"/>
      </object_component>
      <object_component id="oc-431">
         <name>.text</name>
         <load_address>0x27f6</load_address>
         <run_address>0x27f6</run_address>
         <size>0x2</size>
         <input_file_ref idref="fl-111"/>
      </object_component>
      <object_component id="oc-d3">
         <name>.text</name>
         <load_address>0x27f8</load_address>
         <run_address>0x27f8</run_address>
         <size>0x168</size>
         <input_file_ref idref="fl-6"/>
      </object_component>
      <object_component id="oc-2af">
         <name>.text:strtoull</name>
         <load_address>0x2960</load_address>
         <run_address>0x2960</run_address>
         <size>0x15c</size>
         <input_file_ref idref="fl-f7"/>
      </object_component>
      <object_component id="oc-194">
         <name>.text</name>
         <load_address>0x2abc</load_address>
         <run_address>0x2abc</run_address>
         <size>0x158</size>
         <input_file_ref idref="fl-4"/>
      </object_component>
      <object_component id="oc-228">
         <name>.text:_pconv_e</name>
         <load_address>0x2c14</load_address>
         <run_address>0x2c14</run_address>
         <size>0x13c</size>
         <input_file_ref idref="fl-e1"/>
      </object_component>
      <object_component id="oc-342">
         <name>.text</name>
         <load_address>0x2d50</load_address>
         <run_address>0x2d50</run_address>
         <size>0x136</size>
         <input_file_ref idref="fl-106"/>
      </object_component>
      <object_component id="oc-2c6">
         <name>.text:strtol</name>
         <load_address>0x2e88</load_address>
         <run_address>0x2e88</run_address>
         <size>0x130</size>
         <input_file_ref idref="fl-f4"/>
      </object_component>
      <object_component id="oc-36e">
         <name>.text:fcvt</name>
         <load_address>0x2fb8</load_address>
         <run_address>0x2fb8</run_address>
         <size>0x120</size>
         <input_file_ref idref="fl-e1"/>
      </object_component>
      <object_component id="oc-1f0">
         <name>.text:fputs</name>
         <load_address>0x30d8</load_address>
         <run_address>0x30d8</run_address>
         <size>0x114</size>
         <input_file_ref idref="fl-e9"/>
      </object_component>
      <object_component id="oc-382">
         <name>.text:scalbn</name>
         <load_address>0x31ec</load_address>
         <run_address>0x31ec</run_address>
         <size>0x110</size>
         <input_file_ref idref="fl-101"/>
      </object_component>
      <object_component id="oc-2b5">
         <name>.text:strtoul</name>
         <load_address>0x32fc</load_address>
         <run_address>0x32fc</run_address>
         <size>0x110</size>
         <input_file_ref idref="fl-f6"/>
      </object_component>
      <object_component id="oc-9f">
         <name>.text</name>
         <load_address>0x340c</load_address>
         <run_address>0x340c</run_address>
         <size>0x104</size>
         <input_file_ref idref="fl-3"/>
      </object_component>
      <object_component id="oc-33d">
         <name>.text</name>
         <load_address>0x3510</load_address>
         <run_address>0x3510</run_address>
         <size>0xfc</size>
         <input_file_ref idref="fl-107"/>
      </object_component>
      <object_component id="oc-3f7">
         <name>.text:setvbuf</name>
         <load_address>0x360c</load_address>
         <run_address>0x360c</run_address>
         <size>0xdc</size>
         <input_file_ref idref="fl-ef"/>
      </object_component>
      <object_component id="oc-301">
         <name>.text:free</name>
         <load_address>0x36e8</load_address>
         <run_address>0x36e8</run_address>
         <size>0xd8</size>
         <input_file_ref idref="fl-e0"/>
      </object_component>
      <object_component id="oc-1bf">
         <name>.text:_openfile</name>
         <load_address>0x37c0</load_address>
         <run_address>0x37c0</run_address>
         <size>0xd0</size>
         <input_file_ref idref="fl-cd"/>
      </object_component>
      <object_component id="oc-150">
         <name>.text:perror</name>
         <load_address>0x3890</load_address>
         <run_address>0x3890</run_address>
         <size>0xc8</size>
         <input_file_ref idref="fl-d0"/>
      </object_component>
      <object_component id="oc-295">
         <name>.text:open</name>
         <load_address>0x3958</load_address>
         <run_address>0x3958</run_address>
         <size>0xbc</size>
         <input_file_ref idref="fl-cf"/>
      </object_component>
      <object_component id="oc-211">
         <name>.text:_ltostr</name>
         <load_address>0x3a14</load_address>
         <run_address>0x3a14</run_address>
         <size>0xb1</size>
         <input_file_ref idref="fl-e1"/>
      </object_component>
      <object_component id="oc-3e9">
         <name>.text:__TI_buff_read</name>
         <load_address>0x3ac8</load_address>
         <run_address>0x3ac8</run_address>
         <size>0x9c</size>
         <input_file_ref idref="fl-10d"/>
      </object_component>
      <object_component id="oc-13e">
         <name>.text:fopen</name>
         <load_address>0x3b64</load_address>
         <run_address>0x3b64</run_address>
         <size>0x9c</size>
         <input_file_ref idref="fl-cd"/>
      </object_component>
      <object_component id="oc-3b">
         <name>.text</name>
         <load_address>0x3c00</load_address>
         <run_address>0x3c00</run_address>
         <size>0x9c</size>
         <input_file_ref idref="fl-db"/>
      </object_component>
      <object_component id="oc-336">
         <name>.text</name>
         <load_address>0x3c9c</load_address>
         <run_address>0x3c9c</run_address>
         <size>0x96</size>
         <input_file_ref idref="fl-10c"/>
      </object_component>
      <object_component id="oc-1fc">
         <name>.text:fputc</name>
         <load_address>0x3d34</load_address>
         <run_address>0x3d34</run_address>
         <size>0x8c</size>
         <input_file_ref idref="fl-e8"/>
      </object_component>
      <object_component id="oc-1e0">
         <name>.text:_chkmbc</name>
         <load_address>0x3dc0</load_address>
         <run_address>0x3dc0</run_address>
         <size>0x88</size>
         <input_file_ref idref="fl-ce"/>
      </object_component>
      <object_component id="oc-217">
         <name>.text:__aeabi_cdcmple</name>
         <load_address>0x3e48</load_address>
         <run_address>0x3e48</run_address>
         <size>0x86</size>
         <input_file_ref idref="fl-105"/>
      </object_component>
      <object_component id="oc-347">
         <name>.text:__aeabi_cdrcmple</name>
         <load_address>0x3ece</load_address>
         <run_address>0x3ece</run_address>
         <size>0x86</size>
         <input_file_ref idref="fl-105"/>
      </object_component>
      <object_component id="oc-2ea">
         <name>.text:fgetc</name>
         <load_address>0x3f54</load_address>
         <run_address>0x3f54</run_address>
         <size>0x84</size>
         <input_file_ref idref="fl-e7"/>
      </object_component>
      <object_component id="oc-d9">
         <name>.text</name>
         <load_address>0x3fd8</load_address>
         <run_address>0x3fd8</run_address>
         <size>0x80</size>
         <input_file_ref idref="fl-d"/>
      </object_component>
      <object_component id="oc-2f1">
         <name>.text:ungetc</name>
         <load_address>0x4058</load_address>
         <run_address>0x4058</run_address>
         <size>0x80</size>
         <input_file_ref idref="fl-d6"/>
      </object_component>
      <object_component id="oc-93">
         <name>.text</name>
         <load_address>0x40d8</load_address>
         <run_address>0x40d8</run_address>
         <size>0x7a</size>
         <input_file_ref idref="fl-da"/>
      </object_component>
      <object_component id="oc-499">
         <name>.text:malloc</name>
         <load_address>0x4154</load_address>
         <run_address>0x4154</run_address>
         <size>0x78</size>
         <input_file_ref idref="fl-e0"/>
      </object_component>
      <object_component id="oc-1e8">
         <name>.text:__TI_closefile</name>
         <load_address>0x41cc</load_address>
         <run_address>0x41cc</run_address>
         <size>0x74</size>
         <input_file_ref idref="fl-cb"/>
      </object_component>
      <object_component id="oc-367">
         <name>.text:_mcpy</name>
         <load_address>0x4240</load_address>
         <run_address>0x4240</run_address>
         <size>0x6e</size>
         <input_file_ref idref="fl-e1"/>
      </object_component>
      <object_component id="oc-2c1">
         <name>.text</name>
         <load_address>0x42ae</load_address>
         <run_address>0x42ae</run_address>
         <size>0x6e</size>
         <input_file_ref idref="fl-109"/>
      </object_component>
      <object_component id="oc-4ee">
         <name>.text:HOSTlseek</name>
         <load_address>0x431c</load_address>
         <run_address>0x431c</run_address>
         <size>0x68</size>
         <input_file_ref idref="fl-f9"/>
      </object_component>
      <object_component id="oc-4fa">
         <name>.text:HOSTrename</name>
         <load_address>0x4384</load_address>
         <run_address>0x4384</run_address>
         <size>0x68</size>
         <input_file_ref idref="fl-fc"/>
      </object_component>
      <object_component id="oc-12">
         <name>.text:decompress:lzss:__TI_decompress_lzss</name>
         <load_address>0x43ec</load_address>
         <run_address>0x43ec</run_address>
         <size>0x68</size>
         <input_file_ref idref="fl-c6"/>
      </object_component>
      <object_component id="oc-144">
         <name>.text:fscanf</name>
         <load_address>0x4454</load_address>
         <run_address>0x4454</run_address>
         <size>0x68</size>
         <input_file_ref idref="fl-ce"/>
      </object_component>
      <object_component id="oc-37c">
         <name>.text:frexp</name>
         <load_address>0x44bc</load_address>
         <run_address>0x44bc</run_address>
         <size>0x64</size>
         <input_file_ref idref="fl-100"/>
      </object_component>
      <object_component id="oc-41b">
         <name>.text:fseek</name>
         <load_address>0x4520</load_address>
         <run_address>0x4520</run_address>
         <size>0x64</size>
         <input_file_ref idref="fl-10f"/>
      </object_component>
      <object_component id="oc-317">
         <name>.text:__TI_wrt_ok</name>
         <load_address>0x4584</load_address>
         <run_address>0x4584</run_address>
         <size>0x62</size>
         <input_file_ref idref="fl-10e"/>
      </object_component>
      <object_component id="oc-4d6">
         <name>.text:HOSTopen</name>
         <load_address>0x45e8</load_address>
         <run_address>0x45e8</run_address>
         <size>0x60</size>
         <input_file_ref idref="fl-fa"/>
      </object_component>
      <object_component id="oc-307">
         <name>.text:close</name>
         <load_address>0x4648</load_address>
         <run_address>0x4648</run_address>
         <size>0x5c</size>
         <input_file_ref idref="fl-e4"/>
      </object_component>
      <object_component id="oc-4e2">
         <name>.text:HOSTread</name>
         <load_address>0x46a4</load_address>
         <run_address>0x46a4</run_address>
         <size>0x58</size>
         <input_file_ref idref="fl-fb"/>
      </object_component>
      <object_component id="oc-4e8">
         <name>.text:HOSTwrite</name>
         <load_address>0x46fc</load_address>
         <run_address>0x46fc</run_address>
         <size>0x58</size>
         <input_file_ref idref="fl-fe"/>
      </object_component>
      <object_component id="oc-222">
         <name>.text:_pconv_f</name>
         <load_address>0x4754</load_address>
         <run_address>0x4754</run_address>
         <size>0x56</size>
         <input_file_ref idref="fl-e1"/>
      </object_component>
      <object_component id="oc-351">
         <name>.text:ltoa</name>
         <load_address>0x47aa</load_address>
         <run_address>0x47aa</run_address>
         <size>0x54</size>
         <input_file_ref idref="fl-eb"/>
      </object_component>
      <object_component id="oc-361">
         <name>.text:_ecpy</name>
         <load_address>0x47fe</load_address>
         <run_address>0x47fe</run_address>
         <size>0x52</size>
         <input_file_ref idref="fl-e1"/>
      </object_component>
      <object_component id="oc-2fb">
         <name>.text:__TI_doflush</name>
         <load_address>0x4850</load_address>
         <run_address>0x4850</run_address>
         <size>0x4c</size>
         <input_file_ref idref="fl-cc"/>
      </object_component>
      <object_component id="oc-20b">
         <name>.text:atoi</name>
         <load_address>0x489c</load_address>
         <run_address>0x489c</run_address>
         <size>0x4c</size>
         <input_file_ref idref="fl-e3"/>
      </object_component>
      <object_component id="oc-3e3">
         <name>.text:__TI_rd_ok</name>
         <load_address>0x48e8</load_address>
         <run_address>0x48e8</run_address>
         <size>0x4a</size>
         <input_file_ref idref="fl-10e"/>
      </object_component>
      <object_component id="oc-f2">
         <name>.text:exit</name>
         <load_address>0x4934</load_address>
         <run_address>0x4934</run_address>
         <size>0x48</size>
         <input_file_ref idref="fl-c8"/>
      </object_component>
      <object_component id="oc-34c">
         <name>.text</name>
         <load_address>0x497c</load_address>
         <run_address>0x497c</run_address>
         <size>0x48</size>
         <input_file_ref idref="fl-108"/>
      </object_component>
      <object_component id="oc-4dc">
         <name>.text:HOSTclose</name>
         <load_address>0x49c4</load_address>
         <run_address>0x49c4</run_address>
         <size>0x44</size>
         <input_file_ref idref="fl-f8"/>
      </object_component>
      <object_component id="oc-4f4">
         <name>.text:HOSTunlink</name>
         <load_address>0x4a08</load_address>
         <run_address>0x4a08</run_address>
         <size>0x44</size>
         <input_file_ref idref="fl-fd"/>
      </object_component>
      <object_component id="oc-f8">
         <name>.text:__TI_auto_init_nobinit_nopinit:__TI_auto_init_nobinit_nopinit</name>
         <load_address>0x4a4c</load_address>
         <run_address>0x4a4c</run_address>
         <size>0x44</size>
         <input_file_ref idref="fl-dc"/>
      </object_component>
      <object_component id="oc-3b7">
         <name>.text:getdevice</name>
         <load_address>0x4a90</load_address>
         <run_address>0x4a90</run_address>
         <size>0x44</size>
         <input_file_ref idref="fl-ea"/>
      </object_component>
      <object_component id="oc-df">
         <name>.text:sprintf</name>
         <load_address>0x4ad4</load_address>
         <run_address>0x4ad4</run_address>
         <size>0x40</size>
         <input_file_ref idref="fl-d2"/>
      </object_component>
      <object_component id="oc-1a1">
         <name>.text:vsnprintf</name>
         <load_address>0x4b14</load_address>
         <run_address>0x4b14</run_address>
         <size>0x40</size>
         <input_file_ref idref="fl-d8"/>
      </object_component>
      <object_component id="oc-374">
         <name>.text:_fcpy</name>
         <load_address>0x4b54</load_address>
         <run_address>0x4b54</run_address>
         <size>0x3e</size>
         <input_file_ref idref="fl-e1"/>
      </object_component>
      <object_component id="oc-40d">
         <name>.text:minsert</name>
         <load_address>0x4b94</load_address>
         <run_address>0x4b94</run_address>
         <size>0x3c</size>
         <input_file_ref idref="fl-e0"/>
      </object_component>
      <object_component id="oc-511">
         <name>.text:__TI_writemsg</name>
         <load_address>0x4bd0</load_address>
         <run_address>0x4bd0</run_address>
         <size>0x38</size>
         <input_file_ref idref="fl-ff"/>
      </object_component>
      <object_component id="oc-59">
         <name>.text:_c_int00_noargs:_c_int00_noargs</name>
         <load_address>0x4c08</load_address>
         <run_address>0x4c08</run_address>
         <size>0x38</size>
         <input_file_ref idref="fl-c7"/>
      </object_component>
      <object_component id="oc-401">
         <name>.text:minit</name>
         <load_address>0x4c40</load_address>
         <run_address>0x4c40</run_address>
         <size>0x38</size>
         <input_file_ref idref="fl-e0"/>
      </object_component>
      <object_component id="oc-e5">
         <name>.text</name>
         <load_address>0x4c78</load_address>
         <run_address>0x4c78</run_address>
         <size>0x38</size>
         <input_file_ref idref="fl-c3"/>
      </object_component>
      <object_component id="oc-460">
         <name>.text:strncpy</name>
         <load_address>0x4cb0</load_address>
         <run_address>0x4cb0</run_address>
         <size>0x36</size>
         <input_file_ref idref="fl-f1"/>
      </object_component>
      <object_component id="oc-29b">
         <name>.text:__TI_cleanup</name>
         <load_address>0x4ce8</load_address>
         <run_address>0x4ce8</run_address>
         <size>0x34</size>
         <input_file_ref idref="fl-cd"/>
      </object_component>
      <object_component id="oc-517">
         <name>.text:__TI_readmsg</name>
         <load_address>0x4d1c</load_address>
         <run_address>0x4d1c</run_address>
         <size>0x34</size>
         <input_file_ref idref="fl-ff"/>
      </object_component>
      <object_component id="oc-277">
         <name>.text:_outs</name>
         <load_address>0x4d50</load_address>
         <run_address>0x4d50</run_address>
         <size>0x30</size>
         <input_file_ref idref="fl-d8"/>
      </object_component>
      <object_component id="oc-466">
         <name>.text:finddevice</name>
         <load_address>0x4d80</load_address>
         <run_address>0x4d80</run_address>
         <size>0x30</size>
         <input_file_ref idref="fl-ea"/>
      </object_component>
      <object_component id="oc-357">
         <name>.text</name>
         <load_address>0x4db0</load_address>
         <run_address>0x4db0</run_address>
         <size>0x2e</size>
         <input_file_ref idref="fl-10a"/>
      </object_component>
      <object_component id="oc-14a">
         <name>.text:fclose</name>
         <load_address>0x4de0</load_address>
         <run_address>0x4de0</run_address>
         <size>0x2c</size>
         <input_file_ref idref="fl-cb"/>
      </object_component>
      <object_component id="oc-30d">
         <name>.text:unlink</name>
         <load_address>0x4e0c</load_address>
         <run_address>0x4e0c</run_address>
         <size>0x2c</size>
         <input_file_ref idref="fl-d7"/>
      </object_component>
      <object_component id="oc-4b8">
         <name>.text:lseek</name>
         <load_address>0x4e38</load_address>
         <run_address>0x4e38</run_address>
         <size>0x28</size>
         <input_file_ref idref="fl-110"/>
      </object_component>
      <object_component id="oc-407">
         <name>.text:mremove</name>
         <load_address>0x4e60</load_address>
         <run_address>0x4e60</run_address>
         <size>0x28</size>
         <input_file_ref idref="fl-e0"/>
      </object_component>
      <object_component id="oc-3ef">
         <name>.text:read</name>
         <load_address>0x4e88</load_address>
         <run_address>0x4e88</run_address>
         <size>0x28</size>
         <input_file_ref idref="fl-ee"/>
      </object_component>
      <object_component id="oc-323">
         <name>.text:write</name>
         <load_address>0x4eb0</load_address>
         <run_address>0x4eb0</run_address>
         <size>0x28</size>
         <input_file_ref idref="fl-d9"/>
      </object_component>
      <object_component id="oc-31d">
         <name>.text:memchr</name>
         <load_address>0x4ed8</load_address>
         <run_address>0x4ed8</run_address>
         <size>0x20</size>
         <input_file_ref idref="fl-ed"/>
      </object_component>
      <object_component id="oc-234">
         <name>.text:memccpy</name>
         <load_address>0x4ef8</load_address>
         <run_address>0x4ef8</run_address>
         <size>0x1c</size>
         <input_file_ref idref="fl-ec"/>
      </object_component>
      <object_component id="oc-27d">
         <name>.text:_outc</name>
         <load_address>0x4f14</load_address>
         <run_address>0x4f14</run_address>
         <size>0x18</size>
         <input_file_ref idref="fl-d8"/>
      </object_component>
      <object_component id="oc-15e">
         <name>.text:_outs</name>
         <load_address>0x4f2c</load_address>
         <run_address>0x4f2c</run_address>
         <size>0x18</size>
         <input_file_ref idref="fl-d2"/>
      </object_component>
      <object_component id="oc-3c6">
         <name>.text</name>
         <load_address>0x4f44</load_address>
         <run_address>0x4f44</run_address>
         <size>0x18</size>
         <input_file_ref idref="fl-10b"/>
      </object_component>
      <object_component id="oc-1a7">
         <name>.text:strcmp</name>
         <load_address>0x4f5c</load_address>
         <run_address>0x4f5c</run_address>
         <size>0x18</size>
         <input_file_ref idref="fl-d3"/>
      </object_component>
      <object_component id="oc-2d5">
         <name>.text:strrchr</name>
         <load_address>0x4f74</load_address>
         <run_address>0x4f74</run_address>
         <size>0x18</size>
         <input_file_ref idref="fl-f2"/>
      </object_component>
      <object_component id="oc-2db">
         <name>.text:strchr</name>
         <load_address>0x4f8c</load_address>
         <run_address>0x4f8c</run_address>
         <size>0x16</size>
         <input_file_ref idref="fl-f0"/>
      </object_component>
      <object_component id="oc-44a">
         <name>.text:copysign</name>
         <load_address>0x4fa2</load_address>
         <run_address>0x4fa2</run_address>
         <size>0x14</size>
         <input_file_ref idref="fl-102"/>
      </object_component>
      <object_component id="oc-1ad">
         <name>.text:strcpy</name>
         <load_address>0x4fb6</load_address>
         <run_address>0x4fb6</run_address>
         <size>0x14</size>
         <input_file_ref idref="fl-d4"/>
      </object_component>
      <object_component id="oc-1b3">
         <name>.text:strlen</name>
         <load_address>0x4fca</load_address>
         <run_address>0x4fca</run_address>
         <size>0x14</size>
         <input_file_ref idref="fl-d5"/>
      </object_component>
      <object_component id="oc-47">
         <name>.text:decompress:ZI:__TI_zero_init_nomemset:__TI_zero_init_nomemset</name>
         <load_address>0x4fde</load_address>
         <run_address>0x4fde</run_address>
         <size>0x12</size>
         <input_file_ref idref="fl-c4"/>
      </object_component>
      <object_component id="oc-23a">
         <name>.text:wcslen</name>
         <load_address>0x4ff0</load_address>
         <run_address>0x4ff0</run_address>
         <size>0x12</size>
         <input_file_ref idref="fl-103"/>
      </object_component>
      <object_component id="oc-19a">
         <name>.text:lcd_clear</name>
         <load_address>0x5002</load_address>
         <run_address>0x5002</run_address>
         <size>0x10</size>
         <input_file_ref idref="fl-2"/>
      </object_component>
      <object_component id="oc-18">
         <name>.text:decompress:none:__TI_decompress_none</name>
         <load_address>0x5012</load_address>
         <run_address>0x5012</run_address>
         <size>0xe</size>
         <input_file_ref idref="fl-c5"/>
      </object_component>
      <object_component id="oc-27">
         <name>.text</name>
         <load_address>0x5020</load_address>
         <run_address>0x5020</run_address>
         <size>0xc</size>
         <input_file_ref idref="fl-5"/>
      </object_component>
      <object_component id="oc-164">
         <name>.text:_outc</name>
         <load_address>0x502c</load_address>
         <run_address>0x502c</run_address>
         <size>0xa</size>
         <input_file_ref idref="fl-d2"/>
      </object_component>
      <object_component id="oc-1da">
         <name>.text:_uninpchar</name>
         <load_address>0x5036</load_address>
         <run_address>0x5036</run_address>
         <size>0xa</size>
         <input_file_ref idref="fl-ce"/>
      </object_component>
      <object_component id="oc-1f6">
         <name>.text:__aeabi_errno_addr</name>
         <load_address>0x5040</load_address>
         <run_address>0x5040</run_address>
         <size>0x8</size>
         <input_file_ref idref="fl-df"/>
      </object_component>
      <object_component id="oc-1d4">
         <name>.text:_inpchar</name>
         <load_address>0x5048</load_address>
         <run_address>0x5048</run_address>
         <size>0x6</size>
         <input_file_ref idref="fl-ce"/>
      </object_component>
      <object_component id="oc-99">
         <name>.text:_system_pre_init</name>
         <load_address>0x504e</load_address>
         <run_address>0x504e</run_address>
         <size>0x4</size>
         <input_file_ref idref="fl-dd"/>
      </object_component>
      <object_component id="oc-ec">
         <name>.text:abort:abort</name>
         <load_address>0x5052</load_address>
         <run_address>0x5052</run_address>
         <size>0x4</size>
         <input_file_ref idref="fl-c8"/>
      </object_component>
      <object_component id="oc-2d2">
         <name>.const:.string:_ctypes_</name>
         <load_address>0x5058</load_address>
         <run_address>0x5058</run_address>
         <size>0x101</size>
         <input_file_ref idref="fl-e5"/>
      </object_component>
      <object_component id="oc-1b9">
         <name>.const:.string:lineAddress$1</name>
         <load_address>0x5159</load_address>
         <run_address>0x5159</run_address>
         <size>0x4</size>
         <input_file_ref idref="fl-2"/>
      </object_component>
      <object_component id="oc-3cf">
         <name>.const:$O1$$</name>
         <load_address>0x5160</load_address>
         <run_address>0x5160</run_address>
         <size>0xc8</size>
         <input_file_ref idref="fl-f3"/>
      </object_component>
      <object_component id="oc-2e1">
         <name>.const:$O1$$</name>
         <load_address>0x5228</load_address>
         <run_address>0x5228</run_address>
         <size>0x10</size>
         <input_file_ref idref="fl-e2"/>
      </object_component>
      <object_component id="oc-1ba">
         <name>.const:.string:lineAddresses$2</name>
         <load_address>0x5238</load_address>
         <run_address>0x5238</run_address>
         <size>0x4</size>
         <input_file_ref idref="fl-2"/>
      </object_component>
      <object_component id="oc-570">
         <name>.cinit..data.load</name>
         <load_address>0x5240</load_address>
         <run_address>0x5240</run_address>
         <size>0x71</size>
      </object_component>
      <object_component id="oc-56e">
         <name>__TI_handler_table</name>
         <load_address>0x52b4</load_address>
         <run_address>0x52b4</run_address>
         <size>0xc</size>
      </object_component>
      <object_component id="oc-571">
         <name>.cinit..bss.load</name>
         <load_address>0x52c0</load_address>
         <run_address>0x52c0</run_address>
         <size>0x8</size>
      </object_component>
      <object_component id="oc-56f">
         <name>__TI_cinit_table</name>
         <load_address>0x52c8</load_address>
         <run_address>0x52c8</run_address>
         <size>0x10</size>
      </object_component>
      <object_component id="oc-175">
         <name>.data:$O1$$</name>
         <load_address>0x200023e4</load_address>
         <run_address>0x200023e4</run_address>
         <size>0xc</size>
         <input_file_ref idref="fl-c8"/>
      </object_component>
      <object_component id="oc-178">
         <name>.data:$O1$$</name>
         <load_address>0x200023fc</load_address>
         <run_address>0x200023fc</run_address>
         <size>0x8</size>
         <input_file_ref idref="fl-c9"/>
      </object_component>
      <object_component id="oc-1c5">
         <name>.data</name>
         <load_address>0x20002408</load_address>
         <run_address>0x20002408</run_address>
         <size>0x4</size>
         <input_file_ref idref="fl-cd"/>
      </object_component>
      <object_component id="oc-3bd">
         <name>.data</name>
         <load_address>0x2000240c</load_address>
         <run_address>0x2000240c</run_address>
         <size>0x4</size>
         <input_file_ref idref="fl-cf"/>
      </object_component>
      <object_component id="oc-46c">
         <name>.data:_device</name>
         <load_address>0x2000230c</load_address>
         <run_address>0x2000230c</run_address>
         <size>0x78</size>
         <input_file_ref idref="fl-d9"/>
      </object_component>
      <object_component id="oc-3be">
         <name>.data:_stream</name>
         <load_address>0x20002384</load_address>
         <run_address>0x20002384</run_address>
         <size>0x50</size>
         <input_file_ref idref="fl-d9"/>
      </object_component>
      <object_component id="oc-32b">
         <name>.data</name>
         <load_address>0x20002404</load_address>
         <run_address>0x20002404</run_address>
         <size>0x4</size>
         <input_file_ref idref="fl-df"/>
      </object_component>
      <object_component id="oc-413">
         <name>.data:$O1$$</name>
         <load_address>0x200023f0</load_address>
         <run_address>0x200023f0</run_address>
         <size>0xc</size>
         <input_file_ref idref="fl-e0"/>
      </object_component>
      <object_component id="oc-1c6">
         <name>.data:_ftable</name>
         <load_address>0x2000221c</load_address>
         <run_address>0x2000221c</run_address>
         <size>0xf0</size>
         <input_file_ref idref="fl-e6"/>
      </object_component>
      <object_component id="oc-1c9">
         <name>.data</name>
         <load_address>0x200023d4</load_address>
         <run_address>0x200023d4</run_address>
         <size>0x10</size>
         <input_file_ref idref="fl-e6"/>
      </object_component>
      <object_component id="oc-1bb">
         <name>.bss:lastbuffer$3</name>
         <uninitialized>true</uninitialized>
         <run_address>0x200021c0</run_address>
         <size>0x54</size>
         <input_file_ref idref="fl-2"/>
      </object_component>
      <object_component id="oc-52f">
         <name>.bss:_CIOBUF_</name>
         <uninitialized>true</uninitialized>
         <run_address>0x20002000</run_address>
         <size>0x120</size>
         <input_file_ref idref="fl-ff"/>
      </object_component>
      <object_component id="oc-313">
         <name>.common:__TI_tmpnams</name>
         <uninitialized>true</uninitialized>
         <run_address>0x20002120</run_address>
         <size>0xa0</size>
      </object_component>
      <object_component id="oc-51d">
         <name>.common:parmbuf</name>
         <uninitialized>true</uninitialized>
         <run_address>0x20002214</run_address>
         <size>0x8</size>
      </object_component>
      <object_component id="oc-24">
         <name>.sysmem</name>
         <uninitialized>true</uninitialized>
         <run_address>0x20001000</run_address>
         <size>0x8</size>
         <input_file_ref idref="fl-e0"/>
      </object_component>
      <object_component id="oc-573">
         <name>.sysmem</name>
         <uninitialized>true</uninitialized>
         <run_address>0x20001000</run_address>
         <size>0x0</size>
      </object_component>
      <object_component id="oc-21">
         <name>.stack</name>
         <uninitialized>true</uninitialized>
         <run_address>0x20000000</run_address>
         <size>0x4</size>
         <input_file_ref idref="fl-c7"/>
      </object_component>
      <object_component id="oc-572">
         <name>.stack</name>
         <uninitialized>true</uninitialized>
         <run_address>0x20000000</run_address>
         <size>0x0</size>
      </object_component>
      <object_component id="oc-c2">
         <name>.debug_info</name>
         <load_address>0x0</load_address>
         <run_address>0x0</run_address>
         <size>0x371</size>
         <input_file_ref idref="fl-2"/>
      </object_component>
      <object_component id="oc-19c">
         <name>.debug_info</name>
         <load_address>0x371</load_address>
         <run_address>0x371</run_address>
         <size>0x111</size>
         <input_file_ref idref="fl-2"/>
      </object_component>
      <object_component id="oc-138">
         <name>.debug_info</name>
         <load_address>0x482</load_address>
         <run_address>0x482</run_address>
         <size>0xa3f</size>
         <input_file_ref idref="fl-2"/>
      </object_component>
      <object_component id="oc-74">
         <name>.debug_info</name>
         <load_address>0xec1</load_address>
         <run_address>0xec1</run_address>
         <size>0x26b</size>
         <input_file_ref idref="fl-2"/>
      </object_component>
      <object_component id="oc-36">
         <name>.debug_info</name>
         <load_address>0x112c</load_address>
         <run_address>0x112c</run_address>
         <size>0x84</size>
         <input_file_ref idref="fl-2"/>
      </object_component>
      <object_component id="oc-bd">
         <name>.debug_info</name>
         <load_address>0x11b0</load_address>
         <run_address>0x11b0</run_address>
         <size>0x297</size>
         <input_file_ref idref="fl-2"/>
      </object_component>
      <object_component id="oc-79">
         <name>.debug_info</name>
         <load_address>0x1447</load_address>
         <run_address>0x1447</run_address>
         <size>0xbb</size>
         <input_file_ref idref="fl-2"/>
      </object_component>
      <object_component id="oc-12c">
         <name>.debug_info</name>
         <load_address>0x1502</load_address>
         <run_address>0x1502</run_address>
         <size>0xcc</size>
         <input_file_ref idref="fl-2"/>
      </object_component>
      <object_component id="oc-131">
         <name>.debug_info</name>
         <load_address>0x15ce</load_address>
         <run_address>0x15ce</run_address>
         <size>0x2c</size>
         <input_file_ref idref="fl-2"/>
      </object_component>
      <object_component id="oc-eb">
         <name>.debug_info</name>
         <load_address>0x15fa</load_address>
         <run_address>0x15fa</run_address>
         <size>0x325</size>
         <input_file_ref idref="fl-3"/>
      </object_component>
      <object_component id="oc-a0">
         <name>.debug_info</name>
         <load_address>0x191f</load_address>
         <run_address>0x191f</run_address>
         <size>0x1a8</size>
         <input_file_ref idref="fl-3"/>
      </object_component>
      <object_component id="oc-16f">
         <name>.debug_info</name>
         <load_address>0x1ac7</load_address>
         <run_address>0x1ac7</run_address>
         <size>0x55</size>
         <input_file_ref idref="fl-3"/>
      </object_component>
      <object_component id="oc-195">
         <name>.debug_info</name>
         <load_address>0x1b1c</load_address>
         <run_address>0x1b1c</run_address>
         <size>0x3e1</size>
         <input_file_ref idref="fl-4"/>
      </object_component>
      <object_component id="oc-272">
         <name>.debug_info</name>
         <load_address>0x1efd</load_address>
         <run_address>0x1efd</run_address>
         <size>0x2c</size>
         <input_file_ref idref="fl-4"/>
      </object_component>
      <object_component id="oc-2f">
         <name>.debug_info</name>
         <load_address>0x1f29</load_address>
         <run_address>0x1f29</run_address>
         <size>0x298</size>
         <input_file_ref idref="fl-5"/>
      </object_component>
      <object_component id="oc-10">
         <name>.debug_info</name>
         <load_address>0x21c1</load_address>
         <run_address>0x21c1</run_address>
         <size>0xd7</size>
         <input_file_ref idref="fl-5"/>
      </object_component>
      <object_component id="oc-29">
         <name>.debug_info</name>
         <load_address>0x2298</load_address>
         <run_address>0x2298</run_address>
         <size>0x253</size>
         <input_file_ref idref="fl-5"/>
      </object_component>
      <object_component id="oc-13d">
         <name>.debug_info</name>
         <load_address>0x24eb</load_address>
         <run_address>0x24eb</run_address>
         <size>0x279</size>
         <input_file_ref idref="fl-6"/>
      </object_component>
      <object_component id="oc-d4">
         <name>.debug_info</name>
         <load_address>0x2764</load_address>
         <run_address>0x2764</run_address>
         <size>0x2fd</size>
         <input_file_ref idref="fl-6"/>
      </object_component>
      <object_component id="oc-157">
         <name>.debug_info</name>
         <load_address>0x2a61</load_address>
         <run_address>0x2a61</run_address>
         <size>0x315</size>
         <input_file_ref idref="fl-d"/>
      </object_component>
      <object_component id="oc-da">
         <name>.debug_info</name>
         <load_address>0x2d76</load_address>
         <run_address>0x2d76</run_address>
         <size>0x23a</size>
         <input_file_ref idref="fl-d"/>
      </object_component>
      <object_component id="oc-206">
         <name>.debug_info</name>
         <load_address>0x2fb0</load_address>
         <run_address>0x2fb0</run_address>
         <size>0x55</size>
         <input_file_ref idref="fl-d"/>
      </object_component>
      <object_component id="oc-e6">
         <name>.debug_info</name>
         <load_address>0x3005</load_address>
         <run_address>0x3005</run_address>
         <size>0x124</size>
         <input_file_ref idref="fl-c3"/>
      </object_component>
      <object_component id="oc-92">
         <name>.debug_info</name>
         <load_address>0x3129</load_address>
         <run_address>0x3129</run_address>
         <size>0x313</size>
         <input_file_ref idref="fl-c4"/>
      </object_component>
      <object_component id="oc-48">
         <name>.debug_info</name>
         <load_address>0x343c</load_address>
         <run_address>0x343c</run_address>
         <size>0x1b4</size>
         <input_file_ref idref="fl-c4"/>
      </object_component>
      <object_component id="oc-8d">
         <name>.debug_info</name>
         <load_address>0x35f0</load_address>
         <run_address>0x35f0</run_address>
         <size>0x46</size>
         <input_file_ref idref="fl-c4"/>
      </object_component>
      <object_component id="oc-ca">
         <name>.debug_info</name>
         <load_address>0x3636</load_address>
         <run_address>0x3636</run_address>
         <size>0x2c</size>
         <input_file_ref idref="fl-c4"/>
      </object_component>
      <object_component id="oc-46">
         <name>.debug_info</name>
         <load_address>0x3662</load_address>
         <run_address>0x3662</run_address>
         <size>0x29d</size>
         <input_file_ref idref="fl-c5"/>
      </object_component>
      <object_component id="oc-1c">
         <name>.debug_info</name>
         <load_address>0x38ff</load_address>
         <run_address>0x38ff</run_address>
         <size>0x1df</size>
         <input_file_ref idref="fl-c5"/>
      </object_component>
      <object_component id="oc-41">
         <name>.debug_info</name>
         <load_address>0x3ade</load_address>
         <run_address>0x3ade</run_address>
         <size>0x46</size>
         <input_file_ref idref="fl-c5"/>
      </object_component>
      <object_component id="oc-85">
         <name>.debug_info</name>
         <load_address>0x3b24</load_address>
         <run_address>0x3b24</run_address>
         <size>0x2c</size>
         <input_file_ref idref="fl-c5"/>
      </object_component>
      <object_component id="oc-83">
         <name>.debug_info</name>
         <load_address>0x3b50</load_address>
         <run_address>0x3b50</run_address>
         <size>0x293</size>
         <input_file_ref idref="fl-c6"/>
      </object_component>
      <object_component id="oc-14">
         <name>.debug_info</name>
         <load_address>0x3de3</load_address>
         <run_address>0x3de3</run_address>
         <size>0x245</size>
         <input_file_ref idref="fl-c6"/>
      </object_component>
      <object_component id="oc-31">
         <name>.debug_info</name>
         <load_address>0x4028</load_address>
         <run_address>0x4028</run_address>
         <size>0x60</size>
         <input_file_ref idref="fl-c6"/>
      </object_component>
      <object_component id="oc-c3">
         <name>.debug_info</name>
         <load_address>0x4088</load_address>
         <run_address>0x4088</run_address>
         <size>0x46</size>
         <input_file_ref idref="fl-c6"/>
      </object_component>
      <object_component id="oc-7e">
         <name>.debug_info</name>
         <load_address>0x40ce</load_address>
         <run_address>0x40ce</run_address>
         <size>0x39</size>
         <input_file_ref idref="fl-c6"/>
      </object_component>
      <object_component id="oc-22">
         <name>.debug_info</name>
         <load_address>0x4107</load_address>
         <run_address>0x4107</run_address>
         <size>0x100</size>
         <input_file_ref idref="fl-c7"/>
      </object_component>
      <object_component id="oc-5c">
         <name>.debug_info</name>
         <load_address>0x4207</load_address>
         <run_address>0x4207</run_address>
         <size>0x1a4</size>
         <input_file_ref idref="fl-c7"/>
      </object_component>
      <object_component id="oc-17c">
         <name>.debug_info</name>
         <load_address>0x43ab</load_address>
         <run_address>0x43ab</run_address>
         <size>0x3a2</size>
         <input_file_ref idref="fl-c8"/>
      </object_component>
      <object_component id="oc-176">
         <name>.debug_info</name>
         <load_address>0x474d</load_address>
         <run_address>0x474d</run_address>
         <size>0x185</size>
         <input_file_ref idref="fl-c8"/>
      </object_component>
      <object_component id="oc-ef">
         <name>.debug_info</name>
         <load_address>0x48d2</load_address>
         <run_address>0x48d2</run_address>
         <size>0x117</size>
         <input_file_ref idref="fl-c8"/>
      </object_component>
      <object_component id="oc-f3">
         <name>.debug_info</name>
         <load_address>0x49e9</load_address>
         <run_address>0x49e9</run_address>
         <size>0x179</size>
         <input_file_ref idref="fl-c8"/>
      </object_component>
      <object_component id="oc-25a">
         <name>.debug_info</name>
         <load_address>0x4b62</load_address>
         <run_address>0x4b62</run_address>
         <size>0x2be</size>
         <input_file_ref idref="fl-c9"/>
      </object_component>
      <object_component id="oc-179">
         <name>.debug_info</name>
         <load_address>0x4e20</load_address>
         <run_address>0x4e20</run_address>
         <size>0x113</size>
         <input_file_ref idref="fl-c9"/>
      </object_component>
      <object_component id="oc-255">
         <name>.debug_info</name>
         <load_address>0x4f33</load_address>
         <run_address>0x4f33</run_address>
         <size>0x123</size>
         <input_file_ref idref="fl-c9"/>
      </object_component>
      <object_component id="oc-1ef">
         <name>.debug_info</name>
         <load_address>0x5056</load_address>
         <run_address>0x5056</run_address>
         <size>0x39a</size>
         <input_file_ref idref="fl-cb"/>
      </object_component>
      <object_component id="oc-1e9">
         <name>.debug_info</name>
         <load_address>0x53f0</load_address>
         <run_address>0x53f0</run_address>
         <size>0x1e8</size>
         <input_file_ref idref="fl-cb"/>
      </object_component>
      <object_component id="oc-14b">
         <name>.debug_info</name>
         <load_address>0x55d8</load_address>
         <run_address>0x55d8</run_address>
         <size>0x192</size>
         <input_file_ref idref="fl-cb"/>
      </object_component>
      <object_component id="oc-2aa">
         <name>.debug_info</name>
         <load_address>0x576a</load_address>
         <run_address>0x576a</run_address>
         <size>0xb2</size>
         <input_file_ref idref="fl-cb"/>
      </object_component>
      <object_component id="oc-400">
         <name>.debug_info</name>
         <load_address>0x581c</load_address>
         <run_address>0x581c</run_address>
         <size>0x33c</size>
         <input_file_ref idref="fl-cc"/>
      </object_component>
      <object_component id="oc-2fc">
         <name>.debug_info</name>
         <load_address>0x5b58</load_address>
         <run_address>0x5b58</run_address>
         <size>0x17f</size>
         <input_file_ref idref="fl-cc"/>
      </object_component>
      <object_component id="oc-1cd">
         <name>.debug_info</name>
         <load_address>0x5cd7</load_address>
         <run_address>0x5cd7</run_address>
         <size>0x40a</size>
         <input_file_ref idref="fl-cd"/>
      </object_component>
      <object_component id="oc-1c1">
         <name>.debug_info</name>
         <load_address>0x60e1</load_address>
         <run_address>0x60e1</run_address>
         <size>0x1f2</size>
         <input_file_ref idref="fl-cd"/>
      </object_component>
      <object_component id="oc-29e">
         <name>.debug_info</name>
         <load_address>0x62d3</load_address>
         <run_address>0x62d3</run_address>
         <size>0x16b</size>
         <input_file_ref idref="fl-cd"/>
      </object_component>
      <object_component id="oc-140">
         <name>.debug_info</name>
         <load_address>0x643e</load_address>
         <run_address>0x643e</run_address>
         <size>0x1c2</size>
         <input_file_ref idref="fl-cd"/>
      </object_component>
      <object_component id="oc-b3">
         <name>.debug_info</name>
         <load_address>0x6600</load_address>
         <run_address>0x6600</run_address>
         <size>0x2c</size>
         <input_file_ref idref="fl-cd"/>
      </object_component>
      <object_component id="oc-1e7">
         <name>.debug_info</name>
         <load_address>0x662c</load_address>
         <run_address>0x662c</run_address>
         <size>0x46b</size>
         <input_file_ref idref="fl-ce"/>
      </object_component>
      <object_component id="oc-1e3">
         <name>.debug_info</name>
         <load_address>0x6a97</load_address>
         <run_address>0x6a97</run_address>
         <size>0x21d</size>
         <input_file_ref idref="fl-ce"/>
      </object_component>
      <object_component id="oc-1d6">
         <name>.debug_info</name>
         <load_address>0x6cb4</load_address>
         <run_address>0x6cb4</run_address>
         <size>0x156</size>
         <input_file_ref idref="fl-ce"/>
      </object_component>
      <object_component id="oc-1db">
         <name>.debug_info</name>
         <load_address>0x6e0a</load_address>
         <run_address>0x6e0a</run_address>
         <size>0x185</size>
         <input_file_ref idref="fl-ce"/>
      </object_component>
      <object_component id="oc-147">
         <name>.debug_info</name>
         <load_address>0x6f8f</load_address>
         <run_address>0x6f8f</run_address>
         <size>0x1aa</size>
         <input_file_ref idref="fl-ce"/>
      </object_component>
      <object_component id="oc-3c2">
         <name>.debug_info</name>
         <load_address>0x7139</load_address>
         <run_address>0x7139</run_address>
         <size>0x3f7</size>
         <input_file_ref idref="fl-cf"/>
      </object_component>
      <object_component id="oc-299">
         <name>.debug_info</name>
         <load_address>0x7530</load_address>
         <run_address>0x7530</run_address>
         <size>0x23a</size>
         <input_file_ref idref="fl-cf"/>
      </object_component>
      <object_component id="oc-475">
         <name>.debug_info</name>
         <load_address>0x776a</load_address>
         <run_address>0x776a</run_address>
         <size>0x120</size>
         <input_file_ref idref="fl-cf"/>
      </object_component>
      <object_component id="oc-47a">
         <name>.debug_info</name>
         <load_address>0x788a</load_address>
         <run_address>0x788a</run_address>
         <size>0x2c</size>
         <input_file_ref idref="fl-cf"/>
      </object_component>
      <object_component id="oc-203">
         <name>.debug_info</name>
         <load_address>0x78b6</load_address>
         <run_address>0x78b6</run_address>
         <size>0x350</size>
         <input_file_ref idref="fl-d0"/>
      </object_component>
      <object_component id="oc-153">
         <name>.debug_info</name>
         <load_address>0x7c06</load_address>
         <run_address>0x7c06</run_address>
         <size>0x19c</size>
         <input_file_ref idref="fl-d0"/>
      </object_component>
      <object_component id="oc-16b">
         <name>.debug_info</name>
         <load_address>0x7da2</load_address>
         <run_address>0x7da2</run_address>
         <size>0x328</size>
         <input_file_ref idref="fl-d2"/>
      </object_component>
      <object_component id="oc-e1">
         <name>.debug_info</name>
         <load_address>0x80ca</load_address>
         <run_address>0x80ca</run_address>
         <size>0x1c6</size>
         <input_file_ref idref="fl-d2"/>
      </object_component>
      <object_component id="oc-160">
         <name>.debug_info</name>
         <load_address>0x8290</load_address>
         <run_address>0x8290</run_address>
         <size>0x182</size>
         <input_file_ref idref="fl-d2"/>
      </object_component>
      <object_component id="oc-167">
         <name>.debug_info</name>
         <load_address>0x8412</load_address>
         <run_address>0x8412</run_address>
         <size>0x162</size>
         <input_file_ref idref="fl-d2"/>
      </object_component>
      <object_component id="oc-285">
         <name>.debug_info</name>
         <load_address>0x8574</load_address>
         <run_address>0x8574</run_address>
         <size>0x2c</size>
         <input_file_ref idref="fl-d2"/>
      </object_component>
      <object_component id="oc-290">
         <name>.debug_info</name>
         <load_address>0x85a0</load_address>
         <run_address>0x85a0</run_address>
         <size>0x27f</size>
         <input_file_ref idref="fl-d3"/>
      </object_component>
      <object_component id="oc-1ab">
         <name>.debug_info</name>
         <load_address>0x881f</load_address>
         <run_address>0x881f</run_address>
         <size>0x258</size>
         <input_file_ref idref="fl-d3"/>
      </object_component>
      <object_component id="oc-292">
         <name>.debug_info</name>
         <load_address>0x8a77</load_address>
         <run_address>0x8a77</run_address>
         <size>0x299</size>
         <input_file_ref idref="fl-d4"/>
      </object_component>
      <object_component id="oc-1ae">
         <name>.debug_info</name>
         <load_address>0x8d10</load_address>
         <run_address>0x8d10</run_address>
         <size>0x231</size>
         <input_file_ref idref="fl-d4"/>
      </object_component>
      <object_component id="oc-294">
         <name>.debug_info</name>
         <load_address>0x8f41</load_address>
         <run_address>0x8f41</run_address>
         <size>0x284</size>
         <input_file_ref idref="fl-d5"/>
      </object_component>
      <object_component id="oc-1b4">
         <name>.debug_info</name>
         <load_address>0x91c5</load_address>
         <run_address>0x91c5</run_address>
         <size>0x22a</size>
         <input_file_ref idref="fl-d5"/>
      </object_component>
      <object_component id="oc-3fe">
         <name>.debug_info</name>
         <load_address>0x93ef</load_address>
         <run_address>0x93ef</run_address>
         <size>0x305</size>
         <input_file_ref idref="fl-d6"/>
      </object_component>
      <object_component id="oc-2f2">
         <name>.debug_info</name>
         <load_address>0x96f4</load_address>
         <run_address>0x96f4</run_address>
         <size>0x1ac</size>
         <input_file_ref idref="fl-d6"/>
      </object_component>
      <object_component id="oc-4a1">
         <name>.debug_info</name>
         <load_address>0x98a0</load_address>
         <run_address>0x98a0</run_address>
         <size>0xbf</size>
         <input_file_ref idref="fl-d6"/>
      </object_component>
      <object_component id="oc-41a">
         <name>.debug_info</name>
         <load_address>0x995f</load_address>
         <run_address>0x995f</run_address>
         <size>0x3c6</size>
         <input_file_ref idref="fl-d7"/>
      </object_component>
      <object_component id="oc-310">
         <name>.debug_info</name>
         <load_address>0x9d25</load_address>
         <run_address>0x9d25</run_address>
         <size>0x19a</size>
         <input_file_ref idref="fl-d7"/>
      </object_component>
      <object_component id="oc-4b3">
         <name>.debug_info</name>
         <load_address>0x9ebf</load_address>
         <run_address>0x9ebf</run_address>
         <size>0xea</size>
         <input_file_ref idref="fl-d7"/>
      </object_component>
      <object_component id="oc-284">
         <name>.debug_info</name>
         <load_address>0x9fa9</load_address>
         <run_address>0x9fa9</run_address>
         <size>0x335</size>
         <input_file_ref idref="fl-d8"/>
      </object_component>
      <object_component id="oc-1a2">
         <name>.debug_info</name>
         <load_address>0xa2de</load_address>
         <run_address>0xa2de</run_address>
         <size>0x1fd</size>
         <input_file_ref idref="fl-d8"/>
      </object_component>
      <object_component id="oc-278">
         <name>.debug_info</name>
         <load_address>0xa4db</load_address>
         <run_address>0xa4db</run_address>
         <size>0x1bb</size>
         <input_file_ref idref="fl-d8"/>
      </object_component>
      <object_component id="oc-27f">
         <name>.debug_info</name>
         <load_address>0xa696</load_address>
         <run_address>0xa696</run_address>
         <size>0x16e</size>
         <input_file_ref idref="fl-d8"/>
      </object_component>
      <object_component id="oc-28a">
         <name>.debug_info</name>
         <load_address>0xa804</load_address>
         <run_address>0xa804</run_address>
         <size>0x69</size>
         <input_file_ref idref="fl-d8"/>
      </object_component>
      <object_component id="oc-426">
         <name>.debug_info</name>
         <load_address>0xa86d</load_address>
         <run_address>0xa86d</run_address>
         <size>0x4c5</size>
         <input_file_ref idref="fl-d9"/>
      </object_component>
      <object_component id="oc-46d">
         <name>.debug_info</name>
         <load_address>0xad32</load_address>
         <run_address>0xad32</run_address>
         <size>0xf8</size>
         <input_file_ref idref="fl-d9"/>
      </object_component>
      <object_component id="oc-3bf">
         <name>.debug_info</name>
         <load_address>0xae2a</load_address>
         <run_address>0xae2a</run_address>
         <size>0xf8</size>
         <input_file_ref idref="fl-d9"/>
      </object_component>
      <object_component id="oc-324">
         <name>.debug_info</name>
         <load_address>0xaf22</load_address>
         <run_address>0xaf22</run_address>
         <size>0x184</size>
         <input_file_ref idref="fl-d9"/>
      </object_component>
      <object_component id="oc-94">
         <name>.debug_info</name>
         <load_address>0xb0a6</load_address>
         <run_address>0xb0a6</run_address>
         <size>0x13f</size>
         <input_file_ref idref="fl-da"/>
      </object_component>
      <object_component id="oc-3e">
         <name>.debug_info</name>
         <load_address>0xb1e5</load_address>
         <run_address>0xb1e5</run_address>
         <size>0x111</size>
         <input_file_ref idref="fl-db"/>
      </object_component>
      <object_component id="oc-17f">
         <name>.debug_info</name>
         <load_address>0xb2f6</load_address>
[...]
         <object_component_ref idref="oc-d3"/>
      </symbol>
      <symbol id="sm-129">
         <name>uart_Handler</name>
         <value>0x286b</value>
         <object_component_ref idref="oc-d3"/>
      </symbol>
      <symbol id="sm-145">
         <name>get_reading</name>
         <value>0x3fd9</value>
         <object_component_ref idref="oc-d9"/>
      </symbol>
      <symbol id="sm-150">
         <name>__aeabi_f2d</name>
         <value>0x4c79</value>
         <object_component_ref idref="oc-e5"/>
      </symbol>
      <symbol id="sm-169">
         <name>__TI_zero_init_nomemset</name>
         <value>0x4fdf</value>
         <object_component_ref idref="oc-47"/>
      </symbol>
      <symbol id="sm-180">
         <name>__TI_decompress_none</name>
         <value>0x5013</value>
         <object_component_ref idref="oc-18"/>
      </symbol>
      <symbol id="sm-1a3">
         <name>__TI_decompress_lzss</name>
         <value>0x43ed</value>
         <object_component_ref idref="oc-12"/>
      </symbol>
      <symbol id="sm-1b6">
         <name>__stack</name>
         <value>0x20000000</value>
         <object_component_ref idref="oc-21"/>
      </symbol>
      <symbol id="sm-1b7">
         <name>_c_int00_noargs</name>
         <value>0x4c09</value>
         <object_component_ref idref="oc-59"/>
      </symbol>
      <symbol id="sm-1dd">
         <name>C$$EXIT</name>
         <value>0x5053</value>
         <object_component_ref idref="oc-ec"/>
      </symbol>
      <symbol id="sm-1de">
         <name>abort</name>
         <value>0x5053</value>
         <object_component_ref idref="oc-ec"/>
      </symbol>
      <symbol id="sm-1df">
         <name>__TI_dtors_ptr</name>
         <value>0x200023e8</value>
         <object_component_ref idref="oc-175"/>
      </symbol>
      <symbol id="sm-1e0">
         <name>__TI_cleanup_ptr</name>
         <value>0x200023e4</value>
         <object_component_ref idref="oc-175"/>
      </symbol>
      <symbol id="sm-1e1">
         <name>__TI_enable_exit_profile_output</name>
         <value>0x200023ec</value>
         <object_component_ref idref="oc-175"/>
      </symbol>
      <symbol id="sm-1e2">
         <name>exit</name>
         <value>0x4935</value>
         <object_component_ref idref="oc-f2"/>
      </symbol>
      <symbol id="sm-1f7">
         <name>_nop</name>
         <value>0x17bb</value>
         <object_component_ref idref="oc-252"/>
      </symbol>
      <symbol id="sm-1f8">
         <name>_lock</name>
         <value>0x200023fc</value>
         <object_component_ref idref="oc-178"/>
      </symbol>
      <symbol id="sm-1f9">
         <name>_unlock</name>
         <value>0x20002400</value>
         <object_component_ref idref="oc-178"/>
      </symbol>
      <symbol id="sm-21f">
         <name>__TI_closefile</name>
         <value>0x41cd</value>
         <object_component_ref idref="oc-1e8"/>
      </symbol>
      <symbol id="sm-220">
         <name>fclose</name>
         <value>0x4de1</value>
         <object_component_ref idref="oc-14a"/>
      </symbol>
      <symbol id="sm-230">
         <name>__TI_doflush</name>
         <value>0x4851</value>
         <object_component_ref idref="oc-2fb"/>
      </symbol>
      <symbol id="sm-278">
         <name>__TI_cleanup</name>
         <value>0x4ce9</value>
         <object_component_ref idref="oc-29b"/>
      </symbol>
      <symbol id="sm-279">
         <name>fopen</name>
         <value>0x3b65</value>
         <object_component_ref idref="oc-13e"/>
      </symbol>
      <symbol id="sm-2b4">
         <name>fscanf</name>
         <value>0x4455</value>
         <object_component_ref idref="oc-144"/>
      </symbol>
      <symbol id="sm-2db">
         <name>open</name>
         <value>0x3959</value>
         <object_component_ref idref="oc-295"/>
      </symbol>
      <symbol id="sm-2f8">
         <name>perror</name>
         <value>0x3891</value>
         <object_component_ref idref="oc-150"/>
      </symbol>
      <symbol id="sm-320">
         <name>sprintf</name>
         <value>0x4ad5</value>
         <object_component_ref idref="oc-df"/>
      </symbol>
      <symbol id="sm-32f">
         <name>strcmp</name>
         <value>0x4f5d</value>
         <object_component_ref idref="oc-1a7"/>
      </symbol>
      <symbol id="sm-33d">
         <name>strcpy</name>
         <value>0x4fb7</value>
         <object_component_ref idref="oc-1ad"/>
      </symbol>
      <symbol id="sm-34b">
         <name>strlen</name>
         <value>0x4fcb</value>
         <object_component_ref idref="oc-1b3"/>
      </symbol>
      <symbol id="sm-364">
         <name>ungetc</name>
         <value>0x4059</value>
         <object_component_ref idref="oc-2f1"/>
      </symbol>
      <symbol id="sm-379">
         <name>unlink</name>
         <value>0x4e0d</value>
         <object_component_ref idref="oc-30d"/>
      </symbol>
      <symbol id="sm-3a3">
         <name>vsnprintf</name>
         <value>0x4b15</value>
         <object_component_ref idref="oc-1a1"/>
      </symbol>
      <symbol id="sm-3bf">
         <name>_stream</name>
         <value>0x20002384</value>
         <object_component_ref idref="oc-3be"/>
      </symbol>
      <symbol id="sm-3c0">
         <name>_device</name>
         <value>0x2000230c</value>
         <object_component_ref idref="oc-46c"/>
      </symbol>
      <symbol id="sm-3c1">
         <name>write</name>
         <value>0x4eb1</value>
         <object_component_ref idref="oc-323"/>
      </symbol>
      <symbol id="sm-3d0">
         <name>__aeabi_memset</name>
         <value>0x40db</value>
         <object_component_ref idref="oc-93"/>
      </symbol>
      <symbol id="sm-3d1">
         <name>memset</name>
         <value>0x40e1</value>
         <object_component_ref idref="oc-93"/>
      </symbol>
      <symbol id="sm-3d2">
         <name>__aeabi_memset8</name>
         <value>0x40db</value>
         <object_component_ref idref="oc-93"/>
      </symbol>
      <symbol id="sm-3d3">
         <name>__aeabi_memset4</name>
         <value>0x40db</value>
         <object_component_ref idref="oc-93"/>
      </symbol>
      <symbol id="sm-3d4">
         <name>__aeabi_memclr8</name>
         <value>0x40d9</value>
         <object_component_ref idref="oc-93"/>
      </symbol>
      <symbol id="sm-3d5">
         <name>__aeabi_memclr4</name>
         <value>0x40d9</value>
         <object_component_ref idref="oc-93"/>
      </symbol>
      <symbol id="sm-3d6">
         <name>__aeabi_memclr</name>
         <value>0x40d9</value>
         <object_component_ref idref="oc-93"/>
      </symbol>
      <symbol id="sm-3f1">
         <name>memcpy</name>
         <value>0x3c01</value>
         <object_component_ref idref="oc-3b"/>
      </symbol>
      <symbol id="sm-3f2">
         <name>__aeabi_memcpy</name>
         <value>0x3c01</value>
         <object_component_ref idref="oc-3b"/>
      </symbol>
      <symbol id="sm-3f3">
         <name>__aeabi_memcpy8</name>
         <value>0x3c01</value>
         <object_component_ref idref="oc-3b"/>
      </symbol>
      <symbol id="sm-3f4">
         <name>__aeabi_memcpy4</name>
         <value>0x3c01</value>
         <object_component_ref idref="oc-3b"/>
      </symbol>
      <symbol id="sm-41c">
         <name>__TI_auto_init_nobinit_nopinit</name>
         <value>0x4a4d</value>
         <object_component_ref idref="oc-f8"/>
      </symbol>
      <symbol id="sm-426">
         <name>_system_pre_init</name>
         <value>0x504f</value>
         <object_component_ref idref="oc-99"/>
      </symbol>
      <symbol id="sm-43d">
         <name>__aeabi_errno_addr</name>
         <value>0x5041</value>
         <object_component_ref idref="oc-1f6"/>
      </symbol>
      <symbol id="sm-43e">
         <name>errno</name>
         <value>0x20002404</value>
         <object_component_ref idref="oc-32b"/>
      </symbol>
      <symbol id="sm-4b4">
         <name>_sys_memory</name>
         <value>0x20001000</value>
         <object_component_ref idref="oc-24"/>
      </symbol>
      <symbol id="sm-4b5">
         <name>free</name>
         <value>0x36e9</value>
         <object_component_ref idref="oc-301"/>
      </symbol>
      <symbol id="sm-4b6">
         <name>malloc</name>
         <value>0x4155</value>
         <object_component_ref idref="oc-499"/>
      </symbol>
      <symbol id="sm-4b7">
         <name>minit</name>
         <value>0x4c41</value>
         <object_component_ref idref="oc-401"/>
      </symbol>
      <symbol id="sm-61c">
         <name>__TI_printfi</name>
         <value>0xd5d</value>
         <object_component_ref idref="oc-158"/>
      </symbol>
      <symbol id="sm-6cd">
         <name>__TI_scanfi</name>
         <value>0x26d</value>
         <object_component_ref idref="oc-1ce"/>
      </symbol>
      <symbol id="sm-6e3">
         <name>atoi</name>
         <value>0x489d</value>
         <object_component_ref idref="oc-20b"/>
      </symbol>
      <symbol id="sm-6f7">
         <name>close</name>
         <value>0x4649</value>
         <object_component_ref idref="oc-307"/>
      </symbol>
      <symbol id="sm-702">
         <name>_ctypes_</name>
         <value>0x5058</value>
         <object_component_ref idref="oc-2d2"/>
      </symbol>
      <symbol id="sm-717">
         <name>__TI_tmpnams</name>
         <value>0x20002120</value>
      </symbol>
      <symbol id="sm-718">
         <name>__aeabi_stdout</name>
         <value>0x200023dc</value>
         <object_component_ref idref="oc-1c9"/>
      </symbol>
      <symbol id="sm-719">
         <name>__aeabi_stderr</name>
         <value>0x200023e0</value>
         <object_component_ref idref="oc-1c9"/>
      </symbol>
      <symbol id="sm-71a">
         <name>__aeabi_stdin</name>
         <value>0x200023d8</value>
         <object_component_ref idref="oc-1c9"/>
      </symbol>
      <symbol id="sm-71b">
         <name>_ftable</name>
         <value>0x2000221c</value>
         <object_component_ref idref="oc-1c6"/>
      </symbol>
      <symbol id="sm-71c">
         <name>__TI_ft_end</name>
         <value>0x200023d4</value>
         <object_component_ref idref="oc-1c9"/>
      </symbol>
      <symbol id="sm-730">
         <name>getc</name>
         <value>0x3f55</value>
         <object_component_ref idref="oc-2ea"/>
      </symbol>
      <symbol id="sm-731">
         <name>fgetc</name>
         <value>0x3f55</value>
         <object_component_ref idref="oc-2ea"/>
      </symbol>
      <symbol id="sm-746">
         <name>putc</name>
         <value>0x3d35</value>
         <object_component_ref idref="oc-1fc"/>
      </symbol>
      <symbol id="sm-747">
         <name>fputc</name>
         <value>0x3d35</value>
         <object_component_ref idref="oc-1fc"/>
      </symbol>
      <symbol id="sm-765">
         <name>fputs</name>
         <value>0x30d9</value>
         <object_component_ref idref="oc-1f0"/>
      </symbol>
      <symbol id="sm-783">
         <name>finddevice</name>
         <value>0x4d81</value>
         <object_component_ref idref="oc-466"/>
      </symbol>
      <symbol id="sm-784">
         <name>getdevice</name>
         <value>0x4a91</value>
         <object_component_ref idref="oc-3b7"/>
      </symbol>
      <symbol id="sm-793">
         <name>ltoa</name>
         <value>0x47ab</value>
         <object_component_ref idref="oc-351"/>
      </symbol>
      <symbol id="sm-7a3">
         <name>memccpy</name>
         <value>0x4ef9</value>
         <object_component_ref idref="oc-234"/>
      </symbol>
      <symbol id="sm-7b3">
         <name>memchr</name>
         <value>0x4ed9</value>
         <object_component_ref idref="oc-31d"/>
      </symbol>
      <symbol id="sm-7c3">
         <name>read</name>
         <value>0x4e89</value>
         <object_component_ref idref="oc-3ef"/>
      </symbol>
      <symbol id="sm-7df">
         <name>setvbuf</name>
         <value>0x360d</value>
         <object_component_ref idref="oc-3f7"/>
      </symbol>
      <symbol id="sm-7ef">
         <name>strchr</name>
         <value>0x4f8d</value>
         <object_component_ref idref="oc-2db"/>
      </symbol>
      <symbol id="sm-7ff">
         <name>strncpy</name>
         <value>0x4cb1</value>
         <object_component_ref idref="oc-460"/>
      </symbol>
      <symbol id="sm-80e">
         <name>strrchr</name>
         <value>0x4f75</value>
         <object_component_ref idref="oc-2d5"/>
      </symbol>
      <symbol id="sm-86e">
         <name>strtold</name>
         <value>0x17bd</value>
         <object_component_ref idref="oc-2bb"/>
      </symbol>
      <symbol id="sm-86f">
         <name>strtod</name>
         <value>0x17bd</value>
         <object_component_ref idref="oc-2bb"/>
      </symbol>
      <symbol id="sm-893">
         <name>strtol</name>
         <value>0x2e89</value>
         <object_component_ref idref="oc-2c6"/>
      </symbol>
      <symbol id="sm-8b9">
         <name>strtoll</name>
         <value>0x2295</value>
         <object_component_ref idref="oc-2cc"/>
      </symbol>
      <symbol id="sm-8d9">
         <name>strtoul</name>
         <value>0x32fd</value>
         <object_component_ref idref="oc-2b5"/>
      </symbol>
      <symbol id="sm-8fc">
         <name>strtoull</name>
         <value>0x2961</value>
         <object_component_ref idref="oc-2af"/>
      </symbol>
      <symbol id="sm-90d">
         <name>HOSTclose</name>
         <value>0x49c5</value>
         <object_component_ref idref="oc-4dc"/>
      </symbol>
      <symbol id="sm-91e">
         <name>HOSTlseek</name>
         <value>0x431d</value>
         <object_component_ref idref="oc-4ee"/>
      </symbol>
      <symbol id="sm-930">
         <name>parmbuf</name>
         <value>0x20002214</value>
      </symbol>
      <symbol id="sm-931">
         <name>HOSTopen</name>
         <value>0x45e9</value>
         <object_component_ref idref="oc-4d6"/>
      </symbol>
      <symbol id="sm-942">
         <name>HOSTread</name>
         <value>0x46a5</value>
         <object_component_ref idref="oc-4e2"/>
      </symbol>
      <symbol id="sm-953">
         <name>HOSTrename</name>
         <value>0x4385</value>
         <object_component_ref idref="oc-4fa"/>
      </symbol>
      <symbol id="sm-964">
         <name>HOSTunlink</name>
         <value>0x4a09</value>
         <object_component_ref idref="oc-4f4"/>
      </symbol>
      <symbol id="sm-975">
         <name>HOSTwrite</name>
         <value>0x46fd</value>
         <object_component_ref idref="oc-4e8"/>
      </symbol>
      <symbol id="sm-999">
         <name>__TI_readmsg</name>
         <value>0x4d1d</value>
         <object_component_ref idref="oc-517"/>
      </symbol>
      <symbol id="sm-99a">
         <name>C$$IO$$</name>
         <value>0x4bff</value>
         <object_component_ref idref="oc-511"/>
      </symbol>
      <symbol id="sm-99b">
         <name>__CIOBUF_</name>
         <value>0x20002000</value>
         <object_component_ref idref="oc-52f"/>
      </symbol>
      <symbol id="sm-99c">
         <name>__TI_writemsg</name>
         <value>0x4bd1</value>
         <object_component_ref idref="oc-511"/>
      </symbol>
      <symbol id="sm-9bc">
         <name>frexpl</name>
         <value>0x44bd</value>
         <object_component_ref idref="oc-37c"/>
      </symbol>
      <symbol id="sm-9bd">
         <name>frexp</name>
         <value>0x44bd</value>
         <object_component_ref idref="oc-37c"/>
      </symbol>
      <symbol id="sm-9da">
         <name>scalbn</name>
         <value>0x31ed</value>
         <object_component_ref idref="oc-382"/>
      </symbol>
      <symbol id="sm-9db">
         <name>scalbnl</name>
         <value>0x31ed</value>
         <object_component_ref idref="oc-382"/>
      </symbol>
      <symbol id="sm-9dc">
         <name>ldexpl</name>
         <value>0x31ed</value>
         <object_component_ref idref="oc-382"/>
      </symbol>
      <symbol id="sm-9dd">
         <name>ldexp</name>
         <value>0x31ed</value>
         <object_component_ref idref="oc-382"/>
      </symbol>
      <symbol id="sm-9e7">
         <name>copysign</name>
         <value>0x4fa3</value>
         <object_component_ref idref="oc-44a"/>
      </symbol>
      <symbol id="sm-9e8">
         <name>copysignl</name>
         <value>0x4fa3</value>
         <object_component_ref idref="oc-44a"/>
      </symbol>
      <symbol id="sm-a01">
         <name>wcslen</name>
         <value>0x4ff1</value>
         <object_component_ref idref="oc-23a"/>
      </symbol>
      <symbol id="sm-a18">
         <name>__aeabi_dsub</name>
         <value>0x2641</value>
         <object_component_ref idref="oc-35c"/>
      </symbol>
      <symbol id="sm-a19">
         <name>__aeabi_dadd</name>
         <value>0x264b</value>
         <object_component_ref idref="oc-35c"/>
      </symbol>
      <symbol id="sm-a3b">
         <name>__aeabi_cdcmpeq</name>
         <value>0x3e49</value>
         <object_component_ref idref="oc-217"/>
      </symbol>
      <symbol id="sm-a3c">
         <name>__aeabi_cdcmple</name>
         <value>0x3e49</value>
         <object_component_ref idref="oc-217"/>
      </symbol>
      <symbol id="sm-a3d">
         <name>__aeabi_cdrcmple</name>
         <value>0x3ecf</value>
         <object_component_ref idref="oc-347"/>
      </symbol>
      <symbol id="sm-a51">
         <name>__aeabi_ddiv</name>
         <value>0x2d51</value>
         <object_component_ref idref="oc-342"/>
      </symbol>
      <symbol id="sm-a5c">
         <name>__aeabi_dmul</name>
         <value>0x3511</value>
         <object_component_ref idref="oc-33d"/>
      </symbol>
      <symbol id="sm-a66">
         <name>__aeabi_d2iz</name>
         <value>0x497d</value>
         <object_component_ref idref="oc-34c"/>
      </symbol>
      <symbol id="sm-a72">
         <name>__aeabi_d2f</name>
         <value>0x42af</value>
         <object_component_ref idref="oc-2c1"/>
      </symbol>
      <symbol id="sm-a7c">
         <name>__aeabi_i2d</name>
         <value>0x4db1</value>
         <object_component_ref idref="oc-357"/>
      </symbol>
      <symbol id="sm-a85">
         <name>__aeabi_lmul</name>
         <value>0x4f45</value>
         <object_component_ref idref="oc-3c6"/>
      </symbol>
      <symbol id="sm-a92">
         <name>__aeabi_uldivmod</name>
         <value>0x3c9d</value>
         <object_component_ref idref="oc-336"/>
      </symbol>
      <symbol id="sm-aab">
         <name>__TI_buff_read</name>
         <value>0x3ac9</value>
         <object_component_ref idref="oc-3e9"/>
      </symbol>
      <symbol id="sm-acb">
         <name>__TI_wrt_ok</name>
         <value>0x4585</value>
         <object_component_ref idref="oc-317"/>
      </symbol>
      <symbol id="sm-acc">
         <name>__TI_rd_ok</name>
         <value>0x48e9</value>
         <object_component_ref idref="oc-3e3"/>
      </symbol>
      <symbol id="sm-ade">
         <name>fseek</name>
         <value>0x4521</value>
         <object_component_ref idref="oc-41b"/>
      </symbol>
      <symbol id="sm-aee">
         <name>lseek</name>
         <value>0x4e39</value>
         <object_component_ref idref="oc-4b8"/>
      </symbol>
      <symbol id="sm-af8">
         <name>__aeabi_idiv0</name>
         <value>0x27f7</value>
         <object_component_ref idref="oc-431"/>
      </symbol>
      <symbol id="sm-af9">
         <name>__aeabi_ldiv0</name>
         <value>0x27f7</value>
         <object_component_ref idref="oc-431"/>
      </symbol>
      <symbol id="sm-afa">
         <name>__TI_static_base__</name>
         <value>0x0</value>
      </symbol>
      <symbol id="sm-afd">
         <name>__mpu_init</name>
         <value>0x0</value>
      </symbol>
      <symbol id="sm-afe">
         <name>_system_post_cinit</name>
         <value>0x0</value>
      </symbol>
      <symbol id="sm-aff">
         <name>remove</name>
         <value>0x4e0d</value>
      </symbol>
   </symbol_table>
   <title>Link successful</title>
</link_info>
