******************************************************************************
                  TI ARM Linker PC v18.1.2                     
******************************************************************************
>> Linked Tue Mar  5 20:27:06 2019

OUTPUT FILE NAME:   <Lab6.out>
ENTRY POINT SYMBOL: "_c_int00_noargs"  address: 000027e9


MEMORY CONFIGURATION

         name            origin    length      used     unused   attr    fill
----------------------  --------  ---------  --------  --------  ----  --------
  FLASH                 00000000   00040000  00002ad5  0003d52b  R  X
  SRAM                  20000000   00008000  00001058  00006fa8  RW X


SEGMENT ALLOCATION MAP

run origin  load origin   length   init length attrs members
----------  ----------- ---------- ----------- ----- -------
00000000    00000000    00002ad8   00002ad8    r-x
  00000000    00000000    0000026c   0000026c    r-- .intvecs
  0000026c    0000026c    00002730   00002730    r-x .text
  0000299c    0000299c    00000109   00000109    r-- .const
  00002aa8    00002aa8    00000030   00000030    r-- .cinit
20000000    20000000    00001058   00000000    rw-
  20000000    20000000    00001000   00000000    rw- .stack
  20001000    20001000    00000054   00000000    rw- .bss
  20001054    20001054    00000004   00000000    rw- .data


SECTION ALLOCATION MAP

 output                                  attributes/
section   page    origin      length       input sections
--------  ----  ----------  ----------   ----------------
.intvecs   0    00000000    0000026c     
                  00000000    0000026c     tm4c123gh6pm_startup_ccs.obj (.intvecs)

.text      0    0000026c    00002730     
                  0000026c    00000a5e     rtsv7M4_T_le_v4SPD16_eabi.lib : _printfi.c.obj (.text:__TI_printfi)
                  00000cca    00000002                                   : div0.asm.obj (.text)
                  00000ccc    00000408     lcd.obj (.text)
                  000010d4    00000270     rtsv7M4_T_le_v4SPD16_eabi.lib : _printfi.c.obj (.text:_pconv_a)
                  00001344    000001d0                                   : _printfi.c.obj (.text:_pconv_g)
                  00001514    000001b6                                   : fd_add_t2.asm.obj (.text)
                  000016ca    00000002     --HOLE-- [fill = 0]
                  000016cc    00000168     uart.obj (.text)
                  00001834    00000158     timer.obj (.text)
                  0000198c    0000013c     rtsv7M4_T_le_v4SPD16_eabi.lib : _printfi.c.obj (.text:_pconv_e)
                  00001ac8    00000136                                   : fd_div_t2.asm.obj (.text)
                  00001bfe    00000002     --HOLE-- [fill = 0]
                  00001c00    00000120                                   : _printfi.c.obj (.text:fcvt)
                  00001d20    00000110                                   : s_scalbn.c.obj (.text:scalbn)
                  00001e30    000000fc                                   : fd_mul_t2.asm.obj (.text)
                  00001f2c    000000d0     adc.obj (.text)
                  00001ffc    000000b2     main.obj (.text)
                  000020ae    00000002     --HOLE-- [fill = 0]
                  000020b0    000000b1     rtsv7M4_T_le_v4SPD16_eabi.lib : _printfi.c.obj (.text:_ltostr)
                  00002161    00000001     --HOLE-- [fill = 0]
                  00002162    0000009c                                   : memcpy_t2.asm.obj (.text)
                  000021fe    00000096                                   : ull_div_t2.asm.obj (.text)
                  00002294    00000086                                   : fd_cmp_t2.asm.obj (.text:__aeabi_cdcmple)
                  0000231a    00000086                                   : fd_cmp_t2.asm.obj (.text:__aeabi_cdrcmple)
                  000023a0    0000007a                                   : memset_t2.asm.obj (.text)
                  0000241a    0000006e                                   : _printfi.c.obj (.text:_mcpy)
                  00002488    00000068                                   : copy_decompress_lzss.c.obj (.text:decompress:lzss:__TI_decompress_lzss)
                  000024f0    00000064                                   : s_frexp.c.obj (.text:frexp)
                  00002554    00000056                                   : _printfi.c.obj (.text:_pconv_f)
                  000025aa    00000054                                   : ltoa.c.obj (.text:ltoa)
                  000025fe    00000052                                   : _printfi.c.obj (.text:_ecpy)
                  00002650    0000004c                                   : atoi.c.obj (.text:atoi)
                  0000269c    00000048                                   : fd_toi_t2.asm.obj (.text)
                  000026e4    00000044                                   : autoinit.c.obj (.text:__TI_auto_init_nobinit_nopinit:__TI_auto_init_nobinit_nopinit)
                  00002728    00000040                                   : sprintf.c.obj (.text:sprintf)
                  00002768    00000040                                   : vsnprintf.c.obj (.text:vsnprintf)
                  000027a8    0000003e                                   : _printfi.c.obj (.text:_fcpy)
                  000027e6    00000002     --HOLE-- [fill = 0]
                  000027e8    00000038                                   : boot_cortex_m.c.obj (.text:_c_int00_noargs:_c_int00_noargs)
                  00002820    00000030                                   : vsnprintf.c.obj (.text:_outs)
                  00002850    0000002e                                   : i_tofd_t2.asm.obj (.text)
                  0000287e    0000001c                                   : memccpy.c.obj (.text:memccpy)
                  0000289a    00000018                                   : vsnprintf.c.obj (.text:_outc)
                  000028b2    00000018                                   : sprintf.c.obj (.text:_outs)
                  000028ca    00000018                                   : strcmp.c.obj (.text:strcmp)
                  000028e2    00000016                                   : strchr.c.obj (.text:strchr)
                  000028f8    00000014                                   : s_copysign.c.obj (.text:copysign)
                  0000290c    00000014                                   : strcpy.c.obj (.text:strcpy)
                  00002920    00000014                                   : strlen.c.obj (.text:strlen)
                  00002934    00000012                                   : copy_zero_init.c.obj (.text:decompress:ZI:__TI_zero_init_nomemset:__TI_zero_init_nomemset)
                  00002946    00000012                                   : wcslen.c.obj (.text:wcslen)
                  00002958    00000010     lcd.obj (.text:lcd_clear)
                  00002968    0000000e     rtsv7M4_T_le_v4SPD16_eabi.lib : copy_decompress_none.c.obj (.text:decompress:none:__TI_decompress_none)
                  00002976    0000000c     tm4c123gh6pm_startup_ccs.obj (.text)
                  00002982    0000000a     rtsv7M4_T_le_v4SPD16_eabi.lib : sprintf.c.obj (.text:_outc)
                  0000298c    00000008                                   : errno.c.obj (.text:__aeabi_errno_addr)
                  00002994    00000004                                   : pre_init.c.obj (.text:_system_pre_init)
                  00002998    00000004                                   : exit.c.obj (.text:abort:abort)

.const     0    0000299c    00000109     
                  0000299c    00000101     rtsv7M4_T_le_v4SPD16_eabi.lib : ctype.c.obj (.const:.string:_ctypes_)
                  00002a9d    00000004     lcd.obj (.const:.string:lineAddress$1)
                  00002aa1    00000004     lcd.obj (.const:.string:lineAddresses$2)

.cinit     0    00002aa8    00000030     
                  00002aa8    0000000c     (__TI_handler_table)
                  00002ab4    00000004     --HOLE-- [fill = 0]
                  00002ab8    00000008     (.cinit..bss.load) [load image, compression = zero_init]
                  00002ac0    00000007     (.cinit..data.load) [load image, compression = lzss]
                  00002ac7    00000001     --HOLE-- [fill = 0]
                  00002ac8    00000010     (__TI_cinit_table)

.init_array 
*          0    00000000    00000000     UNINITIALIZED

.bss       0    20001000    00000054     UNINITIALIZED
                  20001000    00000054     lcd.obj (.bss:lastbuffer$3)

.data      0    20001054    00000004     UNINITIALIZED
                  20001054    00000004     rtsv7M4_T_le_v4SPD16_eabi.lib : errno.c.obj (.data)

.stack     0    20000000    00001000     UNINITIALIZED
                  20000000    00000004     rtsv7M4_T_le_v4SPD16_eabi.lib : boot_cortex_m.c.obj (.stack)
                  20000004    00000ffc     --HOLE--

MODULE SUMMARY

       Module                         code    ro data   rw data
       ------                         ----    -------   -------
    .\
       lcd.obj                        1048    8         84     
       tm4c123gh6pm_startup_ccs.obj   12      620       0      
       uart.obj                       360     0         0      
       timer.obj                      344     0         0      
       adc.obj                        208     0         0      
       main.obj                       178     0         0      
    +--+------------------------------+-------+---------+---------+
       Total:                         2150    628       84     
                                                               
    C:\ti\ccsv8\tools\compiler\ti-cgt-arm_18.1.2.LTS\lib\rtsv7M4_T_le_v4SPD16_eabi.lib
       _printfi.c.obj                 4863    0         0      
       fd_add_t2.asm.obj              438     0         0      
       fd_div_t2.asm.obj              310     0         0      
       s_scalbn.c.obj                 272     0         0      
       fd_cmp_t2.asm.obj              268     0         0      
       ctype.c.obj                    0       257       0      
       fd_mul_t2.asm.obj              252     0         0      
       memcpy_t2.asm.obj              156     0         0      
       ull_div_t2.asm.obj             150     0         0      
       vsnprintf.c.obj                136     0         0      
       memset_t2.asm.obj              122     0         0      
       copy_decompress_lzss.c.obj     104     0         0      
       s_frexp.c.obj                  100     0         0      
       sprintf.c.obj                  98      0         0      
       ltoa.c.obj                     84      0         0      
       atoi.c.obj                     76      0         0      
       fd_toi_t2.asm.obj              72      0         0      
       autoinit.c.obj                 68      0         0      
       boot_cortex_m.c.obj            56      0         0      
       i_tofd_t2.asm.obj              46      0         0      
       memccpy.c.obj                  28      0         0      
       strcmp.c.obj                   24      0         0      
       strchr.c.obj                   22      0         0      
       s_copysign.c.obj               20      0         0      
       strcpy.c.obj                   20      0         0      
       strlen.c.obj                   20      0         0      
       copy_zero_init.c.obj           18      0         0      
       wcslen.c.obj                   18      0         0      
       copy_decompress_none.c.obj     14      0         0      
       errno.c.obj                    8       0         4      
       exit.c.obj                     4       0         0      
       pre_init.c.obj                 4       0         0      
       div0.asm.obj                   2       0         0      
    +--+------------------------------+-------+---------+---------+
       Total:                         7873    257       4      
                                                               
       Stack:                         0       0         4096   
       Linker Generated:              0       43        0      
    +--+------------------------------+-------+---------+---------+
       Grand Total:                   10023   928       4184   


LINKER GENERATED COPY TABLES

__TI_cinit_table @ 00002ac8 records: 2, size/record: 8, table size: 16
	.bss: load addr=00002ab8, load size=00000008 bytes, run addr=20001000, run size=00000054 bytes, compression=zero_init
	.data: load addr=00002ac0, load size=00000007 bytes, run addr=20001054, run size=00000004 bytes, compression=lzss


LINKER GENERATED HANDLER TABLE

__TI_handler_table @ 00002aa8 records: 3, size/record: 4, table size: 12
	index: 0, handler: __TI_decompress_lzss
	index: 1, handler: __TI_decompress_none
	index: 2, handler: __TI_zero_init


GLOBAL SYMBOLS: SORTED ALPHABETICALLY BY Name 

address   name                          
-------   ----                          
00002999  C$$EXIT                       
00002977  ResetISR                      
20001000  __STACK_END                   
00001000  __STACK_SIZE                  
20000200  __STACK_TOP                   
00002ac8  __TI_CINIT_Base               
00002ad8  __TI_CINIT_Limit              
00002aa8  __TI_Handler_Table_Base       
00002ab4  __TI_Handler_Table_Limit      
000026e5  __TI_auto_init_nobinit_nopinit
00002489  __TI_decompress_lzss          
00002969  __TI_decompress_none          
ffffffff  __TI_pprof_out_hndl           
0000026d  __TI_printfi                  
ffffffff  __TI_prof_data_size           
ffffffff  __TI_prof_data_start          
00000000  __TI_static_base__            
00002935  __TI_zero_init_nomemset       
00002295  __aeabi_cdcmpeq               
00002295  __aeabi_cdcmple               
0000231b  __aeabi_cdrcmple              
0000269d  __aeabi_d2iz                  
0000151f  __aeabi_dadd                  
00001ac9  __aeabi_ddiv                  
00001e31  __aeabi_dmul                  
00001515  __aeabi_dsub                  
0000298d  __aeabi_errno_addr            
00002851  __aeabi_i2d                   
00000ccb  __aeabi_idiv0                 
00000ccb  __aeabi_ldiv0                 
000023a1  __aeabi_memclr                
000023a1  __aeabi_memclr4               
000023a1  __aeabi_memclr8               
00002163  __aeabi_memcpy                
00002163  __aeabi_memcpy4               
00002163  __aeabi_memcpy8               
000023a3  __aeabi_memset                
000023a3  __aeabi_memset4               
000023a3  __aeabi_memset8               
000021ff  __aeabi_uldivmod              
ffffffff  __binit__                     
ffffffff  __c_args__                    
UNDEFED   __mpu_init                    
20000000  __stack                       
000027e9  _c_int00_noargs               
0000299c  _ctypes_                      
UNDEFED   _system_post_cinit            
00002995  _system_pre_init              
00002999  abort                         
00002651  atoi                          
ffffffff  binit                         
000028f9  copysign                      
000028f9  copysignl                     
20001054  errno                         
000024f1  frexp                         
000024f1  frexpl                        
00000000  g_pfnVectors                  
00001fa9  get_sensor_reading            
00001f2d  init_ADC                      
00002959  lcd_clear                     
00000e65  lcd_gotoLine                  
00000ccd  lcd_init                      
00000ecb  lcd_printf                    
00000d8d  lcd_putc                      
00000dc5  lcd_puts                      
00000fa9  lcd_rotatingBanner            
00000de3  lcd_sendCommand               
00000e21  lcd_sendNibble                
00000e8d  lcd_setCursorPos              
00001d21  ldexp                         
00001d21  ldexpl                        
000025ab  ltoa                          
00001ffd  main                          
0000287f  memccpy                       
00002163  memcpy                        
000023a9  memset                        
00001d21  scalbn                        
00001d21  scalbnl                       
00002729  sprintf                       
000028e3  strchr                        
000028cb  strcmp                        
0000290d  strcpy                        
00002921  strlen                        
00001945  timer_getClock                
000018f9  timer_startClock              
00001893  timer_startTimer              
0000194b  timer_stopClock               
000018e3  timer_stopTimer               
00001869  timer_waitMicros              
00001835  timer_waitMillis              
0000173f  uart_Handler                  
000016cd  uart_init                     
000017b3  uart_receive                  
00001797  uart_sendChar                 
000017d9  uart_sendStr                  
00002769  vsnprintf                     
00002947  wcslen                        


GLOBAL SYMBOLS: SORTED BY Symbol Address 

address   name                          
-------   ----                          
00000000  __TI_static_base__            
00000000  g_pfnVectors                  
0000026d  __TI_printfi                  
00000ccb  __aeabi_idiv0                 
00000ccb  __aeabi_ldiv0                 
00000ccd  lcd_init                      
00000d8d  lcd_putc                      
00000dc5  lcd_puts                      
00000de3  lcd_sendCommand               
00000e21  lcd_sendNibble                
00000e65  lcd_gotoLine                  
00000e8d  lcd_setCursorPos              
00000ecb  lcd_printf                    
00000fa9  lcd_rotatingBanner            
00001000  __STACK_SIZE                  
00001515  __aeabi_dsub                  
0000151f  __aeabi_dadd                  
000016cd  uart_init                     
0000173f  uart_Handler                  
00001797  uart_sendChar                 
000017b3  uart_receive                  
000017d9  uart_sendStr                  
00001835  timer_waitMillis              
00001869  timer_waitMicros              
00001893  timer_startTimer              
000018e3  timer_stopTimer               
000018f9  timer_startClock              
00001945  timer_getClock                
0000194b  timer_stopClock               
00001ac9  __aeabi_ddiv                  
00001d21  ldexp                         
00001d21  ldexpl                        
00001d21  scalbn                        
00001d21  scalbnl                       
00001e31  __aeabi_dmul                  
00001f2d  init_ADC                      
00001fa9  get_sensor_reading            
00001ffd  main                          
00002163  __aeabi_memcpy                
00002163  __aeabi_memcpy4               
00002163  __aeabi_memcpy8               
00002163  memcpy                        
000021ff  __aeabi_uldivmod              
00002295  __aeabi_cdcmpeq               
00002295  __aeabi_cdcmple               
0000231b  __aeabi_cdrcmple              
000023a1  __aeabi_memclr                
000023a1  __aeabi_memclr4               
000023a1  __aeabi_memclr8               
000023a3  __aeabi_memset                
000023a3  __aeabi_memset4               
000023a3  __aeabi_memset8               
000023a9  memset                        
00002489  __TI_decompress_lzss          
000024f1  frexp                         
000024f1  frexpl                        
000025ab  ltoa                          
00002651  atoi                          
0000269d  __aeabi_d2iz                  
000026e5  __TI_auto_init_nobinit_nopinit
00002729  sprintf                       
00002769  vsnprintf                     
000027e9  _c_int00_noargs               
00002851  __aeabi_i2d                   
0000287f  memccpy                       
000028cb  strcmp                        
000028e3  strchr                        
000028f9  copysign                      
000028f9  copysignl                     
0000290d  strcpy                        
00002921  strlen                        
00002935  __TI_zero_init_nomemset       
00002947  wcslen                        
00002959  lcd_clear                     
00002969  __TI_decompress_none          
00002977  ResetISR                      
0000298d  __aeabi_errno_addr            
00002995  _system_pre_init              
00002999  C$$EXIT                       
00002999  abort                         
0000299c  _ctypes_                      
00002aa8  __TI_Handler_Table_Base       
00002ab4  __TI_Handler_Table_Limit      
00002ac8  __TI_CINIT_Base               
00002ad8  __TI_CINIT_Limit              
20000000  __stack                       
20000200  __STACK_TOP                   
20001000  __STACK_END                   
20001054  errno                         
ffffffff  __TI_pprof_out_hndl           
ffffffff  __TI_prof_data_size           
ffffffff  __TI_prof_data_start          
ffffffff  __binit__                     
ffffffff  __c_args__                    
ffffffff  binit                         
UNDEFED   __mpu_init                    
UNDEFED   _system_post_cinit            

[97 symbols]
