******************************************************************************
                  TI ARM Linker PC v18.1.2                     
******************************************************************************
>> Linked Wed Apr 10 19:24:42 2019

OUTPUT FILE NAME:   <Lab9.out>
ENTRY POINT SYMBOL: "_c_int00_noargs"  address: 000051d9


MEMORY CONFIGURATION

         name            origin    length      used     unused   attr    fill
----------------------  --------  ---------  --------  --------  ----  --------
  FLASH                 00000000   00040000  000057d0  0003a830  R  X
  SRAM                  20000000   00008000  00002304  00005cfc  RW X


SEGMENT ALLOCATION MAP

run origin  load origin   length   init length attrs members
----------  ----------- ---------- ----------- ----- -------
00000000    00000000    000057d8   000057d8    r-x
  00000000    00000000    0000026c   0000026c    r-- .intvecs
  0000026c    0000026c    000051f8   000051f8    r-x .text
  00005468    00005468    00000314   00000314    r-- .const
  00005780    00005780    00000058   00000058    r-- .cinit
20000000    20000000    00002308   00000000    rw-
  20000000    20000000    0000026c   00000000    rw- .vtable
  20000270    20000270    00001000   00000000    rw- .stack
  20001270    20001270    00001000   00000000    rw- .sysmem
  20002270    20002270    00000078   00000000    rw- .bss
  200022e8    200022e8    00000020   00000000    rw- .data


SECTION ALLOCATION MAP

 output                                  attributes/
section   page    origin      length       input sections
--------  ----  ----------  ----------   ----------------
.intvecs   0    00000000    0000026c     
                  00000000    0000026c     tm4c123gh6pm_startup_ccs.obj (.intvecs)

.text      0    0000026c    000051f8     
                  0000026c    00000a5e     rtsv7M4_T_le_v4SPD16_eabi.lib : _printfi.c.obj (.text:__TI_printfi)
                  00000cca    00000002                                   : _lock.c.obj (.text:_nop)
                  00000ccc    000009c0                                   : e_pow.c.obj (.text:pow)
                  0000168c    00000738                                   : k_rem_pio2.c.obj (.text:__kernel_rem_pio2)
                  00001dc4    0000065c     main.obj (.text)
                  00002420    00000508     rtsv7M4_T_le_v4SPD16_eabi.lib : s_tan.c.obj (.text:tan)
                  00002928    00000408     lcd.obj (.text)
                  00002d30    00000318     rtsv7M4_T_le_v4SPD16_eabi.lib : k_tan.c.obj (.text:__kernel_tan)
                  00003048    00000270                                   : _printfi.c.obj (.text:_pconv_a)
                  000032b8    00000240     cyBot_Sonar.lib : sonar.obj (.text)
                  000034f8    000001d0     rtsv7M4_T_le_v4SPD16_eabi.lib : _printfi.c.obj (.text:_pconv_g)
                  000036c8    000001b6                                   : fd_add_t2.asm.obj (.text)
                  0000387e    00000002                                   : div0.asm.obj (.text)
                  00003880    00000168     uart.obj (.text)
                  000039e8    00000158     rtsv7M4_T_le_v4SPD16_eabi.lib : e_sqrt.c.obj (.text:sqrt)
                  00003b40    00000158     timer.obj (.text)
                  00003c98    0000013c     rtsv7M4_T_le_v4SPD16_eabi.lib : _printfi.c.obj (.text:_pconv_e)
                  00003dd4    0000013c     adc.obj (.text)
                  00003f10    00000136     rtsv7M4_T_le_v4SPD16_eabi.lib : fd_div_t2.asm.obj (.text)
                  00004046    00000002     --HOLE-- [fill = 0]
                  00004048    00000134                                   : vla_alloc.c.obj (.text:__vla_alloc)
                  0000417c    00000128     servo.obj (.text)
                  000042a4    00000120     rtsv7M4_T_le_v4SPD16_eabi.lib : _printfi.c.obj (.text:fcvt)
                  000043c4    00000114                                   : memory.c.obj (.text:realloc)
                  000044d8    00000110                                   : s_scalbn.c.obj (.text:scalbn)
                  000045e8    000000fc                                   : fd_mul_t2.asm.obj (.text)
                  000046e4    000000f8                                   : s_floor.c.obj (.text:floor)
                  000047dc    000000d8                                   : memory.c.obj (.text:free)
                  000048b4    000000b1                                   : _printfi.c.obj (.text:_ltostr)
                  00004965    00000001     --HOLE-- [fill = 0]
                  00004966    0000009c                                   : memcpy_t2.asm.obj (.text)
                  00004a02    00000096                                   : ull_div_t2.asm.obj (.text)
                  00004a98    00000086                                   : fd_cmp_t2.asm.obj (.text:__aeabi_cdcmple)
                  00004b1e    00000086                                   : fd_cmp_t2.asm.obj (.text:__aeabi_cdrcmple)
                  00004ba4    0000007a                                   : memset_t2.asm.obj (.text)
                  00004c1e    00000002     --HOLE-- [fill = 0]
                  00004c20    00000078                                   : vla_alloc.c.obj (.text:_ZN33_INTERNAL_11_vla_alloc_c_be8bd49b21free_dead_allocationsEPv)
                  00004c98    00000078                                   : vla_alloc.c.obj (.text:__vla_dealloc)
                  00004d10    00000078                                   : memory.c.obj (.text:malloc)
                  00004d88    0000006e                                   : _printfi.c.obj (.text:_mcpy)
                  00004df6    00000068                                   : copy_decompress_lzss.c.obj (.text:decompress:lzss:__TI_decompress_lzss)
                  00004e5e    00000002     --HOLE-- [fill = 0]
                  00004e60    00000064                                   : s_frexp.c.obj (.text:frexp)
                  00004ec4    00000056                                   : _printfi.c.obj (.text:_pconv_f)
                  00004f1a    00000054                                   : ltoa.c.obj (.text:ltoa)
                  00004f6e    00000052                                   : _printfi.c.obj (.text:_ecpy)
                  00004fc0    0000004c                                   : atoi.c.obj (.text:atoi)
                  0000500c    00000048                                   : fd_toi_t2.asm.obj (.text)
                  00005054    00000044                                   : autoinit.c.obj (.text:__TI_auto_init_nobinit_nopinit:__TI_auto_init_nobinit_nopinit)
                  00005098    00000044                                   : fd_tou_t2.asm.obj (.text)
                  000050dc    00000040                                   : sprintf.c.obj (.text:sprintf)
                  0000511c    00000040                                   : vsnprintf.c.obj (.text:vsnprintf)
                  0000515c    0000003e                                   : _printfi.c.obj (.text:_fcpy)
                  0000519a    00000002     --HOLE-- [fill = 0]
                  0000519c    0000003c                                   : memory.c.obj (.text:minsert)
                  000051d8    00000038                                   : boot_cortex_m.c.obj (.text:_c_int00_noargs:_c_int00_noargs)
                  00005210    00000038                                   : memory.c.obj (.text:minit)
                  00005248    00000034     driverlib.lib : interrupt.obj (.text:IntRegister)
                  0000527c    00000030     rtsv7M4_T_le_v4SPD16_eabi.lib : vsnprintf.c.obj (.text:_outs)
                  000052ac    0000002e                                   : i_tofd_t2.asm.obj (.text)
                  000052da    00000002     --HOLE-- [fill = 0]
                  000052dc    00000028                                   : memory.c.obj (.text:mremove)
                  00005304    00000020                                   : u_tofd_t2.asm.obj (.text)
                  00005324    0000001c                                   : memccpy.c.obj (.text:memccpy)
                  00005340    00000018                                   : vsnprintf.c.obj (.text:_outc)
                  00005358    00000018                                   : sprintf.c.obj (.text:_outs)
                  00005370    00000018                                   : strcmp.c.obj (.text:strcmp)
                  00005388    00000016                                   : strchr.c.obj (.text:strchr)
                  0000539e    00000014                                   : s_copysign.c.obj (.text:copysign)
                  000053b2    00000014                                   : strcpy.c.obj (.text:strcpy)
                  000053c6    00000014                                   : strlen.c.obj (.text:strlen)
                  000053da    00000012                                   : copy_zero_init.c.obj (.text:decompress:ZI:__TI_zero_init_nomemset:__TI_zero_init_nomemset)
                  000053ec    00000012                                   : wcslen.c.obj (.text:wcslen)
                  000053fe    00000010     driverlib.lib : interrupt.obj (.text:IntMasterEnable)
                  0000540e    00000010     lcd.obj (.text:lcd_clear)
                  0000541e    0000000e     rtsv7M4_T_le_v4SPD16_eabi.lib : copy_decompress_none.c.obj (.text:decompress:none:__TI_decompress_none)
                  0000542c    0000000c     driverlib.lib : cpu.obj (.text:CPUcpsie)
                  00005438    0000000c     tm4c123gh6pm_startup_ccs.obj (.text)
                  00005444    0000000a     rtsv7M4_T_le_v4SPD16_eabi.lib : sprintf.c.obj (.text:_outc)
                  0000544e    00000002     --HOLE-- [fill = 0]
                  00005450    00000008                                   : errno.c.obj (.text:__aeabi_errno_addr)
                  00005458    00000004                                   : error.c.obj (.text:__abort_execution)
                  0000545c    00000004                                   : pre_init.c.obj (.text:_system_pre_init)
                  00005460    00000004                                   : exit.c.obj (.text:abort:abort)

.const     0    00005468    00000314     
                  00005468    00000158     rtsv7M4_T_le_v4SPD16_eabi.lib : k_rem_pio2.c.obj (.const:$O1$$)
                  000055c0    00000101                                   : ctype.c.obj (.const:.string:_ctypes_)
                  000056c1    00000004     lcd.obj (.const:.string:lineAddress$1)
                  000056c5    00000003     --HOLE-- [fill = 0]
                  000056c8    00000080     rtsv7M4_T_le_v4SPD16_eabi.lib : k_tan.c.obj (.const:xxx)
                  00005748    00000030                                   : e_pow.c.obj (.const:$O1$$)
                  00005778    00000004     lcd.obj (.const:.string:lineAddresses$2)

.cinit     0    00005780    00000058     
                  00005780    0000001e     (.cinit..data.load) [load image, compression = lzss]
                  0000579e    00000002     --HOLE-- [fill = 0]
                  000057a0    0000000c     (__TI_handler_table)
                  000057ac    00000004     --HOLE-- [fill = 0]
                  000057b0    00000008     (.cinit..bss.load) [load image, compression = zero_init]
                  000057b8    00000008     (.cinit..vtable.load) [load image, compression = zero_init]
                  000057c0    00000018     (__TI_cinit_table)

.init_array 
*          0    00000000    00000000     UNINITIALIZED

.vtable    0    20000000    0000026c     UNINITIALIZED
                  20000000    0000026c     driverlib.lib : interrupt.obj (.vtable)

.stack     0    20000270    00001000     UNINITIALIZED
                  20000270    00000004     rtsv7M4_T_le_v4SPD16_eabi.lib : boot_cortex_m.c.obj (.stack)
                  20000274    00000ffc     --HOLE--

.sysmem    0    20001270    00001000     UNINITIALIZED
                  20001270    00000008     rtsv7M4_T_le_v4SPD16_eabi.lib : memory.c.obj (.sysmem)
                  20001278    00000ff8     --HOLE--

.bss       0    20002270    00000078     UNINITIALIZED
                  20002270    00000054     lcd.obj (.bss:lastbuffer$3)
                  200022c4    0000001c     rtsv7M4_T_le_v4SPD16_eabi.lib : vla_alloc.c.obj (.bss:$O1$$)
                  200022e0    00000004     (.common:falling_time)
                  200022e4    00000004     (.common:rising_time)

.data      0    200022e8    00000020     UNINITIALIZED
                  200022e8    0000000c     rtsv7M4_T_le_v4SPD16_eabi.lib : memory.c.obj (.data:$O1$$)
                  200022f4    00000008                                   : _lock.c.obj (.data:$O1$$)
                  200022fc    00000008     cyBot_Sonar.lib : sonar.obj (.data)
                  20002304    00000004     rtsv7M4_T_le_v4SPD16_eabi.lib : errno.c.obj (.data)

MODULE SUMMARY

       Module                         code    ro data   rw data
       ------                         ----    -------   -------
    .\
       main.obj                       1628    0         0      
       lcd.obj                        1048    8         84     
       tm4c123gh6pm_startup_ccs.obj   12      620       0      
       uart.obj                       360     0         0      
       timer.obj                      344     0         0      
       adc.obj                        316     0         0      
       servo.obj                      296     0         0      
    +--+------------------------------+-------+---------+---------+
       Total:                         4004    628       84     
                                                               
    ../cyBot_Sonar.lib
       sonar.obj                      576     0         16     
    +--+------------------------------+-------+---------+---------+
       Total:                         576     0         16     
                                                               
    C:/ti/TivaWare_C_Series-2.1.4.178/driverlib/ccs/Debug/driverlib.lib
       interrupt.obj                  68      0         620    
       cpu.obj                        12      0         0      
    +--+------------------------------+-------+---------+---------+
       Total:                         80      0         620    
                                                               
    C:\ti\ccsv8\tools\compiler\ti-cgt-arm_18.1.2.LTS\lib\rtsv7M4_T_le_v4SPD16_eabi.lib
       _printfi.c.obj                 4863    0         0      
       e_pow.c.obj                    2496    48        0      
       k_rem_pio2.c.obj               1848    344       0      
       s_tan.c.obj                    1288    0         0      
       k_tan.c.obj                    792     128       0      
       memory.c.obj                   768     0         12     
       vla_alloc.c.obj                548     0         28     
       fd_add_t2.asm.obj              438     0         0      
       e_sqrt.c.obj                   344     0         0      
       fd_div_t2.asm.obj              310     0         0      
       s_scalbn.c.obj                 272     0         0      
       fd_cmp_t2.asm.obj              268     0         0      
       ctype.c.obj                    0       257       0      
       fd_mul_t2.asm.obj              252     0         0      
       s_floor.c.obj                  248     0         0      
       memcpy_t2.asm.obj              156     0         0      
       ull_div_t2.asm.obj             150     0         0      
       vsnprintf.c.obj                136     0         0      
       memset_t2.asm.obj              122     0         0      
       copy_decompress_lzss.c.obj     104     0         0      
       s_frexp.c.obj                  100     0         0      
       sprintf.c.obj                  98      0         0      
       ltoa.c.obj                     84      0         0      
       atoi.c.obj                     76      0         0      
       fd_toi_t2.asm.obj              72      0         0      
       autoinit.c.obj                 68      0         0      
       fd_tou_t2.asm.obj              68      0         0      
       boot_cortex_m.c.obj            56      0         0      
       i_tofd_t2.asm.obj              46      0         0      
       u_tofd_t2.asm.obj              32      0         0      
       memccpy.c.obj                  28      0         0      
       strcmp.c.obj                   24      0         0      
       strchr.c.obj                   22      0         0      
       s_copysign.c.obj               20      0         0      
       strcpy.c.obj                   20      0         0      
       strlen.c.obj                   20      0         0      
       copy_zero_init.c.obj           18      0         0      
       wcslen.c.obj                   18      0         0      
       copy_decompress_none.c.obj     14      0         0      
       errno.c.obj                    8       0         4      
       _lock.c.obj                    2       0         8      
       error.c.obj                    4       0         0      
       exit.c.obj                     4       0         0      
       pre_init.c.obj                 4       0         0      
       div0.asm.obj                   2       0         0      
    +--+------------------------------+-------+---------+---------+
       Total:                         16311   777       52     
                                                               
       Heap:                          0       0         4096   
       Stack:                         0       0         4096   
       Linker Generated:              0       82        0      
    +--+------------------------------+-------+---------+---------+
       Grand Total:                   20971   1487      8964   


LINKER GENERATED COPY TABLES

__TI_cinit_table @ 000057c0 records: 3, size/record: 8, table size: 24
	.data: load addr=00005780, load size=0000001e bytes, run addr=200022e8, run size=00000020 bytes, compression=lzss
	.bss: load addr=000057b0, load size=00000008 bytes, run addr=20002270, run size=00000078 bytes, compression=zero_init
	.vtable: load addr=000057b8, load size=00000008 bytes, run addr=20000000, run size=0000026c bytes, compression=zero_init


LINKER GENERATED HANDLER TABLE

__TI_handler_table @ 000057a0 records: 3, size/record: 4, table size: 12
	index: 0, handler: __TI_zero_init
	index: 1, handler: __TI_decompress_lzss
	index: 2, handler: __TI_decompress_none


GLOBAL SYMBOLS: SORTED ALPHABETICALLY BY Name 

address   name                          
-------   ----                          
00005461  C$$EXIT                       
0000542d  CPUcpsie                      
000053ff  IntMasterEnable               
00005249  IntRegister                   
00005439  ResetISR                      
0000343d  TIMER3B_Handler               
000032b9  TIMER3B_init                  
20001270  __STACK_END                   
00001000  __STACK_SIZE                  
20000470  __STACK_TOP                   
00001000  __SYSMEM_SIZE                 
000057c0  __TI_CINIT_Base               
000057d8  __TI_CINIT_Limit              
000057a0  __TI_Handler_Table_Base       
000057ac  __TI_Handler_Table_Limit      
00005055  __TI_auto_init_nobinit_nopinit
00004df7  __TI_decompress_lzss          
0000541f  __TI_decompress_none          
ffffffff  __TI_pprof_out_hndl           
0000026d  __TI_printfi                  
ffffffff  __TI_prof_data_size           
ffffffff  __TI_prof_data_start          
00000000  __TI_static_base__            
000053db  __TI_zero_init_nomemset       
00005459  __abort_execution             
00004a99  __aeabi_cdcmpeq               
00004a99  __aeabi_cdcmple               
00004b1f  __aeabi_cdrcmple              
0000500d  __aeabi_d2iz                  
00005099  __aeabi_d2uiz                 
000036d3  __aeabi_dadd                  
00003f11  __aeabi_ddiv                  
000045e9  __aeabi_dmul                  
000036c9  __aeabi_dsub                  
00005451  __aeabi_errno_addr            
000052ad  __aeabi_i2d                   
0000387f  __aeabi_idiv0                 
0000387f  __aeabi_ldiv0                 
00004ba5  __aeabi_memclr                
00004ba5  __aeabi_memclr4               
00004ba5  __aeabi_memclr8               
00004967  __aeabi_memcpy                
00004967  __aeabi_memcpy4               
00004967  __aeabi_memcpy8               
00004ba7  __aeabi_memset                
00004ba7  __aeabi_memset4               
00004ba7  __aeabi_memset8               
00005305  __aeabi_ui2d                  
00004a03  __aeabi_uldivmod              
ffffffff  __binit__                     
ffffffff  __c_args__                    
0000168d  __kernel_rem_pio2             
00002d31  __kernel_tan                  
UNDEFED   __mpu_init                    
20000270  __stack                       
00004049  __vla_alloc                   
00004c99  __vla_dealloc                 
000051d9  _c_int00_noargs               
000055c0  _ctypes_                      
200022f4  _lock                         
00000ccb  _nop                          
20001270  _sys_memory                   
UNDEFED   _system_post_cinit            
0000545d  _system_pre_init              
200022f8  _unlock                       
00005461  abort                         
00004fc1  atoi                          
00003e6b  average_sensor_reading        
ffffffff  binit                         
0000539f  copysign                      
0000539f  copysignl                     
20002304  errno                         
200022e0  falling_time                  
000046e5  floor                         
000046e5  floorl                        
000047dd  free                          
00004e61  frexp                         
00004e61  frexpl                        
20000000  g_pfnRAMVectors               
00000000  g_pfnVectors                  
00003e51  get_sensor_reading            
00003dd5  init_ADC                      
0000540f  lcd_clear                     
00002ac1  lcd_gotoLine                  
00002929  lcd_init                      
00002b27  lcd_printf                    
000029e9  lcd_putc                      
00002a21  lcd_puts                      
00002c05  lcd_rotatingBanner            
00002a3f  lcd_sendCommand               
00002a7d  lcd_sendNibble                
00002ae9  lcd_setCursorPos              
000044d9  ldexp                         
000044d9  ldexpl                        
00004f1b  ltoa                          
00001dc5  main                          
00004d11  malloc                        
00005325  memccpy                       
00004967  memcpy                        
00004bad  memset                        
00005211  minit                         
20002300  overflows                     
000033c3  ping_read                     
00000ccd  pow                           
00000ccd  powl                          
000043c5  realloc                       
200022e4  rising_time                   
000044d9  scalbn                        
000044d9  scalbnl                       
00003353  send_pulse                    
0000417d  servo_init                    
0000420f  servo_move                    
0000347d  sonar_init                    
000050dd  sprintf                       
000039e9  sqrt                          
000039e9  sqrtl                         
200022fc  state                         
00005389  strchr                        
00005371  strcmp                        
000053b3  strcpy                        
000053c7  strlen                        
00002421  tan                           
00002421  tanl                          
00003425  time2dist                     
00003c51  timer_getClock                
00003c05  timer_startClock              
00003b9f  timer_startTimer              
00003c57  timer_stopClock               
00003bef  timer_stopTimer               
00003b75  timer_waitMicros              
00003b41  timer_waitMillis              
000038f3  uart_Handler                  
00003881  uart_init                     
00003967  uart_receive                  
0000394b  uart_sendChar                 
0000398d  uart_sendStr                  
0000511d  vsnprintf                     
000053ed  wcslen                        


GLOBAL SYMBOLS: SORTED BY Symbol Address 

address   name                          
-------   ----                          
00000000  __TI_static_base__            
00000000  g_pfnVectors                  
0000026d  __TI_printfi                  
00000ccb  _nop                          
00000ccd  pow                           
00000ccd  powl                          
00001000  __STACK_SIZE                  
00001000  __SYSMEM_SIZE                 
0000168d  __kernel_rem_pio2             
00001dc5  main                          
00002421  tan                           
00002421  tanl                          
00002929  lcd_init                      
000029e9  lcd_putc                      
00002a21  lcd_puts                      
00002a3f  lcd_sendCommand               
00002a7d  lcd_sendNibble                
00002ac1  lcd_gotoLine                  
00002ae9  lcd_setCursorPos              
00002b27  lcd_printf                    
00002c05  lcd_rotatingBanner            
00002d31  __kernel_tan                  
000032b9  TIMER3B_init                  
00003353  send_pulse                    
000033c3  ping_read                     
00003425  time2dist                     
0000343d  TIMER3B_Handler               
0000347d  sonar_init                    
000036c9  __aeabi_dsub                  
000036d3  __aeabi_dadd                  
0000387f  __aeabi_idiv0                 
0000387f  __aeabi_ldiv0                 
00003881  uart_init                     
000038f3  uart_Handler                  
0000394b  uart_sendChar                 
00003967  uart_receive                  
0000398d  uart_sendStr                  
000039e9  sqrt                          
000039e9  sqrtl                         
00003b41  timer_waitMillis              
00003b75  timer_waitMicros              
00003b9f  timer_startTimer              
00003bef  timer_stopTimer               
00003c05  timer_startClock              
00003c51  timer_getClock                
00003c57  timer_stopClock               
00003dd5  init_ADC                      
00003e51  get_sensor_reading            
00003e6b  average_sensor_reading        
00003f11  __aeabi_ddiv                  
00004049  __vla_alloc                   
0000417d  servo_init                    
0000420f  servo_move                    
000043c5  realloc                       
000044d9  ldexp                         
000044d9  ldexpl                        
000044d9  scalbn                        
000044d9  scalbnl                       
000045e9  __aeabi_dmul                  
000046e5  floor                         
000046e5  floorl                        
000047dd  free                          
00004967  __aeabi_memcpy                
00004967  __aeabi_memcpy4               
00004967  __aeabi_memcpy8               
00004967  memcpy                        
00004a03  __aeabi_uldivmod              
00004a99  __aeabi_cdcmpeq               
00004a99  __aeabi_cdcmple               
00004b1f  __aeabi_cdrcmple              
00004ba5  __aeabi_memclr                
00004ba5  __aeabi_memclr4               
00004ba5  __aeabi_memclr8               
00004ba7  __aeabi_memset                
00004ba7  __aeabi_memset4               
00004ba7  __aeabi_memset8               
00004bad  memset                        
00004c99  __vla_dealloc                 
00004d11  malloc                        
00004df7  __TI_decompress_lzss          
00004e61  frexp                         
00004e61  frexpl                        
00004f1b  ltoa                          
00004fc1  atoi                          
0000500d  __aeabi_d2iz                  
00005055  __TI_auto_init_nobinit_nopinit
00005099  __aeabi_d2uiz                 
000050dd  sprintf                       
0000511d  vsnprintf                     
000051d9  _c_int00_noargs               
00005211  minit                         
00005249  IntRegister                   
000052ad  __aeabi_i2d                   
00005305  __aeabi_ui2d                  
00005325  memccpy                       
00005371  strcmp                        
00005389  strchr                        
0000539f  copysign                      
0000539f  copysignl                     
000053b3  strcpy                        
000053c7  strlen                        
000053db  __TI_zero_init_nomemset       
000053ed  wcslen                        
000053ff  IntMasterEnable               
0000540f  lcd_clear                     
0000541f  __TI_decompress_none          
0000542d  CPUcpsie                      
00005439  ResetISR                      
00005451  __aeabi_errno_addr            
00005459  __abort_execution             
0000545d  _system_pre_init              
00005461  C$$EXIT                       
00005461  abort                         
000055c0  _ctypes_                      
000057a0  __TI_Handler_Table_Base       
000057ac  __TI_Handler_Table_Limit      
000057c0  __TI_CINIT_Base               
000057d8  __TI_CINIT_Limit              
20000000  g_pfnRAMVectors               
20000270  __stack                       
20000470  __STACK_TOP                   
20001270  __STACK_END                   
20001270  _sys_memory                   
200022e0  falling_time                  
200022e4  rising_time                   
200022f4  _lock                         
200022f8  _unlock                       
200022fc  state                         
20002300  overflows                     
20002304  errno                         
ffffffff  __TI_pprof_out_hndl           
ffffffff  __TI_prof_data_size           
ffffffff  __TI_prof_data_start          
ffffffff  __binit__                     
ffffffff  __c_args__                    
ffffffff  binit                         
UNDEFED   __mpu_init                    
UNDEFED   _system_post_cinit            

[138 symbols]
